Archive member included to satisfy reference by file (symbol)

C:/Users/PSM-Admin/anaconda3/envs/spansil/Library/mingw-w64/bin/../lib/gcc/x86_64-w64-mingw32/5.3.0/../../../../x86_64-w64-mingw32/lib/../lib/libmingw32.a(lib64_libmingw32_a-atonexit.o)
                              C:/Users/PSM-Admin/anaconda3/envs/spansil/Library/mingw-w64/bin/../lib/gcc/x86_64-w64-mingw32/5.3.0/crtbegin.o (atexit)
C:/Users/PSM-Admin/anaconda3/envs/spansil/Library/mingw-w64/bin/../lib/gcc/x86_64-w64-mingw32/5.3.0/../../../../x86_64-w64-mingw32/lib/../lib/libmingw32.a(lib64_libmingw32_a-gccmain.o)
                              C:/Users/PSM-Admin/anaconda3/envs/spansil/Library/mingw-w64/bin/../lib/gcc/x86_64-w64-mingw32/5.3.0/../../../../x86_64-w64-mingw32/lib/../lib/crt2.o (__main)
C:/Users/PSM-Admin/anaconda3/envs/spansil/Library/mingw-w64/bin/../lib/gcc/x86_64-w64-mingw32/5.3.0/../../../../x86_64-w64-mingw32/lib/../lib/libmingw32.a(lib64_libmingw32_a-natstart.o)
                              C:/Users/PSM-Admin/anaconda3/envs/spansil/Library/mingw-w64/bin/../lib/gcc/x86_64-w64-mingw32/5.3.0/../../../../x86_64-w64-mingw32/lib/../lib/crt2.o (__native_startup_lock)
C:/Users/PSM-Admin/anaconda3/envs/spansil/Library/mingw-w64/bin/../lib/gcc/x86_64-w64-mingw32/5.3.0/../../../../x86_64-w64-mingw32/lib/../lib/libmingw32.a(lib64_libmingw32_a-wildcard.o)
                              C:/Users/PSM-Admin/anaconda3/envs/spansil/Library/mingw-w64/bin/../lib/gcc/x86_64-w64-mingw32/5.3.0/../../../../x86_64-w64-mingw32/lib/../lib/crt2.o (_dowildcard)
C:/Users/PSM-Admin/anaconda3/envs/spansil/Library/mingw-w64/bin/../lib/gcc/x86_64-w64-mingw32/5.3.0/../../../../x86_64-w64-mingw32/lib/../lib/libmingw32.a(lib64_libmingw32_a-charmax.o)
                              C:/Users/PSM-Admin/anaconda3/envs/spansil/Library/mingw-w64/bin/../lib/gcc/x86_64-w64-mingw32/5.3.0/../../../../x86_64-w64-mingw32/lib/../lib/crt2.o (mingw_initcharmax)
C:/Users/PSM-Admin/anaconda3/envs/spansil/Library/mingw-w64/bin/../lib/gcc/x86_64-w64-mingw32/5.3.0/../../../../x86_64-w64-mingw32/lib/../lib/libmingw32.a(lib64_libmingw32_a-dllargv.o)
                              C:/Users/PSM-Admin/anaconda3/envs/spansil/Library/mingw-w64/bin/../lib/gcc/x86_64-w64-mingw32/5.3.0/../../../../x86_64-w64-mingw32/lib/../lib/crt2.o (_setargv)
C:/Users/PSM-Admin/anaconda3/envs/spansil/Library/mingw-w64/bin/../lib/gcc/x86_64-w64-mingw32/5.3.0/../../../../x86_64-w64-mingw32/lib/../lib/libmingw32.a(lib64_libmingw32_a-gs_support.o)
                              C:/Users/PSM-Admin/anaconda3/envs/spansil/Library/mingw-w64/bin/../lib/gcc/x86_64-w64-mingw32/5.3.0/../../../../x86_64-w64-mingw32/lib/../lib/crt2.o (__security_init_cookie)
C:/Users/PSM-Admin/anaconda3/envs/spansil/Library/mingw-w64/bin/../lib/gcc/x86_64-w64-mingw32/5.3.0/../../../../x86_64-w64-mingw32/lib/../lib/libmingw32.a(lib64_libmingw32_a-_newmode.o)
                              C:/Users/PSM-Admin/anaconda3/envs/spansil/Library/mingw-w64/bin/../lib/gcc/x86_64-w64-mingw32/5.3.0/../../../../x86_64-w64-mingw32/lib/../lib/crt2.o (_newmode)
C:/Users/PSM-Admin/anaconda3/envs/spansil/Library/mingw-w64/bin/../lib/gcc/x86_64-w64-mingw32/5.3.0/../../../../x86_64-w64-mingw32/lib/../lib/libmingw32.a(lib64_libmingw32_a-tlssup.o)
                              C:/Users/PSM-Admin/anaconda3/envs/spansil/Library/mingw-w64/bin/../lib/gcc/x86_64-w64-mingw32/5.3.0/../../../../x86_64-w64-mingw32/lib/../lib/crt2.o (mingw_initltssuo_force)
C:/Users/PSM-Admin/anaconda3/envs/spansil/Library/mingw-w64/bin/../lib/gcc/x86_64-w64-mingw32/5.3.0/../../../../x86_64-w64-mingw32/lib/../lib/libmingw32.a(lib64_libmingw32_a-cinitexe.o)
                              C:/Users/PSM-Admin/anaconda3/envs/spansil/Library/mingw-w64/bin/../lib/gcc/x86_64-w64-mingw32/5.3.0/../../../../x86_64-w64-mingw32/lib/../lib/crt2.o (__xc_z)
C:/Users/PSM-Admin/anaconda3/envs/spansil/Library/mingw-w64/bin/../lib/gcc/x86_64-w64-mingw32/5.3.0/../../../../x86_64-w64-mingw32/lib/../lib/libmingw32.a(lib64_libmingw32_a-merr.o)
                              C:/Users/PSM-Admin/anaconda3/envs/spansil/Library/mingw-w64/bin/../lib/gcc/x86_64-w64-mingw32/5.3.0/../../../../x86_64-w64-mingw32/lib/../lib/crt2.o (__mingw_setusermatherr)
C:/Users/PSM-Admin/anaconda3/envs/spansil/Library/mingw-w64/bin/../lib/gcc/x86_64-w64-mingw32/5.3.0/../../../../x86_64-w64-mingw32/lib/../lib/libmingw32.a(lib64_libmingw32_a-CRT_fp10.o)
                              C:/Users/PSM-Admin/anaconda3/envs/spansil/Library/mingw-w64/bin/../lib/gcc/x86_64-w64-mingw32/5.3.0/../../../../x86_64-w64-mingw32/lib/../lib/crt2.o (_fpreset)
C:/Users/PSM-Admin/anaconda3/envs/spansil/Library/mingw-w64/bin/../lib/gcc/x86_64-w64-mingw32/5.3.0/../../../../x86_64-w64-mingw32/lib/../lib/libmingw32.a(lib64_libmingw32_a-mingw_helpers.o)
[...]
Memory Configuration

Name             Origin             Length             Attributes
*default*        0x0000000000000000 0xffffffffffffffff

Linker script and memory map

                0x0000000000400000                __image_base__ = 0x400000
                0x0000000000000000                __dll__ = 0x0
                0x0000000000400000                __ImageBase = 0x400000
                0x0000000000001000                __section_alignment__ = 0x1000
                0x0000000000000200                __file_alignment__ = 0x200
                0x0000000000000004                __major_os_version__ = 0x4
                0x0000000000000000                __minor_os_version__ = 0x0
                0x0000000000000000                __major_image_version__ = 0x0
                0x0000000000000000                __minor_image_version__ = 0x0
                0x0000000000000005                __major_subsystem_version__ = 0x5
                0x0000000000000002                __minor_subsystem_version__ = 0x2
                0x0000000000000003                __subsystem__ = 0x3
                0x0000000000200000                __size_of_stack_reserve__ = 0x200000
                0x0000000000001000                __size_of_stack_commit__ = 0x1000
                0x0000000000100000                __size_of_heap_reserve__ = 0x100000
                0x0000000000001000                __size_of_heap_commit__ = 0x1000
                0x0000000000000000                __loader_flags__ = 0x0
                0x0000000000000000                __dll_characteristics__ = 0x0
LOAD C:/Users/PSM-Admin/anaconda3/envs/spansil/Library/mingw-w64/bin/../lib/gcc/x86_64-w64-mingw32/5.3.0/../../../../x86_64-w64-mingw32/lib/../lib/crt2.o
LOAD C:/Users/PSM-Admin/anaconda3/envs/spansil/Library/mingw-w64/bin/../lib/gcc/x86_64-w64-mingw32/5.3.0/crtbegin.o
LOAD WinPort/winmm.dll
LOAD bin/Run-time-stats-utils.o
LOAD bin/code_coverage_additions.o
LOAD bin/main.o
LOAD bin/main_blinky.o
LOAD bin/main_full.o
LOAD bin/recmutex.o
LOAD bin/croutine.o
LOAD bin/event_groups.o
LOAD bin/list.o
LOAD bin/queue.o
LOAD bin/stream_buffer.o
LOAD bin/tasks.o
LOAD bin/timers.o
LOAD bin/trcKernelPort.o
LOAD bin/trcSnapshotRecorder.o
LOAD bin/trcStreamingRecorder.o
LOAD bin/heap_5.o
LOAD bin/port.o
LOAD bin/AbortDelay.o
LOAD bin/BlockQ.o
LOAD bin/EventGroupsDemo.o
LOAD bin/GenQTest.o
LOAD bin/IntSemTest.o
LOAD bin/MessageBufferAMP.o
LOAD bin/MessageBufferDemo.o
LOAD bin/PollQ.o
LOAD bin/QPeek.o
LOAD bin/QueueOverwrite.o
LOAD bin/QueueSet.o
LOAD bin/QueueSetPolling.o
LOAD bin/StaticAllocation.o
LOAD bin/StreamBufferDemo.o
LOAD bin/StreamBufferInterrupt.o
LOAD bin/TaskNotify.o
LOAD bin/TimerDemo.o
LOAD bin/blocktim.o
LOAD bin/countsem.o
LOAD bin/death.o
LOAD bin/dynamic.o
LOAD bin/flop.o
LOAD bin/integer.o
LOAD bin/semtest.o
LOAD C:/Users/PSM-Admin/anaconda3/envs/spansil/Library/mingw-w64/bin/../lib/gcc/x86_64-w64-mingw32/5.3.0/../../../../x86_64-w64-mingw32/lib/../lib/libmingw32.a
LOAD C:/Users/PSM-Admin/anaconda3/envs/spansil/Library/mingw-w64/bin/../lib/gcc/x86_64-w64-mingw32/5.3.0/libgcc.a
LOAD C:/Users/PSM-Admin/anaconda3/envs/spansil/Library/mingw-w64/bin/../lib/gcc/x86_64-w64-mingw32/5.3.0/libgcc_eh.a
LOAD C:/Users/PSM-Admin/anaconda3/envs/spansil/Library/mingw-w64/bin/../lib/gcc/x86_64-w64-mingw32/5.3.0/../../../../x86_64-w64-mingw32/lib/../lib/libmoldname.a
LOAD C:/Users/PSM-Admin/anaconda3/envs/spansil/Library/mingw-w64/bin/../lib/gcc/x86_64-w64-mingw32/5.3.0/../../../../x86_64-w64-mingw32/lib/../lib/libmingwex.a
LOAD C:/Users/PSM-Admin/anaconda3/envs/spansil/Library/mingw-w64/bin/../lib/gcc/x86_64-w64-mingw32/5.3.0/../../../../x86_64-w64-mingw32/lib/../lib/libmsvcrt.a
LOAD C:/Users/PSM-Admin/anaconda3/envs/spansil/Library/mingw-w64/bin/../lib/gcc/x86_64-w64-mingw32/5.3.0/../../../../x86_64-w64-mingw32/lib/../lib/libpthread.dll.a
LOAD C:/Users/PSM-Admin/anaconda3/envs/spansil/Library/mingw-w64/bin/../lib/gcc/x86_64-w64-mingw32/5.3.0/../../../../x86_64-w64-mingw32/lib/../lib/libadvapi32.a
LOAD C:/Users/PSM-Admin/anaconda3/envs/spansil/Library/mingw-w64/bin/../lib/gcc/x86_64-w64-mingw32/5.3.0/../../../../x86_64-w64-mingw32/lib/../lib/libshell32.a
LOAD C:/Users/PSM-Admin/anaconda3/envs/spansil/Library/mingw-w64/bin/../lib/gcc/x86_64-w64-mingw32/5.3.0/../../../../x86_64-w64-mingw32/lib/../lib/libuser32.a
LOAD C:/Users/PSM-Admin/anaconda3/envs/spansil/Library/mingw-w64/bin/../lib/gcc/x86_64-w64-mingw32/5.3.0/../../../../x86_64-w64-mingw32/lib/../lib/libkernel32.a
LOAD C:/Users/PSM-Admin/anaconda3/envs/spansil/Library/mingw-w64/bin/../lib/gcc/x86_64-w64-mingw32/5.3.0/../../../../x86_64-w64-mingw32/lib/../lib/libmingw32.a
LOAD C:/Users/PSM-Admin/anaconda3/envs/spansil/Library/mingw-w64/bin/../lib/gcc/x86_64-w64-mingw32/5.3.0/libgcc.a
LOAD C:/Users/PSM-Admin/anaconda3/envs/spansil/Library/mingw-w64/bin/../lib/gcc/x86_64-w64-mingw32/5.3.0/libgcc_eh.a
LOAD C:/Users/PSM-Admin/anaconda3/envs/spansil/Library/mingw-w64/bin/../lib/gcc/x86_64-w64-mingw32/5.3.0/../../../../x86_64-w64-mingw32/lib/../lib/libmoldname.a
LOAD C:/Users/PSM-Admin/anaconda3/envs/spansil/Library/mingw-w64/bin/../lib/gcc/x86_64-w64-mingw32/5.3.0/../../../../x86_64-w64-mingw32/lib/../lib/libmingwex.a
LOAD C:/Users/PSM-Admin/anaconda3/envs/spansil/Library/mingw-w64/bin/../lib/gcc/x86_64-w64-mingw32/5.3.0/../../../../x86_64-w64-mingw32/lib/../lib/libmsvcrt.a
LOAD C:/Users/PSM-Admin/anaconda3/envs/spansil/Library/mingw-w64/bin/../lib/gcc/x86_64-w64-mingw32/5.3.0/../../../../x86_64-w64-mingw32/lib/../lib/default-manifest.o
LOAD C:/Users/PSM-Admin/anaconda3/envs/spansil/Library/mingw-w64/bin/../lib/gcc/x86_64-w64-mingw32/5.3.0/crtend.o
                0x0000000000000458                . = SIZEOF_HEADERS
                0x0000000000001000                . = ALIGN (__section_alignment__)

.text           0x0000000000401000    0x25200
 *(.init)
 *(.text)
 .text          0x0000000000401000      0x540 C:/Users/PSM-Admin/anaconda3/envs/spansil/Library/mingw-w64/bin/../lib/gcc/x86_64-w64-mingw32/5.3.0/../../../../x86_64-w64-mingw32/lib/../lib/crt2.o
                0x00000000004014e0                WinMainCRTStartup
                0x0000000000401510                mainCRTStartup
 .text          0x0000000000401540       0x80 C:/Users/PSM-Admin/anaconda3/envs/spansil/Library/mingw-w64/bin/../lib/gcc/x86_64-w64-mingw32/5.3.0/crtbegin.o
                0x0000000000401540                .weak._Jv_RegisterClasses.__gcc_register_frame
                0x0000000000401550                __gcc_register_frame
                0x00000000004015b0                __gcc_deregister_frame
 .text          0x00000000004015c0       0xb0 bin/Run-time-stats-utils.o
                0x00000000004015c0                vConfigureTimerForRunTimeStats
                0x0000000000401630                ulGetRunTimeCounterValue
 .text          0x0000000000401670      0x7a0 bin/code_coverage_additions.o
                0x0000000000401680                xRunCodeCoverageTestAdditions
 .text          0x0000000000401e10      0x330 bin/main.o
                0x0000000000401ec0                vApplicationMallocFailedHook
                0x0000000000401f70                vApplicationIdleHook
                0x0000000000401f80                vApplicationStackOverflowHook
                0x0000000000402030                vApplicationTickHook
                0x0000000000402040                vApplicationDaemonTaskStartupHook
                0x0000000000402050                vAssertCalled
                0x0000000000402100                vApplicationGetIdleTaskMemory
                0x0000000000402120                vApplicationGetTimerTaskMemory
 .text          0x0000000000402140      0x1d0 bin/main_blinky.o
                0x0000000000402230                main_blinky
 .text          0x0000000000402310     0x1000 bin/main_full.o
                0x0000000000402c20                main_full
                0x0000000000402e00                vFullDemoIdleFunction
                0x00000000004032a0                vFullDemoTickHookFunction
 .text          0x0000000000403310      0x3a0 bin/recmutex.o
                0x0000000000403540                vStartRecursiveMutexTasks
                0x0000000000403610                xAreRecursiveMutexTasksStillRunning
 .text          0x00000000004036b0        0x0 bin/croutine.o
 .text          0x00000000004036b0      0xcd0 bin/event_groups.o
                0x00000000004036b0                vEventGroupClearBitsCallback
                0x0000000000403780                xEventGroupCreateStatic
                0x00000000004038e0                xEventGroupCreate
                0x00000000004039f0                xEventGroupWaitBits
                0x0000000000403cd0                xEventGroupClearBits
                0x0000000000403d80                xEventGroupClearBitsFromISR
                0x0000000000403de0                xEventGroupGetBitsFromISR
                0x0000000000403df0                xEventGroupSetBits
                0x0000000000403f30                xEventGroupSync
                0x00000000004041b0                vEventGroupSetBitsCallback
                0x00000000004041c0                vEventGroupDelete
                0x00000000004042e0                xEventGroupSetBitsFromISR
                0x0000000000404350                uxEventGroupGetNumber
                0x0000000000404370                vEventGroupSetNumber
 .text          0x0000000000404380       0xf0 bin/list.o
                0x0000000000404380                vListInitialise
                0x00000000004043a0                vListInitialiseItem
                0x00000000004043b0                vListInsertEnd
                0x00000000004043e0                vListInsert
                0x0000000000404430                uxListRemove
 .text          0x0000000000404470     0x3b20 bin/queue.o
                0x0000000000404aa0                xQueueGenericReset
                0x0000000000404b60                xQueueGenericCreateStatic
                0x0000000000404cb0                xQueueGenericCreate
                0x0000000000404d80                xQueueGetMutexHolder
                0x0000000000404db0                xQueueGetMutexHolderFromISR
                0x0000000000404df0                xQueueCreateCountingSemaphoreStatic
                0x0000000000404f40                xQueueCreateCountingSemaphore
                0x0000000000405030                xQueueGenericSend
                0x0000000000405590                xQueueCreateMutex
                0x0000000000405640                xQueueCreateMutexStatic
                0x0000000000405750                xQueueGiveMutexRecursive
                0x0000000000405840                xQueueGenericSendFromISR
                0x0000000000405c00                xQueueGiveFromISR
                0x0000000000405e50                MyWrapper_xQueueGiveFromISR
                0x0000000000406100                xQueueReceive
                0x0000000000406820                xQueueSemaphoreTake
                0x0000000000406cf0                xQueueTakeMutexRecursive
                0x0000000000406d60                xQueuePeek
                0x0000000000407420                xQueueReceiveFromISR
                0x0000000000407650                xQueuePeekFromISR
                0x0000000000407740                uxQueueMessagesWaiting
                0x0000000000407780                uxQueueSpacesAvailable
                0x00000000004077d0                uxQueueMessagesWaitingFromISR
                0x0000000000407810                vQueueDelete
                0x00000000004079b0                uxQueueGetQueueNumber
                0x00000000004079c0                vQueueSetQueueNumber
                0x00000000004079d0                ucQueueGetQueueType
                0x00000000004079e0                xQueueIsQueueEmptyFromISR
                0x0000000000407a20                xQueueIsQueueFullFromISR
                0x0000000000407a60                vQueueAddToRegistry
                0x0000000000407af0                pcQueueGetName
                0x0000000000407b30                vQueueUnregisterQueue
                0x0000000000407b80                vQueueWaitForMessageRestricted
                0x0000000000407bf0                xQueueCreateSet
                0x0000000000407cb0                xQueueAddToSet
                0x0000000000407d10                xQueueRemoveFromSet
                0x0000000000407d60                xQueueSelectFromSet
                0x0000000000407d90                xQueueSelectFromSetFromISR
 .text          0x0000000000407f90     0x2310 bin/stream_buffer.o
                0x0000000000407f90                xStreamBufferGenericCreate
                0x00000000004081c0                xStreamBufferGenericCreateStatic
                0x0000000000408440                vStreamBufferDelete
                0x0000000000408590                xStreamBufferReset
                0x00000000004086f0                xStreamBufferSetTriggerLevel
                0x0000000000408740                xStreamBufferSpacesAvailable
                0x0000000000408790                xStreamBufferBytesAvailable
                0x00000000004087e0                xStreamBufferSend
                0x0000000000408e70                xStreamBufferSendFromISR
                0x0000000000409360                xStreamBufferReceive
                0x0000000000409960                xStreamBufferNextMessageLengthBytes
                0x0000000000409bb0                xStreamBufferReceiveFromISR
                0x000000000040a0e0                xStreamBufferIsEmpty
                0x000000000040a120                xStreamBufferIsFull
                0x000000000040a190                xStreamBufferSendCompletedFromISR
                0x000000000040a200                xStreamBufferReceiveCompletedFromISR
                0x000000000040a270                uxStreamBufferGetStreamBufferNumber
                0x000000000040a280                vStreamBufferSetStreamBufferNumber
                0x000000000040a290                ucStreamBufferGetStreamBufferType
 .text          0x000000000040a2a0     0x4bb0 bin/tasks.o
                0x000000000040a6a0                xTaskCreateStatic
                0x000000000040a8e0                xTaskCreate
                0x000000000040aad0                vTaskDelete
                0x000000000040ae60                eTaskGetState
                0x000000000040af40                uxTaskPriorityGet
                0x000000000040af80                uxTaskPriorityGetFromISR
                0x000000000040afa0                vTaskPrioritySet
                0x000000000040b190                vTaskSuspend
                0x000000000040b490                vTaskResume
                0x000000000040b5e0                xTaskResumeFromISR
                0x000000000040b740                vTaskStartScheduler
                0x000000000040b9c0                vTaskEndScheduler
                0x000000000040b9e0                vTaskSuspendAll
                0x000000000040ba10                xTaskGetTickCount
                0x000000000040ba20                xTaskGetTickCountFromISR
                0x000000000040ba30                uxTaskGetNumberOfTasks
                0x000000000040ba40                pcTaskGetName
                0x000000000040ba90                xTaskGetIdleTaskHandle
                0x000000000040bad0                xTaskIncrementTick
                0x000000000040bd70                xTaskResumeAll
                0x000000000040bf20                vTaskDelayUntil
                0x000000000040c080                vTaskDelay
                0x000000000040c180                xTaskGetHandle
                0x000000000040c930                xTaskCatchUpTicks
                0x000000000040c9a0                xTaskAbortDelay
                0x000000000040cb40                uxTaskGetSystemState
                0x000000000040d220                vTaskSetApplicationTaskTag
                0x000000000040d260                xTaskGetApplicationTaskTag
                0x000000000040d2a0                xTaskGetApplicationTaskTagFromISR
                0x000000000040d2c0                xTaskCallApplicationTaskHook
                0x000000000040d2f0                vTaskSwitchContext
                0x000000000040d440                vTaskPlaceOnEventList
                0x000000000040d550                vTaskPlaceOnUnorderedEventList
                0x000000000040d690                vTaskPlaceOnEventListRestricted
                0x000000000040d760                xTaskRemoveFromEventList
                0x000000000040d860                vTaskRemoveFromUnorderedEventList
                0x000000000040d960                vTaskSetTimeOutState
                0x000000000040d9b0                vTaskInternalSetTimeOutState
                0x000000000040d9d0                xTaskCheckForTimeOut
                0x000000000040dae0                vTaskMissedYield
                0x000000000040daf0                uxTaskGetTaskNumber
                0x000000000040db10                vTaskSetTaskNumber
                0x000000000040db20                vTaskGetInfo
                0x000000000040dce0                uxTaskGetStackHighWaterMark2
                0x000000000040dd10                uxTaskGetStackHighWaterMark
                0x000000000040dd40                xTaskGetCurrentTaskHandle
                0x000000000040dd50                xTaskGetSchedulerState
                0x000000000040dd70                xTaskPriorityInherit
                0x000000000040df10                xTaskPriorityDisinherit
                0x000000000040e0b0                vTaskPriorityDisinheritAfterTimeout
                0x000000000040e250                uxTaskResetEventItemValue
                0x000000000040e280                pvTaskIncrementMutexHeldCount
                0x000000000040e2b0                ulTaskGenericNotifyTake
                0x000000000040e4d0                xTaskGenericNotifyWait
                0x000000000040e6f0                xTaskGenericNotify
                0x000000000040e950                xTaskGenericNotifyFromISR
                0x000000000040ebd0                vTaskGenericNotifyGiveFromISR
                0x000000000040ed70                xTaskGenericNotifyStateClear
                0x000000000040ede0                ulTaskGenericNotifyValueClear
                0x000000000040ee40                ulTaskGetIdleRunTimeCounter
 .text          0x000000000040ee50     0x1240 bin/timers.o
                0x000000000040f3f0                xTimerCreateTimerTask
                0x000000000040f530                xTimerCreate
                0x000000000040f6f0                xTimerCreateStatic
                0x000000000040f8f0                xTimerGenericCommand
                0x000000000040fb80                xTimerGetTimerDaemonTaskHandle
                0x000000000040fbc0                xTimerGetPeriod
                0x000000000040fc00                vTimerSetReloadMode
                0x000000000040fc60                uxTimerGetReloadMode
                0x000000000040fcb0                xTimerGetExpiryTime
                0x000000000040fcf0                pcTimerGetName
                0x000000000040fd30                xTimerIsTimerActive
                0x000000000040fd80                pvTimerGetTimerID
                0x000000000040fdc0                vTimerSetTimerID
                0x000000000040fe00                xTimerPendFunctionCallFromISR
                0x000000000040fea0                xTimerPendFunctionCall
                0x0000000000410070                uxTimerGetTimerNumber
                0x0000000000410080                vTimerSetTimerNumber
 .text          0x0000000000410090      0x780 bin/trcKernelPort.o
                0x0000000000410090                prvTraceGetQueueNumber
                0x00000000004100a0                prvTraceGetQueueType
                0x00000000004100b0                prvTraceGetTaskNumberLow16
                0x00000000004100c0                prvTraceGetTaskNumberHigh16
                0x00000000004100e0                prvTraceSetTaskNumberLow16
                0x0000000000410110                prvTraceSetTaskNumberHigh16
                0x0000000000410140                prvTraceGetQueueNumberLow16
                0x0000000000410150                prvTraceGetQueueNumberHigh16
                0x0000000000410170                prvTraceSetQueueNumberLow16
                0x00000000004101a0                prvTraceSetQueueNumberHigh16
                0x00000000004101d0                prvTraceGetTimerNumberLow16
                0x00000000004101e0                prvTraceGetTimerNumberHigh16
                0x0000000000410200                prvTraceSetTimerNumberLow16
                0x0000000000410230                prvTraceSetTimerNumberHigh16
                0x0000000000410260                prvTraceGetEventGroupNumberLow16
                0x0000000000410270                prvTraceGetEventGroupNumberHigh16
                0x0000000000410290                prvTraceSetEventGroupNumberLow16
                0x00000000004102c0                prvTraceSetEventGroupNumberHigh16
                0x00000000004102f0                prvTraceGetStreamBufferNumberLow16
                0x0000000000410300                prvTraceGetStreamBufferNumberHigh16
                0x0000000000410320                prvTraceSetStreamBufferNumberLow16
                0x0000000000410350                prvTraceSetStreamBufferNumberHigh16
                0x0000000000410380                vTraceSetQueueName
                0x00000000004103a0                vTraceSetSemaphoreName
                0x00000000004103d0                vTraceSetMutexName
                0x0000000000410400                vTraceSetEventGroupName
                0x0000000000410430                vTraceSetStreamBufferName
                0x0000000000410460                vTraceSetMessageBufferName
                0x0000000000410490                prvTraceGetCurrentTaskHandle
                0x00000000004104a0                vTraceEnable
                0x0000000000410500                vTraceInitObjectPropertyTable
                0x0000000000410610                vTraceInitObjectHandleStack
                0x0000000000410730                pszTraceGetErrorNotEnoughHandles
                0x00000000004107f0                prvTraceIsSchedulerSuspended
 .text          0x0000000000410810     0x5f20 bin/trcSnapshotRecorder.o
                0x0000000000411100                vTraceSetStopHook
                0x0000000000411110                vTraceClear
                0x00000000004111b0                vTraceStop
                0x00000000004111e0                xTraceIsRecordingEnabled
                0x0000000000411200                xTraceGetLastError
                0x0000000000411210                vTraceClearError
                0x0000000000411240                xTraceGetTraceBuffer
                0x0000000000411250                uiTraceGetTraceBufferSize
                0x0000000000411260                vTraceInstanceFinishedNext
                0x00000000004113a0                vTraceInstanceFinishedNow
                0x00000000004114e0                xTraceSetISRProperties
                0x0000000000411a40                vTraceStoreISREnd
                0x0000000000411d00                vTracePrint
                0x0000000000411e60                xTraceRegisterString
                0x0000000000411f40                prvTraceSetReadyEventsEnabled
                0x0000000000411f50                prvTraceStoreTaskReady
                0x00000000004121d0                prvTraceStoreLowPower
                0x0000000000412440                vTraceStoreMemMangEvent
                0x0000000000412950                prvTraceStoreObjectNameOnCloseEvent
                0x0000000000412c40                prvTraceSetPriorityProperty
                0x0000000000412e50                prvTraceGetPriorityProperty
                0x0000000000413070                prvTraceSetObjectState
                0x0000000000413280                prvTraceSetTaskInstanceFinished
                0x0000000000413400                prvTraceInitTraceData
                0x0000000000413610                uiIndexOfObject
                0x0000000000413760                prvTraceStoreObjectPropertiesOnCloseEvent
                0x00000000004139e0                prvTraceStoreTaskswitch
                0x0000000000413d80                prvTraceGetObjectHandle
                0x0000000000413f90                prvTraceFreeObjectHandle
                0x0000000000414160                prvMarkObjectAsUsed
                0x0000000000414360                prvTraceSetObjectName
                0x0000000000414630                vTraceSetFrequency
                0x0000000000414640                prvTraceError
                0x00000000004146d0                vTraceStoreISRBegin
                0x00000000004149e0                vTraceStart
                0x0000000000414e20                prvTraceStoreKernelCallWithNumericParamOnly
                0x0000000000415170                uiTraceStart
                0x00000000004155b0                vTraceVPrintF
                0x0000000000415f60                vTracePrintF
                0x0000000000415f90                prvTraceStoreKernelCall
                0x00000000004162a0                prvTraceStoreKernelCallWithParam
                0x00000000004166a0                vTraceSetFilterMask
                0x00000000004166b0                vTraceSetFilterGroup
                0x00000000004166c0                prvTracePortGetTimeStamp
 .text          0x0000000000416730        0x0 bin/trcStreamingRecorder.o
 .text          0x0000000000416730      0x560 bin/heap_5.o
                0x0000000000416730                pvPortMalloc
                0x0000000000416900                vPortFree
                0x0000000000416a40                xPortGetFreeHeapSize
                0x0000000000416a50                xPortGetMinimumEverFreeHeapSize
                0x0000000000416a60                vPortDefineHeapRegions
                0x0000000000416bd0                vPortGetHeapStats
 .text          0x0000000000416c90      0x830 bin/port.o
                0x0000000000416e60                pxPortInitialiseStack
                0x0000000000416f10                xPortStartScheduler
                0x0000000000417130                vPortDeleteThread
                0x00000000004171c0                vPortEndScheduler
                0x00000000004171d0                vPortGenerateSimulatedInterrupt
                0x00000000004172a0                vPortSetInterruptHandler
                0x0000000000417310                vPortEnterCritical
                0x0000000000417350                vPortExitCritical
                0x0000000000417450                vPortCloseRunningThread
 .text          0x00000000004174c0      0x940 bin/AbortDelay.o
                0x0000000000417d40                vCreateAbortDelayTasks
                0x0000000000417db0                xAreAbortDelayTestTasksStillRunning
 .text          0x0000000000417e00      0x3b0 bin/BlockQ.o
                0x0000000000417ec0                vStartBlockingQueueTasks
                0x00000000004180f0                xAreBlockingQueuesStillRunning
 .text          0x00000000004181b0      0xc40 bin/EventGroupsDemo.o
                0x0000000000418b50                vStartEventGroupTasks
                0x0000000000418c80                vPeriodicEventGroupsProcessing
                0x0000000000418d90                xAreEventGroupTasksStillRunning
 .text          0x0000000000418df0      0xc00 bin/GenQTest.o
                0x0000000000419840                vStartGenericQueueTasks
                0x0000000000419990                xAreGenericQueueTasksStillRunning
 .text          0x00000000004199f0      0x730 bin/IntSemTest.o
                0x0000000000419eb0                vStartInterruptSemaphoreTasks
                0x0000000000419ff0                vInterruptSemaphorePeriodicTest
                0x000000000041a0b0                xAreInterruptSemaphoreTasksStillRunning
 .text          0x000000000041a120      0x390 bin/MessageBufferAMP.o
                0x000000000041a300                vStartMessageBufferAMPTasks
                0x000000000041a3d0                vGenerateCoreBInterrupt
                0x000000000041a450                xAreMessageBufferAMPTasksStillRunning
 .text          0x000000000041a4b0     0x12b0 bin/MessageBufferDemo.o
                0x000000000041b580                vStartMessageBufferTasks
                0x000000000041b6c0                xAreMessageBufferTasksStillRunning
 .text          0x000000000041b760      0x1e0 bin/PollQ.o
                0x000000000041b870                vStartPolledQueueTasks
                0x000000000041b910                xArePollingQueuesStillRunning
 .text          0x000000000041b940      0x500 bin/QPeek.o
                0x000000000041bd00                vStartQueuePeekTasks
                0x000000000041be00                xAreQueuePeekTasksStillRunning
 .text          0x000000000041be40      0x2b0 bin/QueueOverwrite.o
                0x000000000041bf70                vStartQueueOverwriteTask
                0x000000000041bfc0                xIsQueueOverwriteTaskStillRunning
                0x000000000041bff0                vQueueOverwritePeriodicISRDemo
 .text          0x000000000041c0f0     0x10f0 bin/QueueSet.o
                0x000000000041ce60                vStartQueueSetTasks
                0x000000000041cef0                xAreQueueSetTasksStillRunning
                0x000000000041cf90                vQueueSetAccessQueueSetFromISR
 .text          0x000000000041d1e0      0x190 bin/QueueSetPolling.o
                0x000000000041d260                vStartQueueSetPollingTask
                0x000000000041d2e0                vQueueSetPollingInterruptAccess
                0x000000000041d340                xAreQueueSetPollTasksStillRunning
 .text          0x000000000041d370      0xd80 bin/StaticAllocation.o
                0x000000000041e050                vStartStaticallyAllocatedTasks
                0x000000000041e0a0                xAreStaticAllocationTasksStillRunning
 .text          0x000000000041e0f0      0xe20 bin/StreamBufferDemo.o
                0x000000000041ebf0                vStartStreamBufferTasks
                0x000000000041ed50                vPeriodicStreamBufferProcessing
                0x000000000041edc0                xAreStreamBufferTasksStillRunning
 .text          0x000000000041ef10      0x220 bin/StreamBufferInterrupt.o
                0x000000000041f030                vStartStreamBufferInterruptDemo
                0x000000000041f080                vBasicStreamBufferSendFromISR
                0x000000000041f100                xIsInterruptStreamBufferDemoStillRunning
 .text          0x000000000041f130      0xf50 bin/TaskNotify.o
                0x000000000041fe80                vStartTaskNotifyTask
                0x000000000041fed0                xNotifyTaskFromISR
                0x0000000000420020                xAreTaskNotificationTasksStillRunning
 .text          0x0000000000420080     0x1660 bin/TimerDemo.o
                0x0000000000420b60                vStartTimerDemoTask
                0x0000000000420e80                xAreTimerDemoTasksStillRunning
                0x0000000000420f00                vTimerPeriodicISRTests
 .text          0x00000000004216e0      0x690 bin/blocktim.o
                0x0000000000421c80                vCreateBlockTimeTasks
                0x0000000000421d20                xAreBlockTimeTestTasksStillRunning
 .text          0x0000000000421d70      0x310 bin/countsem.o
                0x0000000000421f30                vStartCountingSemaphoreTasks
                0x0000000000422030                xAreCountingSemaphoreTasksStillRunning
 .text          0x0000000000422080      0x1e0 bin/death.o
                0x00000000004221c0                vCreateSuicidalTasks
                0x0000000000422200                xIsCreateTaskStillRunning
 .text          0x0000000000422260      0x490 bin/dynamic.o
                0x0000000000422560                vStartDynamicPriorityTasks
                0x0000000000422690                xAreDynamicPriorityTasksStillRunning
 .text          0x00000000004226f0      0x960 bin/flop.o
                0x0000000000422f00                vStartMathTasks
                0x0000000000422fd0                xAreMathsTaskStillRunning
 .text          0x0000000000423050       0xe0 bin/integer.o
                0x00000000004230d0                vStartIntegerMathTasks
                0x0000000000423110                xAreIntegerMathsTaskStillRunning
 .text          0x0000000000423130      0x360 bin/semtest.o
                0x0000000000423250                vStartSemaphoreTasks
                0x0000000000423400                xAreSemaphoreTasksStillRunning
 .text          0x0000000000423490       0xd0 C:/Users/PSM-Admin/anaconda3/envs/spansil/Library/mingw-w64/bin/../lib/gcc/x86_64-w64-mingw32/5.3.0/../../../../x86_64-w64-mingw32/lib/../lib/libmingw32.a(lib64_libmingw32_a-atonexit.o)
                0x0000000000423490                mingw_onexit
                0x0000000000423540                atexit
 .text          0x0000000000423560       0xc0 C:/Users/PSM-Admin/anaconda3/envs/spansil/Library/mingw-w64/bin/../lib/gcc/x86_64-w64-mingw32/5.3.0/../../../../x86_64-w64-mingw32/lib/../lib/libmingw32.a(lib64_libmingw32_a-gccmain.o)
                0x0000000000423560                __do_global_dtors
                0x00000000004235a0                __do_global_ctors
                0x0000000000423600                __main
 .text          0x0000000000423620        0x0 C:/Users/PSM-Admin/anaconda3/envs/spansil/Library/mingw-w64/bin/../lib/gcc/x86_64-w64-mingw32/5.3.0/../../../../x86_64-w64-mingw32/lib/../lib/libmingw32.a(lib64_libmingw32_a-natstart.o)
 .text          0x0000000000423620        0x0 C:/Users/PSM-Admin/anaconda3/envs/spansil/Library/mingw-w64/bin/../lib/gcc/x86_64-w64-mingw32/5.3.0/../../../../x86_64-w64-mingw32/lib/../lib/libmingw32.a(lib64_libmingw32_a-wildcard.o)
 .text          0x0000000000423620       0x10 C:/Users/PSM-Admin/anaconda3/envs/spansil/Library/mingw-w64/bin/../lib/gcc/x86_64-w64-mingw32/5.3.0/../../../../x86_64-w64-mingw32/lib/../lib/libmingw32.a(lib64_libmingw32_a-charmax.o)
 .text          0x0000000000423630       0x10 C:/Users/PSM-Admin/anaconda3/envs/spansil/Library/mingw-w64/bin/../lib/gcc/x86_64-w64-mingw32/5.3.0/../../../../x86_64-w64-mingw32/lib/../lib/libmingw32.a(lib64_libmingw32_a-dllargv.o)
                0x0000000000423630                _setargv
 .text          0x0000000000423640      0x1e0 C:/Users/PSM-Admin/anaconda3/envs/spansil/Library/mingw-w64/bin/../lib/gcc/x86_64-w64-mingw32/5.3.0/../../../../x86_64-w64-mingw32/lib/../lib/libmingw32.a(lib64_libmingw32_a-gs_support.o)
                0x0000000000423640                __security_init_cookie
                0x0000000000423720                __report_gsfailure
 .text          0x0000000000423820        0x0 C:/Users/PSM-Admin/anaconda3/envs/spansil/Library/mingw-w64/bin/../lib/gcc/x86_64-w64-mingw32/5.3.0/../../../../x86_64-w64-mingw32/lib/../lib/libmingw32.a(lib64_libmingw32_a-_newmode.o)
 .text          0x0000000000423820       0xb0 C:/Users/PSM-Admin/anaconda3/envs/spansil/Library/mingw-w64/bin/../lib/gcc/x86_64-w64-mingw32/5.3.0/../../../../x86_64-w64-mingw32/lib/../lib/libmingw32.a(lib64_libmingw32_a-tlssup.o)
                0x0000000000423850                __dyn_tls_init
                0x00000000004238c0                __tlregdtor
 .text          0x00000000004238d0        0x0 C:/Users/PSM-Admin/anaconda3/envs/spansil/Library/mingw-w64/bin/../lib/gcc/x86_64-w64-mingw32/5.3.0/../../../../x86_64-w64-mingw32/lib/../lib/libmingw32.a(lib64_libmingw32_a-cinitexe.o)
 .text          0x00000000004238d0      0x150 C:/Users/PSM-Admin/anaconda3/envs/spansil/Library/mingw-w64/bin/../lib/gcc/x86_64-w64-mingw32/5.3.0/../../../../x86_64-w64-mingw32/lib/../lib/libmingw32.a(lib64_libmingw32_a-merr.o)
                0x00000000004238d0                __mingw_raise_matherr
                0x0000000000423920                __mingw_setusermatherr
                0x0000000000423930                _matherr
 .text          0x0000000000423a20       0x10 C:/Users/PSM-Admin/anaconda3/envs/spansil/Library/mingw-w64/bin/../lib/gcc/x86_64-w64-mingw32/5.3.0/../../../../x86_64-w64-mingw32/lib/../lib/libmingw32.a(lib64_libmingw32_a-CRT_fp10.o)
                0x0000000000423a20                fpreset
                0x0000000000423a20                _fpreset
 .text          0x0000000000423a30       0x20 C:/Users/PSM-Admin/anaconda3/envs/spansil/Library/mingw-w64/bin/../lib/gcc/x86_64-w64-mingw32/5.3.0/../../../../x86_64-w64-mingw32/lib/../lib/libmingw32.a(lib64_libmingw32_a-mingw_helpers.o)
                0x0000000000423a30                _decode_pointer
                0x0000000000423a40                _encode_pointer
 .text          0x0000000000423a50      0x4d0 C:/Users/PSM-Admin/anaconda3/envs/spansil/Library/mingw-w64/bin/../lib/gcc/x86_64-w64-mingw32/5.3.0/../../../../x86_64-w64-mingw32/lib/../lib/libmingw32.a(lib64_libmingw32_a-pseudo-reloc.o)
                0x0000000000423c20                _pei386_runtime_relocator
 .text          0x0000000000423f20        0x0 C:/Users/PSM-Admin/anaconda3/envs/spansil/Library/mingw-w64/bin/../lib/gcc/x86_64-w64-mingw32/5.3.0/../../../../x86_64-w64-mingw32/lib/../lib/libmingw32.a(lib64_libmingw32_a-xtxtmode.o)
 .text          0x0000000000423f20      0x450 C:/Users/PSM-Admin/anaconda3/envs/spansil/Library/mingw-w64/bin/../lib/gcc/x86_64-w64-mingw32/5.3.0/../../../../x86_64-w64-mingw32/lib/../lib/libmingw32.a(lib64_libmingw32_a-crt_handler.o)
                0x0000000000423f20                __mingw_SEH_error_handler
                0x00000000004240c0                __mingw_init_ehandler
                0x00000000004241b0                _gnu_exception_handler
 .text          0x0000000000424370      0x270 C:/Users/PSM-Admin/anaconda3/envs/spansil/Library/mingw-w64/bin/../lib/gcc/x86_64-w64-mingw32/5.3.0/../../../../x86_64-w64-mingw32/lib/../lib/libmingw32.a(lib64_libmingw32_a-tlsthrd.o)
                0x00000000004243e0                ___w64_mingwthr_add_key_dtor
                0x0000000000424460                ___w64_mingwthr_remove_key_dtor
                0x0000000000424500                __mingw_TLScallback
 .text          0x00000000004245e0        0x0 C:/Users/PSM-Admin/anaconda3/envs/spansil/Library/mingw-w64/bin/../lib/gcc/x86_64-w64-mingw32/5.3.0/../../../../x86_64-w64-mingw32/lib/../lib/libmingw32.a(lib64_libmingw32_a-tlsmcrt.o)
 .text          0x00000000004245e0        0x0 C:/Users/PSM-Admin/anaconda3/envs/spansil/Library/mingw-w64/bin/../lib/gcc/x86_64-w64-mingw32/5.3.0/../../../../x86_64-w64-mingw32/lib/../lib/libmingw32.a(lib64_libmingw32_a-pseudo-reloc-list.o)
 .text          0x00000000004245e0      0x450 C:/Users/PSM-Admin/anaconda3/envs/spansil/Library/mingw-w64/bin/../lib/gcc/x86_64-w64-mingw32/5.3.0/../../../../x86_64-w64-mingw32/lib/../lib/libmingw32.a(lib64_libmingw32_a-pesect.o)
                0x0000000000424600                _ValidateImageBase
                0x0000000000424620                _FindPESection
                0x0000000000424670                _FindPESectionByName
                0x0000000000424710                __mingw_GetSectionForAddress
                0x00000000004247b0                __mingw_GetSectionCount
                0x00000000004247f0                _FindPESectionExec
                0x0000000000424880                _GetPEImageBase
                0x00000000004248c0                _IsNonwritableInCurrentImage
                0x0000000000424960                __mingw_enum_import_library_names
 .text          0x0000000000424a30       0x40 C:/Users/PSM-Admin/anaconda3/envs/spansil/Library/mingw-w64/bin/../lib/gcc/x86_64-w64-mingw32/5.3.0/libgcc.a(_chkstk_ms.o)
                0x0000000000424a30                ___chkstk_ms
 .text          0x0000000000424a70        0x0 C:/Users/PSM-Admin/anaconda3/envs/spansil/Library/mingw-w64/bin/../lib/gcc/x86_64-w64-mingw32/5.3.0/libgcc.a(_ctors.o)
 .text          0x0000000000424a70        0x0 C:/Users/PSM-Admin/anaconda3/envs/spansil/Library/mingw-w64/bin/../lib/gcc/x86_64-w64-mingw32/5.3.0/../../../../x86_64-w64-mingw32/lib/../lib/libmingwex.a(lib64_libmingwex_a-mingw_matherr.o)
 .text          0x0000000000424a70        0x8 C:/Users/PSM-Admin/anaconda3/envs/spansil/Library/mingw-w64/bin/../lib/gcc/x86_64-w64-mingw32/5.3.0/../../../../x86_64-w64-mingw32/lib/../lib/libmsvcrt.a(dgbqs01239.o)
                0x0000000000424a70                vfprintf
 .text          0x0000000000424a78        0x8 C:/Users/PSM-Admin/anaconda3/envs/spansil/Library/mingw-w64/bin/../lib/gcc/x86_64-w64-mingw32/5.3.0/../../../../x86_64-w64-mingw32/lib/../lib/libmsvcrt.a(dgbqs01207.o)
                0x0000000000424a78                strncmp
 .text          0x0000000000424a80        0x8 C:/Users/PSM-Admin/anaconda3/envs/spansil/Library/mingw-w64/bin/../lib/gcc/x86_64-w64-mingw32/5.3.0/../../../../x86_64-w64-mingw32/lib/../lib/libmsvcrt.a(dgbqs01204.o)
                0x0000000000424a80                strlen
 .text          0x0000000000424a88        0x8 C:/Users/PSM-Admin/anaconda3/envs/spansil/Library/mingw-w64/bin/../lib/gcc/x86_64-w64-mingw32/5.3.0/../../../../x86_64-w64-mingw32/lib/../lib/libmsvcrt.a(dgbqs01197.o)
                0x0000000000424a88                strcmp
 .text          0x0000000000424a90        0x8 C:/Users/PSM-Admin/anaconda3/envs/spansil/Library/mingw-w64/bin/../lib/gcc/x86_64-w64-mingw32/5.3.0/../../../../x86_64-w64-mingw32/lib/../lib/libmsvcrt.a(dgbqs01188.o)
                0x0000000000424a90                sprintf
 .text          0x0000000000424a98        0x8 C:/Users/PSM-Admin/anaconda3/envs/spansil/Library/mingw-w64/bin/../lib/gcc/x86_64-w64-mingw32/5.3.0/../../../../x86_64-w64-mingw32/lib/../lib/libmsvcrt.a(dgbqs01183.o)
                0x0000000000424a98                signal
 .text          0x0000000000424aa0        0x8 C:/Users/PSM-Admin/anaconda3/envs/spansil/Library/mingw-w64/bin/../lib/gcc/x86_64-w64-mingw32/5.3.0/../../../../x86_64-w64-mingw32/lib/../lib/libmsvcrt.a(dgbqs01172.o)
                0x0000000000424aa0                rand
 .text          0x0000000000424aa8        0x8 C:/Users/PSM-Admin/anaconda3/envs/spansil/Library/mingw-w64/bin/../lib/gcc/x86_64-w64-mingw32/5.3.0/../../../../x86_64-w64-mingw32/lib/../lib/libmsvcrt.a(dgbqs01166.o)
                0x0000000000424aa8                puts
 .text          0x0000000000424ab0        0x8 C:/Users/PSM-Admin/anaconda3/envs/spansil/Library/mingw-w64/bin/../lib/gcc/x86_64-w64-mingw32/5.3.0/../../../../x86_64-w64-mingw32/lib/../lib/libmsvcrt.a(dgbqs01162.o)
                0x0000000000424ab0                printf
 .text          0x0000000000424ab8        0x8 C:/Users/PSM-Admin/anaconda3/envs/spansil/Library/mingw-w64/bin/../lib/gcc/x86_64-w64-mingw32/5.3.0/../../../../x86_64-w64-mingw32/lib/../lib/libmsvcrt.a(dgbqs01155.o)
                0x0000000000424ab8                memset
 .text          0x0000000000424ac0        0x8 C:/Users/PSM-Admin/anaconda3/envs/spansil/Library/mingw-w64/bin/../lib/gcc/x86_64-w64-mingw32/5.3.0/../../../../x86_64-w64-mingw32/lib/../lib/libmsvcrt.a(dgbqs01153.o)
                0x0000000000424ac0                memcpy
 .text          0x0000000000424ac8        0x8 C:/Users/PSM-Admin/anaconda3/envs/spansil/Library/mingw-w64/bin/../lib/gcc/x86_64-w64-mingw32/5.3.0/../../../../x86_64-w64-mingw32/lib/../lib/libmsvcrt.a(dgbqs01152.o)
                0x0000000000424ac8                memcmp
 .text          0x0000000000424ad0        0x8 C:/Users/PSM-Admin/anaconda3/envs/spansil/Library/mingw-w64/bin/../lib/gcc/x86_64-w64-mingw32/5.3.0/../../../../x86_64-w64-mingw32/lib/../lib/libmsvcrt.a(dgbqs01145.o)
                0x0000000000424ad0                malloc
 .text          0x0000000000424ad8        0x8 C:/Users/PSM-Admin/anaconda3/envs/spansil/Library/mingw-w64/bin/../lib/gcc/x86_64-w64-mingw32/5.3.0/../../../../x86_64-w64-mingw32/lib/../lib/libmsvcrt.a(dgbqs01097.o)
                0x0000000000424ad8                fwrite
 .text          0x0000000000424ae0        0x8 C:/Users/PSM-Admin/anaconda3/envs/spansil/Library/mingw-w64/bin/../lib/gcc/x86_64-w64-mingw32/5.3.0/../../../../x86_64-w64-mingw32/lib/../lib/libmsvcrt.a(dgbqs01086.o)
                0x0000000000424ae0                free
 .text          0x0000000000424ae8        0x8 C:/Users/PSM-Admin/anaconda3/envs/spansil/Library/mingw-w64/bin/../lib/gcc/x86_64-w64-mingw32/5.3.0/../../../../x86_64-w64-mingw32/lib/../lib/libmsvcrt.a(dgbqs01079.o)
                0x0000000000424ae8                fprintf
 .text          0x0000000000424af0        0x8 C:/Users/PSM-Admin/anaconda3/envs/spansil/Library/mingw-w64/bin/../lib/gcc/x86_64-w64-mingw32/5.3.0/../../../../x86_64-w64-mingw32/lib/../lib/libmsvcrt.a(dgbqs01077.o)
                0x0000000000424af0                fopen
 .text          0x0000000000424af8        0x8 C:/Users/PSM-Admin/anaconda3/envs/spansil/Library/mingw-w64/bin/../lib/gcc/x86_64-w64-mingw32/5.3.0/../../../../x86_64-w64-mingw32/lib/../lib/libmsvcrt.a(dgbqs01067.o)
                0x0000000000424af8                fflush
 .text          0x0000000000424b00        0x8 C:/Users/PSM-Admin/anaconda3/envs/spansil/Library/mingw-w64/bin/../lib/gcc/x86_64-w64-mingw32/5.3.0/../../../../x86_64-w64-mingw32/lib/../lib/libmsvcrt.a(dgbqs01064.o)
                0x0000000000424b00                fclose
 .text          0x0000000000424b08        0x8 C:/Users/PSM-Admin/anaconda3/envs/spansil/Library/mingw-w64/bin/../lib/gcc/x86_64-w64-mingw32/5.3.0/../../../../x86_64-w64-mingw32/lib/../lib/libmsvcrt.a(dgbqs01060.o)
                0x0000000000424b08                exit
 .text          0x0000000000424b10        0x8 C:/Users/PSM-Admin/anaconda3/envs/spansil/Library/mingw-w64/bin/../lib/gcc/x86_64-w64-mingw32/5.3.0/../../../../x86_64-w64-mingw32/lib/../lib/libmsvcrt.a(dgbqs01047.o)
                0x0000000000424b10                calloc
 .text          0x0000000000424b18        0x8 C:/Users/PSM-Admin/anaconda3/envs/spansil/Library/mingw-w64/bin/../lib/gcc/x86_64-w64-mingw32/5.3.0/../../../../x86_64-w64-mingw32/lib/../lib/libmsvcrt.a(dgbqs01030.o)
                0x0000000000424b18                abort
 .text          0x0000000000424b20        0x8 C:/Users/PSM-Admin/anaconda3/envs/spansil/Library/mingw-w64/bin/../lib/gcc/x86_64-w64-mingw32/5.3.0/../../../../x86_64-w64-mingw32/lib/../lib/libmsvcrt.a(dgbqs00819.o)
                0x0000000000424b20                _unlock
 .text          0x0000000000424b28        0x8 C:/Users/PSM-Admin/anaconda3/envs/spansil/Library/mingw-w64/bin/../lib/gcc/x86_64-w64-mingw32/5.3.0/../../../../x86_64-w64-mingw32/lib/../lib/libmsvcrt.a(dgbqs00611.o)
                0x0000000000424b28                _onexit
 .text          0x0000000000424b30        0x8 C:/Users/PSM-Admin/anaconda3/envs/spansil/Library/mingw-w64/bin/../lib/gcc/x86_64-w64-mingw32/5.3.0/../../../../x86_64-w64-mingw32/lib/../lib/libmsvcrt.a(dgbqs00439.o)
                0x0000000000424b30                _lock
 .text          0x0000000000424b38        0x8 C:/Users/PSM-Admin/anaconda3/envs/spansil/Library/mingw-w64/bin/../lib/gcc/x86_64-w64-mingw32/5.3.0/../../../../x86_64-w64-mingw32/lib/../lib/libmsvcrt.a(dgbqs00330.o)
                0x0000000000424b38                _initterm
 .text          0x0000000000424b40        0x0 C:/Users/PSM-Admin/anaconda3/envs/spansil/Library/mingw-w64/bin/../lib/gcc/x86_64-w64-mingw32/5.3.0/../../../../x86_64-w64-mingw32/lib/../lib/libmsvcrt.a(dgbqs00251.o)
 .text          0x0000000000424b40        0x8 C:/Users/PSM-Admin/anaconda3/envs/spansil/Library/mingw-w64/bin/../lib/gcc/x86_64-w64-mingw32/5.3.0/../../../../x86_64-w64-mingw32/lib/../lib/libmsvcrt.a(dgbqs00140.o)
                0x0000000000424b40                _cexit
 .text          0x0000000000424b48        0x8 C:/Users/PSM-Admin/anaconda3/envs/spansil/Library/mingw-w64/bin/../lib/gcc/x86_64-w64-mingw32/5.3.0/../../../../x86_64-w64-mingw32/lib/../lib/libmsvcrt.a(dgbqs00122.o)
                0x0000000000424b48                _amsg_exit
 .text          0x0000000000424b50        0x0 C:/Users/PSM-Admin/anaconda3/envs/spansil/Library/mingw-w64/bin/../lib/gcc/x86_64-w64-mingw32/5.3.0/../../../../x86_64-w64-mingw32/lib/../lib/libmsvcrt.a(dgbqs00115.o)
 .text          0x0000000000424b50        0x8 C:/Users/PSM-Admin/anaconda3/envs/spansil/Library/mingw-w64/bin/../lib/gcc/x86_64-w64-mingw32/5.3.0/../../../../x86_64-w64-mingw32/lib/../lib/libmsvcrt.a(dgbqs00098.o)
                0x0000000000424b50                __setusermatherr
 .text          0x0000000000424b58        0x8 C:/Users/PSM-Admin/anaconda3/envs/spansil/Library/mingw-w64/bin/../lib/gcc/x86_64-w64-mingw32/5.3.0/../../../../x86_64-w64-mingw32/lib/../lib/libmsvcrt.a(dgbqs00096.o)
                0x0000000000424b58                __set_app_type
 .text          0x0000000000424b60        0x8 C:/Users/PSM-Admin/anaconda3/envs/spansil/Library/mingw-w64/bin/../lib/gcc/x86_64-w64-mingw32/5.3.0/../../../../x86_64-w64-mingw32/lib/../lib/libmsvcrt.a(dgbqs00090.o)
                0x0000000000424b60                __lconv_init
 .text          0x0000000000424b68        0x8 C:/Users/PSM-Admin/anaconda3/envs/spansil/Library/mingw-w64/bin/../lib/gcc/x86_64-w64-mingw32/5.3.0/../../../../x86_64-w64-mingw32/lib/../lib/libmsvcrt.a(dgbqs00083.o)
                0x0000000000424b68                __iob_func
 .text          0x0000000000424b70        0x0 C:/Users/PSM-Admin/anaconda3/envs/spansil/Library/mingw-w64/bin/../lib/gcc/x86_64-w64-mingw32/5.3.0/../../../../x86_64-w64-mingw32/lib/../lib/libmsvcrt.a(dgbqs00082.o)
 .text          0x0000000000424b70        0x8 C:/Users/PSM-Admin/anaconda3/envs/spansil/Library/mingw-w64/bin/../lib/gcc/x86_64-w64-mingw32/5.3.0/../../../../x86_64-w64-mingw32/lib/../lib/libmsvcrt.a(dgbqs00081.o)
                0x0000000000424b70                __getmainargs
 .text          0x0000000000424b78        0x8 C:/Users/PSM-Admin/anaconda3/envs/spansil/Library/mingw-w64/bin/../lib/gcc/x86_64-w64-mingw32/5.3.0/../../../../x86_64-w64-mingw32/lib/../lib/libmsvcrt.a(dgbqs00078.o)
                0x0000000000424b78                __dllonexit
 .text          0x0000000000424b80        0x8 C:/Users/PSM-Admin/anaconda3/envs/spansil/Library/mingw-w64/bin/../lib/gcc/x86_64-w64-mingw32/5.3.0/../../../../x86_64-w64-mingw32/lib/../lib/libmsvcrt.a(dgbqs00055.o)
                0x0000000000424b80                __C_specific_handler
 *fill*         0x0000000000424b88        0x8 
 .text          0x0000000000424b90       0x20 C:/Users/PSM-Admin/anaconda3/envs/spansil/Library/mingw-w64/bin/../lib/gcc/x86_64-w64-mingw32/5.3.0/../../../../x86_64-w64-mingw32/lib/../lib/libmsvcrt.a(lib64_libmsvcrt_a-invalid_parameter_handler.o)
                0x0000000000424b90                _get_invalid_parameter_handler
                0x0000000000424ba0                _set_invalid_parameter_handler
 .text          0x0000000000424bb0        0x0 C:/Users/PSM-Admin/anaconda3/envs/spansil/Library/mingw-w64/bin/../lib/gcc/x86_64-w64-mingw32/5.3.0/../../../../x86_64-w64-mingw32/lib/../lib/libmsvcrt.a(dgbqh.o)
 .text          0x0000000000424bb0        0x0 C:/Users/PSM-Admin/anaconda3/envs/spansil/Library/mingw-w64/bin/../lib/gcc/x86_64-w64-mingw32/5.3.0/../../../../x86_64-w64-mingw32/lib/../lib/libmsvcrt.a(dgbqt.o)
 .text          0x0000000000424bb0        0x8 C:/Users/PSM-Admin/anaconda3/envs/spansil/Library/mingw-w64/bin/../lib/gcc/x86_64-w64-mingw32/5.3.0/../../../../x86_64-w64-mingw32/lib/../lib/libkernel32.a(dwxns01274.o)
                0x0000000000424bb0                WaitForSingleObject
 .text          0x0000000000424bb8        0x8 C:/Users/PSM-Admin/anaconda3/envs/spansil/Library/mingw-w64/bin/../lib/gcc/x86_64-w64-mingw32/5.3.0/../../../../x86_64-w64-mingw32/lib/../lib/libkernel32.a(dwxns01272.o)
                0x0000000000424bb8                WaitForMultipleObjects
 .text          0x0000000000424bc0        0x8 C:/Users/PSM-Admin/anaconda3/envs/spansil/Library/mingw-w64/bin/../lib/gcc/x86_64-w64-mingw32/5.3.0/../../../../x86_64-w64-mingw32/lib/../lib/libkernel32.a(dwxns01266.o)
                0x0000000000424bc0                VirtualQuery
 .text          0x0000000000424bc8        0x8 C:/Users/PSM-Admin/anaconda3/envs/spansil/Library/mingw-w64/bin/../lib/gcc/x86_64-w64-mingw32/5.3.0/../../../../x86_64-w64-mingw32/lib/../lib/libkernel32.a(dwxns01264.o)
                0x0000000000424bc8                VirtualProtect
 .text          0x0000000000424bd0        0x8 C:/Users/PSM-Admin/anaconda3/envs/spansil/Library/mingw-w64/bin/../lib/gcc/x86_64-w64-mingw32/5.3.0/../../../../x86_64-w64-mingw32/lib/../lib/libkernel32.a(dwxns01234.o)
                0x0000000000424bd0                UnhandledExceptionFilter
 .text          0x0000000000424bd8        0x8 C:/Users/PSM-Admin/anaconda3/envs/spansil/Library/mingw-w64/bin/../lib/gcc/x86_64-w64-mingw32/5.3.0/../../../../x86_64-w64-mingw32/lib/../lib/libkernel32.a(dwxns01221.o)
                0x0000000000424bd8                TlsGetValue
 .text          0x0000000000424be0        0x8 C:/Users/PSM-Admin/anaconda3/envs/spansil/Library/mingw-w64/bin/../lib/gcc/x86_64-w64-mingw32/5.3.0/../../../../x86_64-w64-mingw32/lib/../lib/libkernel32.a(dwxns01215.o)
                0x0000000000424be0                TerminateThread
 .text          0x0000000000424be8        0x8 C:/Users/PSM-Admin/anaconda3/envs/spansil/Library/mingw-w64/bin/../lib/gcc/x86_64-w64-mingw32/5.3.0/../../../../x86_64-w64-mingw32/lib/../lib/libkernel32.a(dwxns01214.o)
                0x0000000000424be8                TerminateProcess
 .text          0x0000000000424bf0        0x8 C:/Users/PSM-Admin/anaconda3/envs/spansil/Library/mingw-w64/bin/../lib/gcc/x86_64-w64-mingw32/5.3.0/../../../../x86_64-w64-mingw32/lib/../lib/libkernel32.a(dwxns01208.o)
                0x0000000000424bf0                SuspendThread
 .text          0x0000000000424bf8        0x8 C:/Users/PSM-Admin/anaconda3/envs/spansil/Library/mingw-w64/bin/../lib/gcc/x86_64-w64-mingw32/5.3.0/../../../../x86_64-w64-mingw32/lib/../lib/libkernel32.a(dwxns01200.o)
                0x0000000000424bf8                Sleep
 .text          0x0000000000424c00        0x8 C:/Users/PSM-Admin/anaconda3/envs/spansil/Library/mingw-w64/bin/../lib/gcc/x86_64-w64-mingw32/5.3.0/../../../../x86_64-w64-mingw32/lib/../lib/libkernel32.a(dwxns01187.o)
                0x0000000000424c00                SetUnhandledExceptionFilter
 .text          0x0000000000424c08        0x8 C:/Users/PSM-Admin/anaconda3/envs/spansil/Library/mingw-w64/bin/../lib/gcc/x86_64-w64-mingw32/5.3.0/../../../../x86_64-w64-mingw32/lib/../lib/libkernel32.a(dwxns01175.o)
                0x0000000000424c08                SetThreadPriorityBoost
 .text          0x0000000000424c10        0x8 C:/Users/PSM-Admin/anaconda3/envs/spansil/Library/mingw-w64/bin/../lib/gcc/x86_64-w64-mingw32/5.3.0/../../../../x86_64-w64-mingw32/lib/../lib/libkernel32.a(dwxns01174.o)
                0x0000000000424c10                SetThreadPriority
 .text          0x0000000000424c18        0x8 C:/Users/PSM-Admin/anaconda3/envs/spansil/Library/mingw-w64/bin/../lib/gcc/x86_64-w64-mingw32/5.3.0/../../../../x86_64-w64-mingw32/lib/../lib/libkernel32.a(dwxns01165.o)
                0x0000000000424c18                SetThreadAffinityMask
 .text          0x0000000000424c20        0x8 C:/Users/PSM-Admin/anaconda3/envs/spansil/Library/mingw-w64/bin/../lib/gcc/x86_64-w64-mingw32/5.3.0/../../../../x86_64-w64-mingw32/lib/../lib/libkernel32.a(dwxns01146.o)
                0x0000000000424c20                SetPriorityClass
 .text          0x0000000000424c28        0x8 C:/Users/PSM-Admin/anaconda3/envs/spansil/Library/mingw-w64/bin/../lib/gcc/x86_64-w64-mingw32/5.3.0/../../../../x86_64-w64-mingw32/lib/../lib/libkernel32.a(dwxns01111.o)
                0x0000000000424c28                SetEvent
 .text          0x0000000000424c30        0x8 C:/Users/PSM-Admin/anaconda3/envs/spansil/Library/mingw-w64/bin/../lib/gcc/x86_64-w64-mingw32/5.3.0/../../../../x86_64-w64-mingw32/lib/../lib/libkernel32.a(dwxns01067.o)
                0x0000000000424c30                SetConsoleCtrlHandler
 .text          0x0000000000424c38        0x8 C:/Users/PSM-Admin/anaconda3/envs/spansil/Library/mingw-w64/bin/../lib/gcc/x86_64-w64-mingw32/5.3.0/../../../../x86_64-w64-mingw32/lib/../lib/libkernel32.a(dwxns01044.o)
                0x0000000000424c38                RtlVirtualUnwind
 .text          0x0000000000424c40        0x8 C:/Users/PSM-Admin/anaconda3/envs/spansil/Library/mingw-w64/bin/../lib/gcc/x86_64-w64-mingw32/5.3.0/../../../../x86_64-w64-mingw32/lib/../lib/libkernel32.a(dwxns01037.o)
                0x0000000000424c40                RtlLookupFunctionEntry
 .text          0x0000000000424c48        0x8 C:/Users/PSM-Admin/anaconda3/envs/spansil/Library/mingw-w64/bin/../lib/gcc/x86_64-w64-mingw32/5.3.0/../../../../x86_64-w64-mingw32/lib/../lib/libkernel32.a(dwxns01030.o)
                0x0000000000424c48                RtlCaptureContext
 .text          0x0000000000424c50        0x8 C:/Users/PSM-Admin/anaconda3/envs/spansil/Library/mingw-w64/bin/../lib/gcc/x86_64-w64-mingw32/5.3.0/../../../../x86_64-w64-mingw32/lib/../lib/libkernel32.a(dwxns01029.o)
                0x0000000000424c50                RtlAddFunctionTable
 .text          0x0000000000424c58        0x8 C:/Users/PSM-Admin/anaconda3/envs/spansil/Library/mingw-w64/bin/../lib/gcc/x86_64-w64-mingw32/5.3.0/../../../../x86_64-w64-mingw32/lib/../lib/libkernel32.a(dwxns01028.o)
                0x0000000000424c58                ResumeThread
 .text          0x0000000000424c60        0x8 C:/Users/PSM-Admin/anaconda3/envs/spansil/Library/mingw-w64/bin/../lib/gcc/x86_64-w64-mingw32/5.3.0/../../../../x86_64-w64-mingw32/lib/../lib/libkernel32.a(dwxns01024.o)
                0x0000000000424c60                ResetEvent
 .text          0x0000000000424c68        0x8 C:/Users/PSM-Admin/anaconda3/envs/spansil/Library/mingw-w64/bin/../lib/gcc/x86_64-w64-mingw32/5.3.0/../../../../x86_64-w64-mingw32/lib/../lib/libkernel32.a(dwxns01003.o)
                0x0000000000424c68                ReleaseMutex
 .text          0x0000000000424c70        0x8 C:/Users/PSM-Admin/anaconda3/envs/spansil/Library/mingw-w64/bin/../lib/gcc/x86_64-w64-mingw32/5.3.0/../../../../x86_64-w64-mingw32/lib/../lib/libkernel32.a(dwxns00959.o)
                0x0000000000424c70                QueryPerformanceFrequency
 .text          0x0000000000424c78        0x8 C:/Users/PSM-Admin/anaconda3/envs/spansil/Library/mingw-w64/bin/../lib/gcc/x86_64-w64-mingw32/5.3.0/../../../../x86_64-w64-mingw32/lib/../lib/libkernel32.a(dwxns00958.o)
                0x0000000000424c78                QueryPerformanceCounter
 .text          0x0000000000424c80        0x8 C:/Users/PSM-Admin/anaconda3/envs/spansil/Library/mingw-w64/bin/../lib/gcc/x86_64-w64-mingw32/5.3.0/../../../../x86_64-w64-mingw32/lib/../lib/libkernel32.a(dwxns00844.o)
                0x0000000000424c80                LeaveCriticalSection
 .text          0x0000000000424c88        0x8 C:/Users/PSM-Admin/anaconda3/envs/spansil/Library/mingw-w64/bin/../lib/gcc/x86_64-w64-mingw32/5.3.0/../../../../x86_64-w64-mingw32/lib/../lib/libkernel32.a(dwxns00762.o)
                0x0000000000424c88                InitializeCriticalSection
 .text          0x0000000000424c90        0x8 C:/Users/PSM-Admin/anaconda3/envs/spansil/Library/mingw-w64/bin/../lib/gcc/x86_64-w64-mingw32/5.3.0/../../../../x86_64-w64-mingw32/lib/../lib/libkernel32.a(dwxns00678.o)
                0x0000000000424c90                GetTickCount
 .text          0x0000000000424c98        0x8 C:/Users/PSM-Admin/anaconda3/envs/spansil/Library/mingw-w64/bin/../lib/gcc/x86_64-w64-mingw32/5.3.0/../../../../x86_64-w64-mingw32/lib/../lib/libkernel32.a(dwxns00665.o)
                0x0000000000424c98                GetThreadContext
 .text          0x0000000000424ca0        0x8 C:/Users/PSM-Admin/anaconda3/envs/spansil/Library/mingw-w64/bin/../lib/gcc/x86_64-w64-mingw32/5.3.0/../../../../x86_64-w64-mingw32/lib/../lib/libkernel32.a(dwxns00651.o)
                0x0000000000424ca0                GetSystemTimeAsFileTime
 .text          0x0000000000424ca8        0x8 C:/Users/PSM-Admin/anaconda3/envs/spansil/Library/mingw-w64/bin/../lib/gcc/x86_64-w64-mingw32/5.3.0/../../../../x86_64-w64-mingw32/lib/../lib/libkernel32.a(dwxns00645.o)
                0x0000000000424ca8                GetSystemInfo
 .text          0x0000000000424cb0        0x8 C:/Users/PSM-Admin/anaconda3/envs/spansil/Library/mingw-w64/bin/../lib/gcc/x86_64-w64-mingw32/5.3.0/../../../../x86_64-w64-mingw32/lib/../lib/libkernel32.a(dwxns00628.o)
                0x0000000000424cb0                GetStartupInfoA
 .text          0x0000000000424cb8        0x8 C:/Users/PSM-Admin/anaconda3/envs/spansil/Library/mingw-w64/bin/../lib/gcc/x86_64-w64-mingw32/5.3.0/../../../../x86_64-w64-mingw32/lib/../lib/libkernel32.a(dwxns00599.o)
                0x0000000000424cb8                GetProcAddress
 .text          0x0000000000424cc0        0x8 C:/Users/PSM-Admin/anaconda3/envs/spansil/Library/mingw-w64/bin/../lib/gcc/x86_64-w64-mingw32/5.3.0/../../../../x86_64-w64-mingw32/lib/../lib/libkernel32.a(dwxns00549.o)
                0x0000000000424cc0                GetModuleHandleA
 .text          0x0000000000424cc8        0x8 C:/Users/PSM-Admin/anaconda3/envs/spansil/Library/mingw-w64/bin/../lib/gcc/x86_64-w64-mingw32/5.3.0/../../../../x86_64-w64-mingw32/lib/../lib/libkernel32.a(dwxns00529.o)
                0x0000000000424cc8                GetLastError
 .text          0x0000000000424cd0        0x8 C:/Users/PSM-Admin/anaconda3/envs/spansil/Library/mingw-w64/bin/../lib/gcc/x86_64-w64-mingw32/5.3.0/../../../../x86_64-w64-mingw32/lib/../lib/libkernel32.a(dwxns00467.o)
                0x0000000000424cd0                GetCurrentThreadId
 .text          0x0000000000424cd8        0x8 C:/Users/PSM-Admin/anaconda3/envs/spansil/Library/mingw-w64/bin/../lib/gcc/x86_64-w64-mingw32/5.3.0/../../../../x86_64-w64-mingw32/lib/../lib/libkernel32.a(dwxns00466.o)
                0x0000000000424cd8                GetCurrentThread
 .text          0x0000000000424ce0        0x8 C:/Users/PSM-Admin/anaconda3/envs/spansil/Library/mingw-w64/bin/../lib/gcc/x86_64-w64-mingw32/5.3.0/../../../../x86_64-w64-mingw32/lib/../lib/libkernel32.a(dwxns00463.o)
                0x0000000000424ce0                GetCurrentProcessId
 .text          0x0000000000424ce8        0x8 C:/Users/PSM-Admin/anaconda3/envs/spansil/Library/mingw-w64/bin/../lib/gcc/x86_64-w64-mingw32/5.3.0/../../../../x86_64-w64-mingw32/lib/../lib/libkernel32.a(dwxns00462.o)
                0x0000000000424ce8                GetCurrentProcess
 .text          0x0000000000424cf0        0x8 C:/Users/PSM-Admin/anaconda3/envs/spansil/Library/mingw-w64/bin/../lib/gcc/x86_64-w64-mingw32/5.3.0/../../../../x86_64-w64-mingw32/lib/../lib/libkernel32.a(dwxns00295.o)
                0x0000000000424cf0                ExitThread
 .text          0x0000000000424cf8        0x8 C:/Users/PSM-Admin/anaconda3/envs/spansil/Library/mingw-w64/bin/../lib/gcc/x86_64-w64-mingw32/5.3.0/../../../../x86_64-w64-mingw32/lib/../lib/libkernel32.a(dwxns00249.o)
                0x0000000000424cf8                EnterCriticalSection
 .text          0x0000000000424d00        0x8 C:/Users/PSM-Admin/anaconda3/envs/spansil/Library/mingw-w64/bin/../lib/gcc/x86_64-w64-mingw32/5.3.0/../../../../x86_64-w64-mingw32/lib/../lib/libkernel32.a(dwxns00216.o)
                0x0000000000424d00                DeleteCriticalSection
 .text          0x0000000000424d08        0x8 C:/Users/PSM-Admin/anaconda3/envs/spansil/Library/mingw-w64/bin/../lib/gcc/x86_64-w64-mingw32/5.3.0/../../../../x86_64-w64-mingw32/lib/../lib/libkernel32.a(dwxns00186.o)
                0x0000000000424d08                CreateThread
 .text          0x0000000000424d10        0x8 C:/Users/PSM-Admin/anaconda3/envs/spansil/Library/mingw-w64/bin/../lib/gcc/x86_64-w64-mingw32/5.3.0/../../../../x86_64-w64-mingw32/lib/../lib/libkernel32.a(dwxns00160.o)
                0x0000000000424d10                CreateMutexA
 .text          0x0000000000424d18        0x8 C:/Users/PSM-Admin/anaconda3/envs/spansil/Library/mingw-w64/bin/../lib/gcc/x86_64-w64-mingw32/5.3.0/../../../../x86_64-w64-mingw32/lib/../lib/libkernel32.a(dwxns00134.o)
                0x0000000000424d18                CreateEventA
 .text          0x0000000000424d20        0x8 C:/Users/PSM-Admin/anaconda3/envs/spansil/Library/mingw-w64/bin/../lib/gcc/x86_64-w64-mingw32/5.3.0/../../../../x86_64-w64-mingw32/lib/../lib/libkernel32.a(dwxns00085.o)
                0x0000000000424d20                CloseHandle
 *fill*         0x0000000000424d28        0x8 
 .text          0x0000000000424d30        0x0 C:/Users/PSM-Admin/anaconda3/envs/spansil/Library/mingw-w64/bin/../lib/gcc/x86_64-w64-mingw32/5.3.0/../../../../x86_64-w64-mingw32/lib/../lib/libkernel32.a(dwxnh.o)
 .text          0x0000000000424d30        0x0 C:/Users/PSM-Admin/anaconda3/envs/spansil/Library/mingw-w64/bin/../lib/gcc/x86_64-w64-mingw32/5.3.0/../../../../x86_64-w64-mingw32/lib/../lib/libkernel32.a(dwxnt.o)
 .text          0x0000000000424d30        0x0 C:/Users/PSM-Admin/anaconda3/envs/spansil/Library/mingw-w64/bin/../lib/gcc/x86_64-w64-mingw32/5.3.0/crtend.o
 .text          0x0000000000424d30        0x0 d000001.o
 .text          0x0000000000424d30        0x0 d000002.o
 .text          0x0000000000424d30        0x0 d000003.o
 *(SORT(.text$*))
 *(.text.*)
 .text.unlikely
                0x0000000000424d30        0x0 C:/Users/PSM-Admin/anaconda3/envs/spansil/Library/mingw-w64/bin/../lib/gcc/x86_64-w64-mingw32/5.3.0/../../../../x86_64-w64-mingw32/lib/../lib/crt2.o
 .text.unlikely
                0x0000000000424d30        0x0 C:/Users/PSM-Admin/anaconda3/envs/spansil/Library/mingw-w64/bin/../lib/gcc/x86_64-w64-mingw32/5.3.0/crtbegin.o
 .text.unlikely
                0x0000000000424d30        0x0 bin/Run-time-stats-utils.o
 .text.unlikely
                0x0000000000424d30        0x0 bin/code_coverage_additions.o
 .text.unlikely
                0x0000000000424d30        0x0 bin/main.o
 .text.startup  0x0000000000424d30      0x720 bin/main.o
                0x0000000000424d30                main
 .text.unlikely
                0x0000000000425450        0x0 bin/main_blinky.o
 .text.unlikely
                0x0000000000425450        0x0 bin/main_full.o
 .text.unlikely
                0x0000000000425450        0x0 bin/recmutex.o
 .text.unlikely
                0x0000000000425450        0x0 bin/event_groups.o
 .text.unlikely
                0x0000000000425450        0x0 bin/list.o
 .text.unlikely
                0x0000000000425450        0x0 bin/queue.o
 .text.unlikely
                0x0000000000425450        0x0 bin/stream_buffer.o
 .text.unlikely
                0x0000000000425450        0x0 bin/tasks.o
 .text.unlikely
                0x0000000000425450        0x0 bin/timers.o
 .text.unlikely
                0x0000000000425450        0x0 bin/trcKernelPort.o
 .text.unlikely
                0x0000000000425450        0x0 bin/trcSnapshotRecorder.o
 .text.unlikely
                0x0000000000425450        0x0 bin/heap_5.o
 .text.unlikely
                0x0000000000425450      0x160 bin/port.o
 .text.unlikely
                0x00000000004255b0        0x0 bin/AbortDelay.o
 .text.unlikely
                0x00000000004255b0        0x0 bin/BlockQ.o
 .text.unlikely
                0x00000000004255b0        0x0 bin/EventGroupsDemo.o
 .text.unlikely
                0x00000000004255b0        0x0 bin/GenQTest.o
 .text.unlikely
                0x00000000004255b0        0x0 bin/IntSemTest.o
 .text.unlikely
                0x00000000004255b0        0x0 bin/MessageBufferAMP.o
 .text.unlikely
                0x00000000004255b0        0x0 bin/MessageBufferDemo.o
 .text.unlikely
                0x00000000004255b0        0x0 bin/PollQ.o
 .text.unlikely
                0x00000000004255b0        0x0 bin/QPeek.o
 .text.unlikely
                0x00000000004255b0        0x0 bin/QueueOverwrite.o
 .text.unlikely
                0x00000000004255b0        0x0 bin/QueueSet.o
 .text.unlikely
                0x00000000004255b0        0x0 bin/QueueSetPolling.o
 .text.unlikely
                0x00000000004255b0        0x0 bin/StaticAllocation.o
 .text.unlikely
                0x00000000004255b0      0xad0 bin/StreamBufferDemo.o
 .text.unlikely
                0x0000000000426080        0x0 bin/StreamBufferInterrupt.o
 .text.unlikely
                0x0000000000426080        0x0 bin/TaskNotify.o
 .text.unlikely
                0x0000000000426080        0x0 bin/TimerDemo.o
 .text.unlikely
                0x0000000000426080        0x0 bin/blocktim.o
 .text.unlikely
                0x0000000000426080        0x0 bin/countsem.o
 .text.unlikely
                0x0000000000426080        0x0 bin/death.o
 .text.unlikely
                0x0000000000426080        0x0 bin/dynamic.o
 .text.unlikely
                0x0000000000426080        0x0 bin/flop.o
 .text.unlikely
                0x0000000000426080        0x0 bin/integer.o
 .text.unlikely
                0x0000000000426080        0x0 bin/semtest.o
 .text.unlikely
                0x0000000000426080        0x0 C:/Users/PSM-Admin/anaconda3/envs/spansil/Library/mingw-w64/bin/../lib/gcc/x86_64-w64-mingw32/5.3.0/../../../../x86_64-w64-mingw32/lib/../lib/libmingw32.a(lib64_libmingw32_a-atonexit.o)
 .text.unlikely
                0x0000000000426080        0x0 C:/Users/PSM-Admin/anaconda3/envs/spansil/Library/mingw-w64/bin/../lib/gcc/x86_64-w64-mingw32/5.3.0/../../../../x86_64-w64-mingw32/lib/../lib/libmingw32.a(lib64_libmingw32_a-gccmain.o)
 .text.unlikely
                0x0000000000426080        0x0 C:/Users/PSM-Admin/anaconda3/envs/spansil/Library/mingw-w64/bin/../lib/gcc/x86_64-w64-mingw32/5.3.0/../../../../x86_64-w64-mingw32/lib/../lib/libmingw32.a(lib64_libmingw32_a-charmax.o)
 .text.unlikely
                0x0000000000426080        0x0 C:/Users/PSM-Admin/anaconda3/envs/spansil/Library/mingw-w64/bin/../lib/gcc/x86_64-w64-mingw32/5.3.0/../../../../x86_64-w64-mingw32/lib/../lib/libmingw32.a(lib64_libmingw32_a-dllargv.o)
 .text.unlikely
                0x0000000000426080        0x0 C:/Users/PSM-Admin/anaconda3/envs/spansil/Library/mingw-w64/bin/../lib/gcc/x86_64-w64-mingw32/5.3.0/../../../../x86_64-w64-mingw32/lib/../lib/libmingw32.a(lib64_libmingw32_a-gs_support.o)
 .text.unlikely
                0x0000000000426080        0x0 C:/Users/PSM-Admin/anaconda3/envs/spansil/Library/mingw-w64/bin/../lib/gcc/x86_64-w64-mingw32/5.3.0/../../../../x86_64-w64-mingw32/lib/../lib/libmingw32.a(lib64_libmingw32_a-tlssup.o)
 .text.unlikely
                0x0000000000426080        0x0 C:/Users/PSM-Admin/anaconda3/envs/spansil/Library/mingw-w64/bin/../lib/gcc/x86_64-w64-mingw32/5.3.0/../../../../x86_64-w64-mingw32/lib/../lib/libmingw32.a(lib64_libmingw32_a-merr.o)
 .text.unlikely
                0x0000000000426080        0x0 C:/Users/PSM-Admin/anaconda3/envs/spansil/Library/mingw-w64/bin/../lib/gcc/x86_64-w64-mingw32/5.3.0/../../../../x86_64-w64-mingw32/lib/../lib/libmingw32.a(lib64_libmingw32_a-CRT_fp10.o)
 .text.unlikely
                0x0000000000426080        0x0 C:/Users/PSM-Admin/anaconda3/envs/spansil/Library/mingw-w64/bin/../lib/gcc/x86_64-w64-mingw32/5.3.0/../../../../x86_64-w64-mingw32/lib/../lib/libmingw32.a(lib64_libmingw32_a-mingw_helpers.o)
 .text.unlikely
                0x0000000000426080        0x0 C:/Users/PSM-Admin/anaconda3/envs/spansil/Library/mingw-w64/bin/../lib/gcc/x86_64-w64-mingw32/5.3.0/../../../../x86_64-w64-mingw32/lib/../lib/libmingw32.a(lib64_libmingw32_a-pseudo-reloc.o)
 .text.unlikely
                0x0000000000426080        0x0 C:/Users/PSM-Admin/anaconda3/envs/spansil/Library/mingw-w64/bin/../lib/gcc/x86_64-w64-mingw32/5.3.0/../../../../x86_64-w64-mingw32/lib/../lib/libmingw32.a(lib64_libmingw32_a-crt_handler.o)
 .text.unlikely
                0x0000000000426080        0x0 C:/Users/PSM-Admin/anaconda3/envs/spansil/Library/mingw-w64/bin/../lib/gcc/x86_64-w64-mingw32/5.3.0/../../../../x86_64-w64-mingw32/lib/../lib/libmingw32.a(lib64_libmingw32_a-tlsthrd.o)
 .text.unlikely
                0x0000000000426080        0x0 C:/Users/PSM-Admin/anaconda3/envs/spansil/Library/mingw-w64/bin/../lib/gcc/x86_64-w64-mingw32/5.3.0/../../../../x86_64-w64-mingw32/lib/../lib/libmingw32.a(lib64_libmingw32_a-pesect.o)
 .text.unlikely
                0x0000000000426080        0x0 C:/Users/PSM-Admin/anaconda3/envs/spansil/Library/mingw-w64/bin/../lib/gcc/x86_64-w64-mingw32/5.3.0/../../../../x86_64-w64-mingw32/lib/../lib/libmsvcrt.a(lib64_libmsvcrt_a-invalid_parameter_handler.o)
 .text.unlikely
                0x0000000000426080        0x0 C:/Users/PSM-Admin/anaconda3/envs/spansil/Library/mingw-w64/bin/../lib/gcc/x86_64-w64-mingw32/5.3.0/crtend.o
 .text.startup  0x0000000000426080       0x10 C:/Users/PSM-Admin/anaconda3/envs/spansil/Library/mingw-w64/bin/../lib/gcc/x86_64-w64-mingw32/5.3.0/crtend.o
 *(.gnu.linkonce.t.*)
 *(.glue_7t)
 *(.glue_7)
                0x0000000000426090                . = ALIGN (0x8)
                0x0000000000426090                ___CTOR_LIST__ = .
                0x0000000000426090                __CTOR_LIST__ = .
                0x0000000000426090        0x4 LONG 0xffffffffffffffff
                0x0000000000426094        0x4 LONG 0xffffffffffffffff
 *(.ctors)
 *(.ctor)
 *(SORT(.ctors.*))
 .ctors.65535   0x0000000000426098        0x8 C:/Users/PSM-Admin/anaconda3/envs/spansil/Library/mingw-w64/bin/../lib/gcc/x86_64-w64-mingw32/5.3.0/crtend.o
                0x00000000004260a0        0x4 LONG 0x0
                0x00000000004260a4        0x4 LONG 0x0
                0x00000000004260a8                ___DTOR_LIST__ = .
                0x00000000004260a8                __DTOR_LIST__ = .
                0x00000000004260a8        0x4 LONG 0xffffffffffffffff
                0x00000000004260ac        0x4 LONG 0xffffffffffffffff
 *(.dtors)
 *(.dtor)
 *(SORT(.dtors.*))
                0x00000000004260b0        0x4 LONG 0x0
                0x00000000004260b4        0x4 LONG 0x0
 *(.fini)
 *(.gcc_exc)
                [!provide]                        PROVIDE (etext, .)
 *(.gcc_except_table)

.data           0x0000000000427000      0x200
                0x0000000000427000                __data_start__ = .
 *(.data)
 .data          0x0000000000427000       0x10 C:/Users/PSM-Admin/anaconda3/envs/spansil/Library/mingw-w64/bin/../lib/gcc/x86_64-w64-mingw32/5.3.0/../../../../x86_64-w64-mingw32/lib/../lib/crt2.o
                0x0000000000427000                __mingw_winmain_nShowCmd
 .data          0x0000000000427010        0x0 C:/Users/PSM-Admin/anaconda3/envs/spansil/Library/mingw-w64/bin/../lib/gcc/x86_64-w64-mingw32/5.3.0/crtbegin.o
 .data          0x0000000000427010        0x0 bin/Run-time-stats-utils.o
 .data          0x0000000000427010        0x0 bin/code_coverage_additions.o
 .data          0x0000000000427010        0x0 bin/main.o
 .data          0x0000000000427010        0x0 bin/main_blinky.o
 .data          0x0000000000427010       0x10 bin/main_full.o
 .data          0x0000000000427020        0x0 bin/recmutex.o
 .data          0x0000000000427020        0x0 bin/croutine.o
 .data          0x0000000000427020        0x0 bin/event_groups.o
 .data          0x0000000000427020        0x0 bin/list.o
 .data          0x0000000000427020        0x0 bin/queue.o
 .data          0x0000000000427020        0x0 bin/stream_buffer.o
 .data          0x0000000000427020        0x0 bin/tasks.o
 .data          0x0000000000427020        0x0 bin/timers.o
 .data          0x0000000000427020       0x10 bin/trcKernelPort.o
                0x0000000000427020                TraceQueueClassTable
 .data          0x0000000000427030       0x10 bin/trcSnapshotRecorder.o
                0x0000000000427030                CurrentFilterGroup
                0x0000000000427032                CurrentFilterMask
 .data          0x0000000000427040        0x0 bin/trcStreamingRecorder.o
 .data          0x0000000000427040        0x0 bin/heap_5.o
 .data          0x0000000000427040       0x10 bin/port.o
 .data          0x0000000000427050        0x0 bin/AbortDelay.o
 .data          0x0000000000427050        0x0 bin/BlockQ.o
 .data          0x0000000000427050        0x0 bin/EventGroupsDemo.o
 .data          0x0000000000427050        0x0 bin/GenQTest.o
 .data          0x0000000000427050        0x0 bin/IntSemTest.o
 .data          0x0000000000427050       0x10 bin/MessageBufferAMP.o
                0x0000000000427050                xDemoStatus
 .data          0x0000000000427060        0x0 bin/MessageBufferDemo.o
 .data          0x0000000000427060        0x0 bin/PollQ.o
 .data          0x0000000000427060        0x0 bin/QPeek.o
 .data          0x0000000000427060       0x10 bin/QueueOverwrite.o
 .data          0x0000000000427070       0x10 bin/QueueSet.o
 .data          0x0000000000427080       0x10 bin/QueueSetPolling.o
 .data          0x0000000000427090        0x0 bin/StaticAllocation.o
 .data          0x0000000000427090       0x10 bin/StreamBufferDemo.o
 .data          0x00000000004270a0       0x10 bin/StreamBufferInterrupt.o
 .data          0x00000000004270b0       0x10 bin/TaskNotify.o
 .data          0x00000000004270c0       0x10 bin/TimerDemo.o
 .data          0x00000000004270d0        0x0 bin/blocktim.o
 .data          0x00000000004270d0        0x0 bin/countsem.o
 .data          0x00000000004270d0       0x10 bin/death.o
 .data          0x00000000004270e0        0x0 bin/dynamic.o
 .data          0x00000000004270e0        0x0 bin/flop.o
 .data          0x00000000004270e0        0x0 bin/integer.o
 .data          0x00000000004270e0        0x0 bin/semtest.o
 .data          0x00000000004270e0        0x0 C:/Users/PSM-Admin/anaconda3/envs/spansil/Library/mingw-w64/bin/../lib/gcc/x86_64-w64-mingw32/5.3.0/../../../../x86_64-w64-mingw32/lib/../lib/libmingw32.a(lib64_libmingw32_a-atonexit.o)
 .data          0x00000000004270e0       0x10 C:/Users/PSM-Admin/anaconda3/envs/spansil/Library/mingw-w64/bin/../lib/gcc/x86_64-w64-mingw32/5.3.0/../../../../x86_64-w64-mingw32/lib/../lib/libmingw32.a(lib64_libmingw32_a-gccmain.o)
 .data          0x00000000004270f0       0x10 C:/Users/PSM-Admin/anaconda3/envs/spansil/Library/mingw-w64/bin/../lib/gcc/x86_64-w64-mingw32/5.3.0/../../../../x86_64-w64-mingw32/lib/../lib/libmingw32.a(lib64_libmingw32_a-natstart.o)
                0x00000000004270f0                __native_vcclrit_reason
                0x00000000004270f4                __native_dllmain_reason
 .data          0x0000000000427100       0x10 C:/Users/PSM-Admin/anaconda3/envs/spansil/Library/mingw-w64/bin/../lib/gcc/x86_64-w64-mingw32/5.3.0/../../../../x86_64-w64-mingw32/lib/../lib/libmingw32.a(lib64_libmingw32_a-wildcard.o)
                0x0000000000427100                _dowildcard
 .data          0x0000000000427110       0x10 C:/Users/PSM-Admin/anaconda3/envs/spansil/Library/mingw-w64/bin/../lib/gcc/x86_64-w64-mingw32/5.3.0/../../../../x86_64-w64-mingw32/lib/../lib/libmingw32.a(lib64_libmingw32_a-charmax.o)
                0x0000000000427110                _charmax
 .data          0x0000000000427120        0x0 C:/Users/PSM-Admin/anaconda3/envs/spansil/Library/mingw-w64/bin/../lib/gcc/x86_64-w64-mingw32/5.3.0/../../../../x86_64-w64-mingw32/lib/../lib/libmingw32.a(lib64_libmingw32_a-dllargv.o)
 .data          0x0000000000427120        0x0 C:/Users/PSM-Admin/anaconda3/envs/spansil/Library/mingw-w64/bin/../lib/gcc/x86_64-w64-mingw32/5.3.0/../../../../x86_64-w64-mingw32/lib/../lib/libmingw32.a(lib64_libmingw32_a-gs_support.o)
 .data          0x0000000000427120        0x0 C:/Users/PSM-Admin/anaconda3/envs/spansil/Library/mingw-w64/bin/../lib/gcc/x86_64-w64-mingw32/5.3.0/../../../../x86_64-w64-mingw32/lib/../lib/libmingw32.a(lib64_libmingw32_a-_newmode.o)
 .data          0x0000000000427120        0x0 C:/Users/PSM-Admin/anaconda3/envs/spansil/Library/mingw-w64/bin/../lib/gcc/x86_64-w64-mingw32/5.3.0/../../../../x86_64-w64-mingw32/lib/../lib/libmingw32.a(lib64_libmingw32_a-tlssup.o)
 .data          0x0000000000427120        0x0 C:/Users/PSM-Admin/anaconda3/envs/spansil/Library/mingw-w64/bin/../lib/gcc/x86_64-w64-mingw32/5.3.0/../../../../x86_64-w64-mingw32/lib/../lib/libmingw32.a(lib64_libmingw32_a-cinitexe.o)
 .data          0x0000000000427120        0x0 C:/Users/PSM-Admin/anaconda3/envs/spansil/Library/mingw-w64/bin/../lib/gcc/x86_64-w64-mingw32/5.3.0/../../../../x86_64-w64-mingw32/lib/../lib/libmingw32.a(lib64_libmingw32_a-merr.o)
 .data          0x0000000000427120        0x0 C:/Users/PSM-Admin/anaconda3/envs/spansil/Library/mingw-w64/bin/../lib/gcc/x86_64-w64-mingw32/5.3.0/../../../../x86_64-w64-mingw32/lib/../lib/libmingw32.a(lib64_libmingw32_a-CRT_fp10.o)
 .data          0x0000000000427120        0x0 C:/Users/PSM-Admin/anaconda3/envs/spansil/Library/mingw-w64/bin/../lib/gcc/x86_64-w64-mingw32/5.3.0/../../../../x86_64-w64-mingw32/lib/../lib/libmingw32.a(lib64_libmingw32_a-mingw_helpers.o)
 .data          0x0000000000427120        0x0 C:/Users/PSM-Admin/anaconda3/envs/spansil/Library/mingw-w64/bin/../lib/gcc/x86_64-w64-mingw32/5.3.0/../../../../x86_64-w64-mingw32/lib/../lib/libmingw32.a(lib64_libmingw32_a-pseudo-reloc.o)
 .data          0x0000000000427120        0x0 C:/Users/PSM-Admin/anaconda3/envs/spansil/Library/mingw-w64/bin/../lib/gcc/x86_64-w64-mingw32/5.3.0/../../../../x86_64-w64-mingw32/lib/../lib/libmingw32.a(lib64_libmingw32_a-xtxtmode.o)
 .data          0x0000000000427120        0x0 C:/Users/PSM-Admin/anaconda3/envs/spansil/Library/mingw-w64/bin/../lib/gcc/x86_64-w64-mingw32/5.3.0/../../../../x86_64-w64-mingw32/lib/../lib/libmingw32.a(lib64_libmingw32_a-crt_handler.o)
 .data          0x0000000000427120        0x0 C:/Users/PSM-Admin/anaconda3/envs/spansil/Library/mingw-w64/bin/../lib/gcc/x86_64-w64-mingw32/5.3.0/../../../../x86_64-w64-mingw32/lib/../lib/libmingw32.a(lib64_libmingw32_a-tlsthrd.o)
 .data          0x0000000000427120       0x10 C:/Users/PSM-Admin/anaconda3/envs/spansil/Library/mingw-w64/bin/../lib/gcc/x86_64-w64-mingw32/5.3.0/../../../../x86_64-w64-mingw32/lib/../lib/libmingw32.a(lib64_libmingw32_a-tlsmcrt.o)
                0x0000000000427120                _CRT_MT
 .data          0x0000000000427130        0x0 C:/Users/PSM-Admin/anaconda3/envs/spansil/Library/mingw-w64/bin/../lib/gcc/x86_64-w64-mingw32/5.3.0/../../../../x86_64-w64-mingw32/lib/../lib/libmingw32.a(lib64_libmingw32_a-pseudo-reloc-list.o)
 .data          0x0000000000427130        0x0 C:/Users/PSM-Admin/anaconda3/envs/spansil/Library/mingw-w64/bin/../lib/gcc/x86_64-w64-mingw32/5.3.0/../../../../x86_64-w64-mingw32/lib/../lib/libmingw32.a(lib64_libmingw32_a-pesect.o)
 .data          0x0000000000427130        0x0 C:/Users/PSM-Admin/anaconda3/envs/spansil/Library/mingw-w64/bin/../lib/gcc/x86_64-w64-mingw32/5.3.0/libgcc.a(_chkstk_ms.o)
 .data          0x0000000000427130        0x0 C:/Users/PSM-Admin/anaconda3/envs/spansil/Library/mingw-w64/bin/../lib/gcc/x86_64-w64-mingw32/5.3.0/libgcc.a(_ctors.o)
 .data          0x0000000000427130       0x10 C:/Users/PSM-Admin/anaconda3/envs/spansil/Library/mingw-w64/bin/../lib/gcc/x86_64-w64-mingw32/5.3.0/../../../../x86_64-w64-mingw32/lib/../lib/libmingwex.a(lib64_libmingwex_a-mingw_matherr.o)
                0x0000000000427130                _MINGW_INSTALL_DEBUG_MATHERR
 .data          0x0000000000427140        0x0 C:/Users/PSM-Admin/anaconda3/envs/spansil/Library/mingw-w64/bin/../lib/gcc/x86_64-w64-mingw32/5.3.0/../../../../x86_64-w64-mingw32/lib/../lib/libmsvcrt.a(dgbqs01239.o)
 .data          0x0000000000427140        0x0 C:/Users/PSM-Admin/anaconda3/envs/spansil/Library/mingw-w64/bin/../lib/gcc/x86_64-w64-mingw32/5.3.0/../../../../x86_64-w64-mingw32/lib/../lib/libmsvcrt.a(dgbqs01207.o)
 .data          0x0000000000427140        0x0 C:/Users/PSM-Admin/anaconda3/envs/spansil/Library/mingw-w64/bin/../lib/gcc/x86_64-w64-mingw32/5.3.0/../../../../x86_64-w64-mingw32/lib/../lib/libmsvcrt.a(dgbqs01204.o)
 .data          0x0000000000427140        0x0 C:/Users/PSM-Admin/anaconda3/envs/spansil/Library/mingw-w64/bin/../lib/gcc/x86_64-w64-mingw32/5.3.0/../../../../x86_64-w64-mingw32/lib/../lib/libmsvcrt.a(dgbqs01197.o)
 .data          0x0000000000427140        0x0 C:/Users/PSM-Admin/anaconda3/envs/spansil/Library/mingw-w64/bin/../lib/gcc/x86_64-w64-mingw32/5.3.0/../../../../x86_64-w64-mingw32/lib/../lib/libmsvcrt.a(dgbqs01188.o)
 .data          0x0000000000427140        0x0 C:/Users/PSM-Admin/anaconda3/envs/spansil/Library/mingw-w64/bin/../lib/gcc/x86_64-w64-mingw32/5.3.0/../../../../x86_64-w64-mingw32/lib/../lib/libmsvcrt.a(dgbqs01183.o)
 .data          0x0000000000427140        0x0 C:/Users/PSM-Admin/anaconda3/envs/spansil/Library/mingw-w64/bin/../lib/gcc/x86_64-w64-mingw32/5.3.0/../../../../x86_64-w64-mingw32/lib/../lib/libmsvcrt.a(dgbqs01172.o)
 .data          0x0000000000427140        0x0 C:/Users/PSM-Admin/anaconda3/envs/spansil/Library/mingw-w64/bin/../lib/gcc/x86_64-w64-mingw32/5.3.0/../../../../x86_64-w64-mingw32/lib/../lib/libmsvcrt.a(dgbqs01166.o)
 .data          0x0000000000427140        0x0 C:/Users/PSM-Admin/anaconda3/envs/spansil/Library/mingw-w64/bin/../lib/gcc/x86_64-w64-mingw32/5.3.0/../../../../x86_64-w64-mingw32/lib/../lib/libmsvcrt.a(dgbqs01162.o)
 .data          0x0000000000427140        0x0 C:/Users/PSM-Admin/anaconda3/envs/spansil/Library/mingw-w64/bin/../lib/gcc/x86_64-w64-mingw32/5.3.0/../../../../x86_64-w64-mingw32/lib/../lib/libmsvcrt.a(dgbqs01155.o)
 .data          0x0000000000427140        0x0 C:/Users/PSM-Admin/anaconda3/envs/spansil/Library/mingw-w64/bin/../lib/gcc/x86_64-w64-mingw32/5.3.0/../../../../x86_64-w64-mingw32/lib/../lib/libmsvcrt.a(dgbqs01153.o)
 .data          0x0000000000427140        0x0 C:/Users/PSM-Admin/anaconda3/envs/spansil/Library/mingw-w64/bin/../lib/gcc/x86_64-w64-mingw32/5.3.0/../../../../x86_64-w64-mingw32/lib/../lib/libmsvcrt.a(dgbqs01152.o)
 .data          0x0000000000427140        0x0 C:/Users/PSM-Admin/anaconda3/envs/spansil/Library/mingw-w64/bin/../lib/gcc/x86_64-w64-mingw32/5.3.0/../../../../x86_64-w64-mingw32/lib/../lib/libmsvcrt.a(dgbqs01145.o)
 .data          0x0000000000427140        0x0 C:/Users/PSM-Admin/anaconda3/envs/spansil/Library/mingw-w64/bin/../lib/gcc/x86_64-w64-mingw32/5.3.0/../../../../x86_64-w64-mingw32/lib/../lib/libmsvcrt.a(dgbqs01097.o)
 .data          0x0000000000427140        0x0 C:/Users/PSM-Admin/anaconda3/envs/spansil/Library/mingw-w64/bin/../lib/gcc/x86_64-w64-mingw32/5.3.0/../../../../x86_64-w64-mingw32/lib/../lib/libmsvcrt.a(dgbqs01086.o)
 .data          0x0000000000427140        0x0 C:/Users/PSM-Admin/anaconda3/envs/spansil/Library/mingw-w64/bin/../lib/gcc/x86_64-w64-mingw32/5.3.0/../../../../x86_64-w64-mingw32/lib/../lib/libmsvcrt.a(dgbqs01079.o)
 .data          0x0000000000427140        0x0 C:/Users/PSM-Admin/anaconda3/envs/spansil/Library/mingw-w64/bin/../lib/gcc/x86_64-w64-mingw32/5.3.0/../../../../x86_64-w64-mingw32/lib/../lib/libmsvcrt.a(dgbqs01077.o)
 .data          0x0000000000427140        0x0 C:/Users/PSM-Admin/anaconda3/envs/spansil/Library/mingw-w64/bin/../lib/gcc/x86_64-w64-mingw32/5.3.0/../../../../x86_64-w64-mingw32/lib/../lib/libmsvcrt.a(dgbqs01067.o)
 .data          0x0000000000427140        0x0 C:/Users/PSM-Admin/anaconda3/envs/spansil/Library/mingw-w64/bin/../lib/gcc/x86_64-w64-mingw32/5.3.0/../../../../x86_64-w64-mingw32/lib/../lib/libmsvcrt.a(dgbqs01064.o)
 .data          0x0000000000427140        0x0 C:/Users/PSM-Admin/anaconda3/envs/spansil/Library/mingw-w64/bin/../lib/gcc/x86_64-w64-mingw32/5.3.0/../../../../x86_64-w64-mingw32/lib/../lib/libmsvcrt.a(dgbqs01060.o)
 .data          0x0000000000427140        0x0 C:/Users/PSM-Admin/anaconda3/envs/spansil/Library/mingw-w64/bin/../lib/gcc/x86_64-w64-mingw32/5.3.0/../../../../x86_64-w64-mingw32/lib/../lib/libmsvcrt.a(dgbqs01047.o)
 .data          0x0000000000427140        0x0 C:/Users/PSM-Admin/anaconda3/envs/spansil/Library/mingw-w64/bin/../lib/gcc/x86_64-w64-mingw32/5.3.0/../../../../x86_64-w64-mingw32/lib/../lib/libmsvcrt.a(dgbqs01030.o)
 .data          0x0000000000427140        0x0 C:/Users/PSM-Admin/anaconda3/envs/spansil/Library/mingw-w64/bin/../lib/gcc/x86_64-w64-mingw32/5.3.0/../../../../x86_64-w64-mingw32/lib/../lib/libmsvcrt.a(dgbqs00819.o)
 .data          0x0000000000427140        0x0 C:/Users/PSM-Admin/anaconda3/envs/spansil/Library/mingw-w64/bin/../lib/gcc/x86_64-w64-mingw32/5.3.0/../../../../x86_64-w64-mingw32/lib/../lib/libmsvcrt.a(dgbqs00611.o)
 .data          0x0000000000427140        0x0 C:/Users/PSM-Admin/anaconda3/envs/spansil/Library/mingw-w64/bin/../lib/gcc/x86_64-w64-mingw32/5.3.0/../../../../x86_64-w64-mingw32/lib/../lib/libmsvcrt.a(dgbqs00439.o)
 .data          0x0000000000427140        0x0 C:/Users/PSM-Admin/anaconda3/envs/spansil/Library/mingw-w64/bin/../lib/gcc/x86_64-w64-mingw32/5.3.0/../../../../x86_64-w64-mingw32/lib/../lib/libmsvcrt.a(dgbqs00330.o)
 .data          0x0000000000427140        0x0 C:/Users/PSM-Admin/anaconda3/envs/spansil/Library/mingw-w64/bin/../lib/gcc/x86_64-w64-mingw32/5.3.0/../../../../x86_64-w64-mingw32/lib/../lib/libmsvcrt.a(dgbqs00251.o)
 .data          0x0000000000427140        0x0 C:/Users/PSM-Admin/anaconda3/envs/spansil/Library/mingw-w64/bin/../lib/gcc/x86_64-w64-mingw32/5.3.0/../../../../x86_64-w64-mingw32/lib/../lib/libmsvcrt.a(dgbqs00140.o)
 .data          0x0000000000427140        0x0 C:/Users/PSM-Admin/anaconda3/envs/spansil/Library/mingw-w64/bin/../lib/gcc/x86_64-w64-mingw32/5.3.0/../../../../x86_64-w64-mingw32/lib/../lib/libmsvcrt.a(dgbqs00122.o)
 .data          0x0000000000427140        0x0 C:/Users/PSM-Admin/anaconda3/envs/spansil/Library/mingw-w64/bin/../lib/gcc/x86_64-w64-mingw32/5.3.0/../../../../x86_64-w64-mingw32/lib/../lib/libmsvcrt.a(dgbqs00115.o)
 .data          0x0000000000427140        0x0 C:/Users/PSM-Admin/anaconda3/envs/spansil/Library/mingw-w64/bin/../lib/gcc/x86_64-w64-mingw32/5.3.0/../../../../x86_64-w64-mingw32/lib/../lib/libmsvcrt.a(dgbqs00098.o)
 .data          0x0000000000427140        0x0 C:/Users/PSM-Admin/anaconda3/envs/spansil/Library/mingw-w64/bin/../lib/gcc/x86_64-w64-mingw32/5.3.0/../../../../x86_64-w64-mingw32/lib/../lib/libmsvcrt.a(dgbqs00096.o)
 .data          0x0000000000427140        0x0 C:/Users/PSM-Admin/anaconda3/envs/spansil/Library/mingw-w64/bin/../lib/gcc/x86_64-w64-mingw32/5.3.0/../../../../x86_64-w64-mingw32/lib/../lib/libmsvcrt.a(dgbqs00090.o)
 .data          0x0000000000427140        0x0 C:/Users/PSM-Admin/anaconda3/envs/spansil/Library/mingw-w64/bin/../lib/gcc/x86_64-w64-mingw32/5.3.0/../../../../x86_64-w64-mingw32/lib/../lib/libmsvcrt.a(dgbqs00083.o)
 .data          0x0000000000427140        0x0 C:/Users/PSM-Admin/anaconda3/envs/spansil/Library/mingw-w64/bin/../lib/gcc/x86_64-w64-mingw32/5.3.0/../../../../x86_64-w64-mingw32/lib/../lib/libmsvcrt.a(dgbqs00082.o)
 .data          0x0000000000427140        0x0 C:/Users/PSM-Admin/anaconda3/envs/spansil/Library/mingw-w64/bin/../lib/gcc/x86_64-w64-mingw32/5.3.0/../../../../x86_64-w64-mingw32/lib/../lib/libmsvcrt.a(dgbqs00081.o)
 .data          0x0000000000427140        0x0 C:/Users/PSM-Admin/anaconda3/envs/spansil/Library/mingw-w64/bin/../lib/gcc/x86_64-w64-mingw32/5.3.0/../../../../x86_64-w64-mingw32/lib/../lib/libmsvcrt.a(dgbqs00078.o)
 .data          0x0000000000427140        0x0 C:/Users/PSM-Admin/anaconda3/envs/spansil/Library/mingw-w64/bin/../lib/gcc/x86_64-w64-mingw32/5.3.0/../../../../x86_64-w64-mingw32/lib/../lib/libmsvcrt.a(dgbqs00055.o)
 .data          0x0000000000427140       0x10 C:/Users/PSM-Admin/anaconda3/envs/spansil/Library/mingw-w64/bin/../lib/gcc/x86_64-w64-mingw32/5.3.0/../../../../x86_64-w64-mingw32/lib/../lib/libmsvcrt.a(lib64_libmsvcrt_a-invalid_parameter_handler.o)
                0x0000000000427140                __imp__get_invalid_parameter_handler
                0x0000000000427148                __imp__set_invalid_parameter_handler
 .data          0x0000000000427150        0x0 C:/Users/PSM-Admin/anaconda3/envs/spansil/Library/mingw-w64/bin/../lib/gcc/x86_64-w64-mingw32/5.3.0/../../../../x86_64-w64-mingw32/lib/../lib/libmsvcrt.a(dgbqh.o)
 .data          0x0000000000427150        0x0 C:/Users/PSM-Admin/anaconda3/envs/spansil/Library/mingw-w64/bin/../lib/gcc/x86_64-w64-mingw32/5.3.0/../../../../x86_64-w64-mingw32/lib/../lib/libmsvcrt.a(dgbqt.o)
 .data          0x0000000000427150        0x0 C:/Users/PSM-Admin/anaconda3/envs/spansil/Library/mingw-w64/bin/../lib/gcc/x86_64-w64-mingw32/5.3.0/../../../../x86_64-w64-mingw32/lib/../lib/libkernel32.a(dwxns01274.o)
 .data          0x0000000000427150        0x0 C:/Users/PSM-Admin/anaconda3/envs/spansil/Library/mingw-w64/bin/../lib/gcc/x86_64-w64-mingw32/5.3.0/../../../../x86_64-w64-mingw32/lib/../lib/libkernel32.a(dwxns01272.o)
 .data          0x0000000000427150        0x0 C:/Users/PSM-Admin/anaconda3/envs/spansil/Library/mingw-w64/bin/../lib/gcc/x86_64-w64-mingw32/5.3.0/../../../../x86_64-w64-mingw32/lib/../lib/libkernel32.a(dwxns01266.o)
 .data          0x0000000000427150        0x0 C:/Users/PSM-Admin/anaconda3/envs/spansil/Library/mingw-w64/bin/../lib/gcc/x86_64-w64-mingw32/5.3.0/../../../../x86_64-w64-mingw32/lib/../lib/libkernel32.a(dwxns01264.o)
 .data          0x0000000000427150        0x0 C:/Users/PSM-Admin/anaconda3/envs/spansil/Library/mingw-w64/bin/../lib/gcc/x86_64-w64-mingw32/5.3.0/../../../../x86_64-w64-mingw32/lib/../lib/libkernel32.a(dwxns01234.o)
 .data          0x0000000000427150        0x0 C:/Users/PSM-Admin/anaconda3/envs/spansil/Library/mingw-w64/bin/../lib/gcc/x86_64-w64-mingw32/5.3.0/../../../../x86_64-w64-mingw32/lib/../lib/libkernel32.a(dwxns01221.o)
 .data          0x0000000000427150        0x0 C:/Users/PSM-Admin/anaconda3/envs/spansil/Library/mingw-w64/bin/../lib/gcc/x86_64-w64-mingw32/5.3.0/../../../../x86_64-w64-mingw32/lib/../lib/libkernel32.a(dwxns01215.o)
 .data          0x0000000000427150        0x0 C:/Users/PSM-Admin/anaconda3/envs/spansil/Library/mingw-w64/bin/../lib/gcc/x86_64-w64-mingw32/5.3.0/../../../../x86_64-w64-mingw32/lib/../lib/libkernel32.a(dwxns01214.o)
 .data          0x0000000000427150        0x0 C:/Users/PSM-Admin/anaconda3/envs/spansil/Library/mingw-w64/bin/../lib/gcc/x86_64-w64-mingw32/5.3.0/../../../../x86_64-w64-mingw32/lib/../lib/libkernel32.a(dwxns01208.o)
 .data          0x0000000000427150        0x0 C:/Users/PSM-Admin/anaconda3/envs/spansil/Library/mingw-w64/bin/../lib/gcc/x86_64-w64-mingw32/5.3.0/../../../../x86_64-w64-mingw32/lib/../lib/libkernel32.a(dwxns01200.o)