Archive member included to satisfy reference by file (symbol)

/usr/lib/gcc/arm-none-eabi/9.2.1/../../../arm-none-eabi/lib/thumb/v7-m/nofp/libg_nano.a(lib_a-fflush.o)
                              ./output/startup_gcc.o (fflush)
/usr/lib/gcc/arm-none-eabi/9.2.1/../../../arm-none-eabi/lib/thumb/v7-m/nofp/libg_nano.a(lib_a-findfp.o)
                              /usr/lib/gcc/arm-none-eabi/9.2.1/../../../arm-none-eabi/lib/thumb/v7-m/nofp/libg_nano.a(lib_a-fflush.o) (__sinit)
/usr/lib/gcc/arm-none-eabi/9.2.1/../../../arm-none-eabi/lib/thumb/v7-m/nofp/libg_nano.a(lib_a-fwalk.o)
                              /usr/lib/gcc/arm-none-eabi/9.2.1/../../../arm-none-eabi/lib/thumb/v7-m/nofp/libg_nano.a(lib_a-findfp.o) (_fwalk)
/usr/lib/gcc/arm-none-eabi/9.2.1/../../../arm-none-eabi/lib/thumb/v7-m/nofp/libg_nano.a(lib_a-impure.o)
                              /usr/lib/gcc/arm-none-eabi/9.2.1/../../../arm-none-eabi/lib/thumb/v7-m/nofp/libg_nano.a(lib_a-fflush.o) (_global_impure_ptr)
/usr/lib/gcc/arm-none-eabi/9.2.1/../../../arm-none-eabi/lib/thumb/v7-m/nofp/libg_nano.a(lib_a-memcmp.o)
                              ./output/MessageBufferDemo.o (memcmp)
/usr/lib/gcc/arm-none-eabi/9.2.1/../../../arm-none-eabi/lib/thumb/v7-m/nofp/libg_nano.a(lib_a-memcpy.o)
                              ./output/queue.o (memcpy)
/usr/lib/gcc/arm-none-eabi/9.2.1/../../../arm-none-eabi/lib/thumb/v7-m/nofp/libg_nano.a(lib_a-memset.o)
                              ./output/tasks.o (memset)
/usr/lib/gcc/arm-none-eabi/9.2.1/../../../arm-none-eabi/lib/thumb/v7-m/nofp/libg_nano.a(lib_a-nano-freer.o)
                              /usr/lib/gcc/arm-none-eabi/9.2.1/../../../arm-none-eabi/lib/thumb/v7-m/nofp/libg_nano.a(lib_a-fflush.o) (_free_r)
/usr/lib/gcc/arm-none-eabi/9.2.1/../../../arm-none-eabi/lib/thumb/v7-m/nofp/libg_nano.a(lib_a-nano-mallocr.o)
                              /usr/lib/gcc/arm-none-eabi/9.2.1/../../../arm-none-eabi/lib/thumb/v7-m/nofp/libg_nano.a(lib_a-findfp.o) (_malloc_r)
/usr/lib/gcc/arm-none-eabi/9.2.1/../../../arm-none-eabi/lib/thumb/v7-m/nofp/libg_nano.a(lib_a-sbrkr.o)
                              /usr/lib/gcc/arm-none-eabi/9.2.1/../../../arm-none-eabi/lib/thumb/v7-m/nofp/libg_nano.a(lib_a-nano-mallocr.o) (_sbrk_r)
/usr/lib/gcc/arm-none-eabi/9.2.1/../../../arm-none-eabi/lib/thumb/v7-m/nofp/libg_nano.a(lib_a-stdio.o)
                              /usr/lib/gcc/arm-none-eabi/9.2.1/../../../arm-none-eabi/lib/thumb/v7-m/nofp/libg_nano.a(lib_a-findfp.o) (__sread)
/usr/lib/gcc/arm-none-eabi/9.2.1/../../../arm-none-eabi/lib/thumb/v7-m/nofp/libg_nano.a(lib_a-strcmp.o)
                              ./output/MessageBufferAMP.o (strcmp)
/usr/lib/gcc/arm-none-eabi/9.2.1/../../../arm-none-eabi/lib/thumb/v7-m/nofp/libg_nano.a(lib_a-strlen-stub.o)
                              ./output/tasks.o (strlen)
/usr/lib/gcc/arm-none-eabi/9.2.1/../../../arm-none-eabi/lib/thumb/v7-m/nofp/libg_nano.a(lib_a-writer.o)
                              /usr/lib/gcc/arm-none-eabi/9.2.1/../../../arm-none-eabi/lib/thumb/v7-m/nofp/libg_nano.a(lib_a-stdio.o) (_write_r)
/usr/lib/gcc/arm-none-eabi/9.2.1/../../../arm-none-eabi/lib/thumb/v7-m/nofp/libg_nano.a(lib_a-closer.o)
                              /usr/lib/gcc/arm-none-eabi/9.2.1/../../../arm-none-eabi/lib/thumb/v7-m/nofp/libg_nano.a(lib_a-stdio.o) (_close_r)
/usr/lib/gcc/arm-none-eabi/9.2.1/../../../arm-none-eabi/lib/thumb/v7-m/nofp/libg_nano.a(lib_a-lseekr.o)
                              /usr/lib/gcc/arm-none-eabi/9.2.1/../../../arm-none-eabi/lib/thumb/v7-m/nofp/libg_nano.a(lib_a-stdio.o) (_lseek_r)
/usr/lib/gcc/arm-none-eabi/9.2.1/../../../arm-none-eabi/lib/thumb/v7-m/nofp/libg_nano.a(lib_a-mlock.o)
                              /usr/lib/gcc/arm-none-eabi/9.2.1/../../../arm-none-eabi/lib/thumb/v7-m/nofp/libg_nano.a(lib_a-nano-freer.o) (__malloc_lock)
/usr/lib/gcc/arm-none-eabi/9.2.1/../../../arm-none-eabi/lib/thumb/v7-m/nofp/libg_nano.a(lib_a-readr.o)
                              /usr/lib/gcc/arm-none-eabi/9.2.1/../../../arm-none-eabi/lib/thumb/v7-m/nofp/libg_nano.a(lib_a-stdio.o) (_read_r)
/usr/lib/gcc/arm-none-eabi/9.2.1/../../../arm-none-eabi/lib/thumb/v7-m/nofp/libg_nano.a(lib_a-reent.o)
                              /usr/lib/gcc/arm-none-eabi/9.2.1/../../../arm-none-eabi/lib/thumb/v7-m/nofp/libg_nano.a(lib_a-sbrkr.o) (errno)
/usr/lib/gcc/arm-none-eabi/9.2.1/../../../arm-none-eabi/lib/thumb/v7-m/nofp/librdimon_nano.a(rdimon-syscalls.o)
                              /usr/lib/gcc/arm-none-eabi/9.2.1/../../../arm-none-eabi/lib/thumb/v7-m/nofp/libg_nano.a(lib_a-readr.o) (_read)
/usr/lib/gcc/arm-none-eabi/9.2.1/../../../arm-none-eabi/lib/thumb/v7-m/nofp/libc_nano.a(lib_a-errno.o)
                              /usr/lib/gcc/arm-none-eabi/9.2.1/../../../arm-none-eabi/lib/thumb/v7-m/nofp/librdimon_nano.a(rdimon-syscalls.o) (__errno)

Allocating common symbols
Common symbol       size              file

xQueueSetSendingTask
                    0x4               ./output/QueueSet.o
[...]
Memory Configuration

Name             Origin             Length             Attributes
FLASH            0x0000000000000000 0x0000000000400000 xr
RAM              0x0000000020000000 0x0000000000400000 rw
*default*        0x0000000000000000 0xffffffffffffffff

Linker script and memory map

LOAD ./output/tasks.o
LOAD ./output/list.o
LOAD ./output/queue.o
LOAD ./output/timers.o
LOAD ./output/event_groups.o
LOAD ./output/stream_buffer.o
LOAD ./output/heap_4.o
LOAD ./output/port.o
LOAD ./output/AbortDelay.o
LOAD ./output/BlockQ.o
LOAD ./output/blocktim.o
LOAD ./output/countsem.o
LOAD ./output/death.o
LOAD ./output/dynamic.o
LOAD ./output/EventGroupsDemo.o
LOAD ./output/GenQTest.o
LOAD ./output/integer.o
LOAD ./output/IntQueue.o
LOAD ./output/IntQueueTimer.o
LOAD ./output/IntSemTest.o
LOAD ./output/MessageBufferAMP.o
LOAD ./output/MessageBufferDemo.o
LOAD ./output/PollQ.o
LOAD ./output/QPeek.o
LOAD ./output/QueueOverwrite.o
LOAD ./output/QueueSet.o
LOAD ./output/QueueSetPolling.o
LOAD ./output/recmutex.o
LOAD ./output/semtest.o
LOAD ./output/StaticAllocation.o
LOAD ./output/StreamBufferDemo.o
LOAD ./output/StreamBufferInterrupt.o
LOAD ./output/TaskNotify.o
LOAD ./output/TaskNotifyArray.o
LOAD ./output/TimerDemo.o
LOAD ./output/main.o
LOAD ./output/main_blinky.o
LOAD ./output/main_full.o
LOAD ./output/startup_gcc.o
LOAD ./output/printf-stdarg.o
                0x0000000000000008                _Min_Heap_Size = 0x8
                0x0000000000000400                _Min_Stack_Size = 0x400
                0x0000000020400000                _estack = (ORIGIN (RAM) + LENGTH (RAM))

.isr_vector     0x0000000000000000       0x78
                0x0000000000000000                __vector_table = .
 *(.isr_vector)
 .isr_vector    0x0000000000000000       0x78 ./output/startup_gcc.o
                0x0000000000000000                isr_vector
                0x0000000000000078                . = ALIGN (0x4)

.text           0x0000000000000078     0x13c0
 *(.text)
 .text          0x0000000000000078      0x1b0 /usr/lib/gcc/arm-none-eabi/9.2.1/../../../arm-none-eabi/lib/thumb/v7-m/nofp/libg_nano.a(lib_a-fflush.o)
                0x0000000000000078                __sflush_r
                0x00000000000001a4                _fflush_r
                0x0000000000000204                fflush
 .text          0x0000000000000228      0x210 /usr/lib/gcc/arm-none-eabi/9.2.1/../../../arm-none-eabi/lib/thumb/v7-m/nofp/libg_nano.a(lib_a-findfp.o)
                0x000000000000022c                _cleanup_r
                0x000000000000023c                __sfmoreglue
                0x000000000000026c                __sfp
                0x00000000000003e4                _cleanup
                0x00000000000003f8                __sinit
                0x0000000000000400                __sfp_lock_acquire
                0x0000000000000404                __sfp_lock_release
                0x0000000000000408                __sinit_lock_acquire
                0x000000000000040c                __sinit_lock_release
                0x0000000000000410                __fp_lock_all
                0x0000000000000424                __fp_unlock_all
 .text          0x0000000000000438       0x98 /usr/lib/gcc/arm-none-eabi/9.2.1/../../../arm-none-eabi/lib/thumb/v7-m/nofp/libg_nano.a(lib_a-fwalk.o)
                0x0000000000000438                _fwalk
                0x0000000000000480                _fwalk_reent
 .text          0x00000000000004d0       0xec /usr/lib/gcc/arm-none-eabi/9.2.1/../../../arm-none-eabi/lib/thumb/v7-m/nofp/libg_nano.a(lib_a-memcpy.o)
                0x00000000000004d0                memcpy
 .text          0x00000000000005bc       0xa0 /usr/lib/gcc/arm-none-eabi/9.2.1/../../../arm-none-eabi/lib/thumb/v7-m/nofp/libg_nano.a(lib_a-memset.o)
                0x00000000000005bc                memset
 .text          0x000000000000065c       0xa8 /usr/lib/gcc/arm-none-eabi/9.2.1/../../../arm-none-eabi/lib/thumb/v7-m/nofp/libg_nano.a(lib_a-nano-freer.o)
                0x000000000000065c                _free_r
 .text          0x0000000000000704       0xc8 /usr/lib/gcc/arm-none-eabi/9.2.1/../../../arm-none-eabi/lib/thumb/v7-m/nofp/libg_nano.a(lib_a-nano-mallocr.o)
                0x0000000000000704                _malloc_r
 .text          0x00000000000007cc       0x24 /usr/lib/gcc/arm-none-eabi/9.2.1/../../../arm-none-eabi/lib/thumb/v7-m/nofp/libg_nano.a(lib_a-sbrkr.o)
                0x00000000000007cc                _sbrk_r
 .text          0x00000000000007f0       0x90 /usr/lib/gcc/arm-none-eabi/9.2.1/../../../arm-none-eabi/lib/thumb/v7-m/nofp/libg_nano.a(lib_a-stdio.o)
                0x00000000000007f0                __sread
                0x0000000000000814                __seofread
                0x0000000000000818                __swrite
                0x0000000000000858                __sseek
                0x0000000000000878                __sclose
 .text          0x0000000000000880       0x5c /usr/lib/gcc/arm-none-eabi/9.2.1/../../../arm-none-eabi/lib/thumb/v7-m/nofp/libg_nano.a(lib_a-strlen-stub.o)
                0x0000000000000880                strlen
 .text          0x00000000000008dc       0x2c /usr/lib/gcc/arm-none-eabi/9.2.1/../../../arm-none-eabi/lib/thumb/v7-m/nofp/libg_nano.a(lib_a-writer.o)
                0x00000000000008dc                _write_r
 .text          0x0000000000000908       0x24 /usr/lib/gcc/arm-none-eabi/9.2.1/../../../arm-none-eabi/lib/thumb/v7-m/nofp/libg_nano.a(lib_a-closer.o)
                0x0000000000000908                _close_r
 .text          0x000000000000092c       0x2c /usr/lib/gcc/arm-none-eabi/9.2.1/../../../arm-none-eabi/lib/thumb/v7-m/nofp/libg_nano.a(lib_a-lseekr.o)
                0x000000000000092c                _lseek_r
 .text          0x0000000000000958        0x8 /usr/lib/gcc/arm-none-eabi/9.2.1/../../../arm-none-eabi/lib/thumb/v7-m/nofp/libg_nano.a(lib_a-mlock.o)
                0x0000000000000958                __malloc_lock
                0x000000000000095c                __malloc_unlock
 .text          0x0000000000000960       0x2c /usr/lib/gcc/arm-none-eabi/9.2.1/../../../arm-none-eabi/lib/thumb/v7-m/nofp/libg_nano.a(lib_a-readr.o)
                0x0000000000000960                _read_r
 .text          0x000000000000098c      0x804 /usr/lib/gcc/arm-none-eabi/9.2.1/../../../arm-none-eabi/lib/thumb/v7-m/nofp/librdimon_nano.a(rdimon-syscalls.o)
                0x00000000000009e0                _swiread
                0x0000000000000a08                _read
                0x0000000000000a5c                _swilseek
                0x0000000000000afc                _lseek
                0x0000000000000b00                _swiwrite
                0x0000000000000b28                _write
                0x0000000000000ba0                _swiclose
                0x0000000000000bc4                _close
                0x0000000000000c2c                _getpid
                0x0000000000000c30                _sbrk
                0x0000000000000c84                _swistat
                0x0000000000000cd0                _fstat
                0x0000000000000cec                _stat
                0x0000000000000d28                _swiopen
                0x0000000000000df0                _open
                0x0000000000000e04                _get_semihosting_exts
                0x0000000000000f04                _has_ext_exit_extended
                0x0000000000000f1c                _has_ext_stdout_stderr
                0x0000000000000f34                initialise_monitor_handles
                0x0000000000001024                _link
                0x0000000000001034                _unlink
                0x0000000000001070                _gettimeofday
                0x000000000000109c                _clock
                0x00000000000010b0                _times
                0x00000000000010d0                _isatty
                0x000000000000110c                _system
                0x0000000000001154                _rename
 .text          0x0000000000001190        0xc /usr/lib/gcc/arm-none-eabi/9.2.1/../../../arm-none-eabi/lib/thumb/v7-m/nofp/libc_nano.a(lib_a-errno.o)
                0x0000000000001190                __errno
 *(.rodata*)
 .rodata        0x000000000000119c       0x25 ./output/tasks.o
 *fill*         0x00000000000011c1        0x3 
 .rodata        0x00000000000011c4       0x1e ./output/queue.o
 *fill*         0x00000000000011e2        0x2 
 .rodata        0x00000000000011e4       0x2d ./output/timers.o
 *fill*         0x0000000000001211        0x3 
 .rodata        0x0000000000001214       0x30 ./output/heap_4.o
 .rodata        0x0000000000001244       0x32 ./output/port.o
 *fill*         0x0000000000001276        0x2 
 .rodata        0x0000000000001278       0x8f ./output/main.o
 *fill*         0x0000000000001307        0x1 
 .rodata        0x0000000000001308       0x6d ./output/main_blinky.o
 *fill*         0x0000000000001375        0x3 
 .rodata        0x0000000000001378       0x36 ./output/startup_gcc.o
 *fill*         0x00000000000013ae        0x2 
 .rodata        0x00000000000013b0        0x7 ./output/printf-stdarg.o
 *fill*         0x00000000000013b7        0x1 
 .rodata        0x00000000000013b8       0x60 /usr/lib/gcc/arm-none-eabi/9.2.1/../../../arm-none-eabi/lib/thumb/v7-m/nofp/libg_nano.a(lib_a-findfp.o)
                0x00000000000013b8                __sf_fake_stderr
                0x00000000000013d8                __sf_fake_stdout
                0x00000000000013f8                __sf_fake_stdin
 .rodata        0x0000000000001418        0x4 /usr/lib/gcc/arm-none-eabi/9.2.1/../../../arm-none-eabi/lib/thumb/v7-m/nofp/libg_nano.a(lib_a-impure.o)
                0x0000000000001418                _global_impure_ptr
 .rodata.str1.4
                0x000000000000141c       0x1c /usr/lib/gcc/arm-none-eabi/9.2.1/../../../arm-none-eabi/lib/thumb/v7-m/nofp/librdimon_nano.a(rdimon-syscalls.o)
 *(.constdata*)
                0x0000000000001438                _etext = .
                0x0000000000001438                _sidata = .

.glue_7         0x0000000000001438        0x0
 .glue_7        0x0000000000001438        0x0 linker stubs

.glue_7t        0x0000000000001438        0x0
 .glue_7t       0x0000000000001438        0x0 linker stubs

.vfp11_veneer   0x0000000000001438        0x0
 .vfp11_veneer  0x0000000000001438        0x0 linker stubs

.v4_bx          0x0000000000001438        0x0
 .v4_bx         0x0000000000001438        0x0 linker stubs

.text.xTaskCreateStatic
                0x0000000000001438       0x9c
 .text.xTaskCreateStatic
                0x0000000000001438       0x9c ./output/tasks.o
                0x0000000000001438                xTaskCreateStatic

.text.xTaskCreate
                0x00000000000014d4       0x8a
 .text.xTaskCreate
                0x00000000000014d4       0x8a ./output/tasks.o
                0x00000000000014d4                xTaskCreate

.text.prvInitialiseNewTask
                0x0000000000001560      0x12c
 .text.prvInitialiseNewTask
                0x0000000000001560      0x12c ./output/tasks.o

.text.prvAddNewTaskToReadyList
                0x000000000000168c       0xd4
 .text.prvAddNewTaskToReadyList
                0x000000000000168c       0xd4 ./output/tasks.o

.text.vTaskDelayUntil
                0x0000000000001760       0xdc
 .text.vTaskDelayUntil
                0x0000000000001760       0xdc ./output/tasks.o
                0x0000000000001760                vTaskDelayUntil

.text.vTaskStartScheduler
                0x000000000000183c       0xc8
 .text.vTaskStartScheduler
                0x000000000000183c       0xc8 ./output/tasks.o
                0x000000000000183c                vTaskStartScheduler

.text.vTaskSuspendAll
                0x0000000000001904       0x1c
 .text.vTaskSuspendAll
                0x0000000000001904       0x1c ./output/tasks.o
                0x0000000000001904                vTaskSuspendAll

.text.xTaskResumeAll
                0x0000000000001920      0x130
 .text.xTaskResumeAll
                0x0000000000001920      0x130 ./output/tasks.o
                0x0000000000001920                xTaskResumeAll

.text.xTaskGetTickCount
                0x0000000000001a50       0x1c
 .text.xTaskGetTickCount
                0x0000000000001a50       0x1c ./output/tasks.o
                0x0000000000001a50                xTaskGetTickCount

.text.xTaskIncrementTick
                0x0000000000001a6c      0x178
 .text.xTaskIncrementTick
                0x0000000000001a6c      0x178 ./output/tasks.o
                0x0000000000001a6c                xTaskIncrementTick

.text.vTaskSwitchContext
                0x0000000000001be4       0xf8
 .text.vTaskSwitchContext
                0x0000000000001be4       0xf8 ./output/tasks.o
                0x0000000000001be4                vTaskSwitchContext

.text.vTaskPlaceOnEventList
                0x0000000000001cdc       0x40
 .text.vTaskPlaceOnEventList
                0x0000000000001cdc       0x40 ./output/tasks.o
                0x0000000000001cdc                vTaskPlaceOnEventList

.text.vTaskPlaceOnEventListRestricted
                0x0000000000001d1c       0x50
 .text.vTaskPlaceOnEventListRestricted
                0x0000000000001d1c       0x50 ./output/tasks.o
                0x0000000000001d1c                vTaskPlaceOnEventListRestricted

.text.xTaskRemoveFromEventList
                0x0000000000001d6c       0xbc
 .text.xTaskRemoveFromEventList
                0x0000000000001d6c       0xbc ./output/tasks.o
                0x0000000000001d6c                xTaskRemoveFromEventList

.text.vTaskInternalSetTimeOutState
                0x0000000000001e28       0x2c
 .text.vTaskInternalSetTimeOutState
                0x0000000000001e28       0x2c ./output/tasks.o
                0x0000000000001e28                vTaskInternalSetTimeOutState

.text.xTaskCheckForTimeOut
                0x0000000000001e54       0xd8
 .text.xTaskCheckForTimeOut
                0x0000000000001e54       0xd8 ./output/tasks.o
                0x0000000000001e54                xTaskCheckForTimeOut

.text.vTaskMissedYield
                0x0000000000001f2c       0x18
 .text.vTaskMissedYield
                0x0000000000001f2c       0x18 ./output/tasks.o
                0x0000000000001f2c                vTaskMissedYield

.text.prvIdleTask
                0x0000000000001f44        0xe
 .text.prvIdleTask
                0x0000000000001f44        0xe ./output/tasks.o

.text.prvInitialiseTaskLists
                0x0000000000001f54       0x80
 .text.prvInitialiseTaskLists
                0x0000000000001f54       0x80 ./output/tasks.o

.text.prvCheckTasksWaitingTermination
                0x0000000000001fd4       0x5c
 .text.prvCheckTasksWaitingTermination
                0x0000000000001fd4       0x5c ./output/tasks.o

.text.prvDeleteTCB
                0x0000000000002030       0x58
 .text.prvDeleteTCB
                0x0000000000002030       0x58 ./output/tasks.o

.text.prvResetNextTaskUnblockTime
                0x0000000000002088       0x34
 .text.prvResetNextTaskUnblockTime
                0x0000000000002088       0x34 ./output/tasks.o

.text.xTaskGetSchedulerState
                0x00000000000020bc       0x3c
 .text.xTaskGetSchedulerState
                0x00000000000020bc       0x3c ./output/tasks.o
                0x00000000000020bc                xTaskGetSchedulerState

.text.xTaskPriorityDisinherit
                0x00000000000020f8       0xe0
 .text.xTaskPriorityDisinherit
                0x00000000000020f8       0xe0 ./output/tasks.o
                0x00000000000020f8                xTaskPriorityDisinherit

.text.prvAddCurrentTaskToDelayedList
                0x00000000000021d8       0xd4
 .text.prvAddCurrentTaskToDelayedList
                0x00000000000021d8       0xd4 ./output/tasks.o

.iplt           0x00000000000022ac        0x0
 .iplt          0x00000000000022ac        0x0 ./output/tasks.o

.text.vListInitialise
                0x00000000000022ac       0x3e
 .text.vListInitialise
                0x00000000000022ac       0x3e ./output/list.o
                0x00000000000022ac                vListInitialise

.text.vListInitialiseItem
                0x00000000000022ea       0x18
 .text.vListInitialiseItem
                0x00000000000022ea       0x18 ./output/list.o
                0x00000000000022ea                vListInitialiseItem

.text.vListInsertEnd
                0x0000000000002302       0x46
 .text.vListInsertEnd
                0x0000000000002302       0x46 ./output/list.o
                0x0000000000002302                vListInsertEnd

.text.vListInsert
                0x0000000000002348       0x70
 .text.vListInsert
                0x0000000000002348       0x70 ./output/list.o
                0x0000000000002348                vListInsert

.text.uxListRemove
                0x00000000000023b8       0x52
 .text.uxListRemove
                0x00000000000023b8       0x52 ./output/list.o
                0x00000000000023b8                uxListRemove

.text.xQueueGenericReset
                0x000000000000240c       0xc8
 .text.xQueueGenericReset
                0x000000000000240c       0xc8 ./output/queue.o
                0x000000000000240c                xQueueGenericReset

.text.xQueueGenericCreateStatic
                0x00000000000024d4       0xb8
 .text.xQueueGenericCreateStatic
                0x00000000000024d4       0xb8 ./output/queue.o
                0x00000000000024d4                xQueueGenericCreateStatic

.text.xQueueGenericCreate
                0x000000000000258c       0x94
 .text.xQueueGenericCreate
                0x000000000000258c       0x94 ./output/queue.o
                0x000000000000258c                xQueueGenericCreate

.text.prvInitialiseNewQueue
                0x0000000000002620       0x44
 .text.prvInitialiseNewQueue
                0x0000000000002620       0x44 ./output/queue.o

.text.xQueueGenericSend
                0x0000000000002664      0x208
 .text.xQueueGenericSend
                0x0000000000002664      0x208 ./output/queue.o
                0x0000000000002664                xQueueGenericSend

.text.xQueueGenericSendFromISR
                0x000000000000286c      0x158
 .text.xQueueGenericSendFromISR
                0x000000000000286c      0x158 ./output/queue.o
                0x000000000000286c                xQueueGenericSendFromISR

.text.xQueueReceive
                0x00000000000029c4      0x1a0
 .text.xQueueReceive
                0x00000000000029c4      0x1a0 ./output/queue.o
                0x00000000000029c4                xQueueReceive

.text.xQueueReceiveFromISR
                0x0000000000002b64       0xfc
 .text.xQueueReceiveFromISR
                0x0000000000002b64       0xfc ./output/queue.o
                0x0000000000002b64                xQueueReceiveFromISR

.text.prvCopyDataToQueue
                0x0000000000002c60       0xd4
 .text.prvCopyDataToQueue
                0x0000000000002c60       0xd4 ./output/queue.o

.text.prvCopyDataFromQueue
                0x0000000000002d34       0x4c
 .text.prvCopyDataFromQueue
                0x0000000000002d34       0x4c ./output/queue.o

.text.prvUnlockQueue
                0x0000000000002d80       0xbe
 .text.prvUnlockQueue
                0x0000000000002d80       0xbe ./output/queue.o

.text.prvIsQueueEmpty
                0x0000000000002e3e       0x2c
 .text.prvIsQueueEmpty
                0x0000000000002e3e       0x2c ./output/queue.o

.text.prvIsQueueFull
                0x0000000000002e6a       0x30
 .text.prvIsQueueFull
                0x0000000000002e6a       0x30 ./output/queue.o

.text.xQueueIsQueueFullFromISR
                0x0000000000002e9c       0x40
 .text.xQueueIsQueueFullFromISR
                0x0000000000002e9c       0x40 ./output/queue.o
                0x0000000000002e9c                xQueueIsQueueFullFromISR

.text.vQueueAddToRegistry
                0x0000000000002edc       0x50
 .text.vQueueAddToRegistry
                0x0000000000002edc       0x50 ./output/queue.o
                0x0000000000002edc                vQueueAddToRegistry

.text.vQueueWaitForMessageRestricted
                0x0000000000002f2c       0x68
 .text.vQueueWaitForMessageRestricted
                0x0000000000002f2c       0x68 ./output/queue.o
                0x0000000000002f2c                vQueueWaitForMessageRestricted

.text.prvNotifyQueueSetContainer
                0x0000000000002f94       0xb0
 .text.prvNotifyQueueSetContainer
                0x0000000000002f94       0xb0 ./output/queue.o

.text.xTimerCreateTimerTask
                0x0000000000003044       0x88
 .text.xTimerCreateTimerTask
                0x0000000000003044       0x88 ./output/timers.o
                0x0000000000003044                xTimerCreateTimerTask

.text.xTimerCreate
                0x00000000000030cc       0x42
 .text.xTimerCreate
                0x00000000000030cc       0x42 ./output/timers.o
                0x00000000000030cc                xTimerCreate

.text.prvInitialiseNewTimer
                0x0000000000003110       0x70
 .text.prvInitialiseNewTimer
                0x0000000000003110       0x70 ./output/timers.o

.text.xTimerGenericCommand
                0x0000000000003180       0x94
 .text.xTimerGenericCommand
                0x0000000000003180       0x94 ./output/timers.o
                0x0000000000003180                xTimerGenericCommand

.text.prvProcessExpiredTimer
                0x0000000000003214       0x94
 .text.prvProcessExpiredTimer
                0x0000000000003214       0x94 ./output/timers.o

.text.prvTimerTask
                0x00000000000032a8       0x24
 .text.prvTimerTask
                0x00000000000032a8       0x24 ./output/timers.o

.text.prvProcessTimerOrBlockTask
                0x00000000000032cc       0x9c
 .text.prvProcessTimerOrBlockTask
                0x00000000000032cc       0x9c ./output/timers.o

.text.prvGetNextExpireTime
                0x0000000000003368       0x44
 .text.prvGetNextExpireTime
                0x0000000000003368       0x44 ./output/timers.o

.text.prvSampleTimeNow
                0x00000000000033ac       0x40
 .text.prvSampleTimeNow
                0x00000000000033ac       0x40 ./output/timers.o

.text.prvInsertTimerInActiveList
                0x00000000000033ec       0x84
 .text.prvInsertTimerInActiveList
                0x00000000000033ec       0x84 ./output/timers.o

.text.prvProcessReceivedCommands
                0x0000000000003470      0x1a8
 .text.prvProcessReceivedCommands
                0x0000000000003470      0x1a8 ./output/timers.o

.text.prvSwitchTimerLists
                0x0000000000003618       0xc0
 .text.prvSwitchTimerLists
                0x0000000000003618       0xc0 ./output/timers.o

.text.prvCheckForValidListAndQueue
                0x00000000000036d8       0x80
 .text.prvCheckForValidListAndQueue
                0x00000000000036d8       0x80 ./output/timers.o

.text.pvPortMalloc
                0x0000000000003758      0x17c
 .text.pvPortMalloc
                0x0000000000003758      0x17c ./output/heap_4.o
                0x0000000000003758                pvPortMalloc

.text.vPortFree
                0x00000000000038d4       0xb0
 .text.vPortFree
                0x00000000000038d4       0xb0 ./output/heap_4.o
                0x00000000000038d4                vPortFree

.text.prvHeapInit
                0x0000000000003984       0xc4
 .text.prvHeapInit
                0x0000000000003984       0xc4 ./output/heap_4.o

.text.prvInsertBlockIntoFreeList
                0x0000000000003a48       0xb0
 .text.prvInsertBlockIntoFreeList
                0x0000000000003a48       0xb0 ./output/heap_4.o

.text.pxPortInitialiseStack
                0x0000000000003af8       0x58
 .text.pxPortInitialiseStack
                0x0000000000003af8       0x58 ./output/port.o
                0x0000000000003af8                pxPortInitialiseStack

.text.prvTaskExitError
                0x0000000000003b50       0x4c
 .text.prvTaskExitError
                0x0000000000003b50       0x4c ./output/port.o

.text.vPortSVCHandler
                0x0000000000003ba0       0x28
 .text.vPortSVCHandler
                0x0000000000003ba0       0x28 ./output/port.o
                0x0000000000003ba0                vPortSVCHandler

.text.prvPortStartFirstTask
                0x0000000000003bc8       0x24
 .text.prvPortStartFirstTask
                0x0000000000003bc8       0x24 ./output/port.o

.text.xPortStartScheduler
                0x0000000000003bec       0xc0
 .text.xPortStartScheduler
                0x0000000000003bec       0xc0 ./output/port.o
                0x0000000000003bec                xPortStartScheduler

.text.vPortEnterCritical
                0x0000000000003cac       0x54
 .text.vPortEnterCritical
                0x0000000000003cac       0x54 ./output/port.o
                0x0000000000003cac                vPortEnterCritical

.text.vPortExitCritical
                0x0000000000003d00       0x48
 .text.vPortExitCritical
                0x0000000000003d00       0x48 ./output/port.o
                0x0000000000003d00                vPortExitCritical

.text.xPortPendSVHandler
                0x0000000000003d50       0x48
 .text.xPortPendSVHandler
                0x0000000000003d50       0x48 ./output/port.o
                0x0000000000003d50                xPortPendSVHandler

.text.xPortSysTickHandler
                0x0000000000003d98       0x44
 .text.xPortSysTickHandler
                0x0000000000003d98       0x44 ./output/port.o
                0x0000000000003d98                xPortSysTickHandler

.text.vPortSetupTimerInterrupt
                0x0000000000003ddc       0x34
 .text.vPortSetupTimerInterrupt
                0x0000000000003ddc       0x34 ./output/port.o
                0x0000000000003ddc                vPortSetupTimerInterrupt

.text.vPortValidateInterruptPriority
                0x0000000000003e10       0x68
 .text.vPortValidateInterruptPriority
                0x0000000000003e10       0x68 ./output/port.o
                0x0000000000003e10                vPortValidateInterruptPriority

.text.prvRecordValue_NormallyFull
                0x0000000000003e78       0x3c
 .text.prvRecordValue_NormallyFull
                0x0000000000003e78       0x3c ./output/IntQueue.o

.text.prvRecordValue_NormallyEmpty
                0x0000000000003eb4       0x3c
 .text.prvRecordValue_NormallyEmpty
                0x0000000000003eb4       0x3c ./output/IntQueue.o

.text.prvQueueAccessLogError
                0x0000000000003ef0       0x28
 .text.prvQueueAccessLogError
                0x0000000000003ef0       0x28 ./output/IntQueue.o

.text.xFirstTimerHandler
                0x0000000000003f18      0x1b8
 .text.xFirstTimerHandler
                0x0000000000003f18      0x1b8 ./output/IntQueue.o
                0x0000000000003f18                xFirstTimerHandler

.text.xSecondTimerHandler
                0x00000000000040d0      0x290
 .text.xSecondTimerHandler
                0x00000000000040d0      0x290 ./output/IntQueue.o
                0x00000000000040d0                xSecondTimerHandler

.text.TIMER0_Handler
                0x0000000000004360       0x48
 .text.TIMER0_Handler
                0x0000000000004360       0x48 ./output/IntQueueTimer.o
                0x0000000000004360                TIMER0_Handler

.text.TIMER1_Handler
                0x00000000000043a8       0x48
 .text.TIMER1_Handler
                0x00000000000043a8       0x48 ./output/IntQueueTimer.o
                0x00000000000043a8                TIMER1_Handler

.text.main      0x00000000000043f0       0x10
 .text.main     0x00000000000043f0       0x10 ./output/main.o
                0x00000000000043f0                main

.text.vApplicationMallocFailedHook
                0x0000000000004400       0x28
 .text.vApplicationMallocFailedHook
                0x0000000000004400       0x28 ./output/main.o
                0x0000000000004400                vApplicationMallocFailedHook

.text.vApplicationStackOverflowHook
                0x0000000000004428       0x2c
 .text.vApplicationStackOverflowHook
                0x0000000000004428       0x2c ./output/main.o
                0x0000000000004428                vApplicationStackOverflowHook

.text.vApplicationTickHook
                0x0000000000004454        0xc
 .text.vApplicationTickHook
                0x0000000000004454        0xc ./output/main.o
                0x0000000000004454                vApplicationTickHook

.text.vAssertCalled
                0x0000000000004460       0x3c
 .text.vAssertCalled
                0x0000000000004460       0x3c ./output/main.o
                0x0000000000004460                vAssertCalled

.text.vApplicationGetIdleTaskMemory
                0x000000000000449c       0x30
 .text.vApplicationGetIdleTaskMemory
                0x000000000000449c       0x30 ./output/main.o
                0x000000000000449c                vApplicationGetIdleTaskMemory

.text.vApplicationGetTimerTaskMemory
                0x00000000000044cc       0x30
 .text.vApplicationGetTimerTaskMemory
                0x00000000000044cc       0x30 ./output/main.o
                0x00000000000044cc                vApplicationGetTimerTaskMemory

.text.prvUARTInit
                0x00000000000044fc       0x20
 .text.prvUARTInit
                0x00000000000044fc       0x20 ./output/main.o

.text.main_blinky
                0x000000000000451c       0xa0
 .text.main_blinky
                0x000000000000451c       0xa0 ./output/main_blinky.o
                0x000000000000451c                main_blinky

.text.prvQueueSendTask
                0x00000000000045bc       0x3c
 .text.prvQueueSendTask
                0x00000000000045bc       0x3c ./output/main_blinky.o

.text.prvQueueSendTimerCallback
                0x00000000000045f8       0x28
 .text.prvQueueSendTimerCallback
                0x00000000000045f8       0x28 ./output/main_blinky.o

.text.prvQueueReceiveTask
                0x0000000000004620       0x50
 .text.prvQueueReceiveTask
                0x0000000000004620       0x50 ./output/main_blinky.o

.text.Reset_Handler
                0x0000000000004670        0xc
 .text.Reset_Handler
                0x0000000000004670        0xc ./output/startup_gcc.o
                0x0000000000004670                Reset_Handler

.text.prvGetRegistersFromStack
                0x000000000000467c       0x84
 .text.prvGetRegistersFromStack
                0x000000000000467c       0x84 ./output/startup_gcc.o
                0x000000000000467c                prvGetRegistersFromStack

.text.Default_Handler
                0x0000000000004700       0x18
 .text.Default_Handler
                0x0000000000004700       0x18 ./output/startup_gcc.o

.text.HardFault_Handler
                0x0000000000004800       0x1c
 .text.HardFault_Handler
                0x0000000000004800       0x1c ./output/startup_gcc.o

.text.printchar
                0x000000000000481c       0x62
 .text.printchar
                0x000000000000481c       0x62 ./output/printf-stdarg.o

.text.prints    0x000000000000487e       0xb6
 .text.prints   0x000000000000487e       0xb6 ./output/printf-stdarg.o

.text.printi    0x0000000000004934       0xe2
 .text.printi   0x0000000000004934       0xe2 ./output/printf-stdarg.o

.text.tiny_print
                0x0000000000004a18      0x1fc
 .text.tiny_print
                0x0000000000004a18      0x1fc ./output/printf-stdarg.o

.text.printf    0x0000000000004c14       0x2a
 .text.printf   0x0000000000004c14       0x2a ./output/printf-stdarg.o
                0x0000000000004c14                printf

.rel.dyn        0x0000000000004c40        0x0
 .rel.iplt      0x0000000000004c40        0x0 ./output/tasks.o

.data           0x0000000020000000       0x70
                0x0000000020000000                . = ALIGN (0x8)
                0x0000000020000000                _data = .
                0x0000000020000000                _sdata = .
 *(vtable)
 *(.data)
 .data          0x0000000020000000       0x64 /usr/lib/gcc/arm-none-eabi/9.2.1/../../../arm-none-eabi/lib/thumb/v7-m/nofp/libg_nano.a(lib_a-impure.o)
                0x0000000020000000                _impure_ptr
 .data          0x0000000020000064        0xc /usr/lib/gcc/arm-none-eabi/9.2.1/../../../arm-none-eabi/lib/thumb/v7-m/nofp/librdimon_nano.a(rdimon-syscalls.o)
                0x0000000020000064                __heap_limit
                0x0000000020000070                _edata = .

.igot.plt       0x0000000020000070        0x0
 .igot.plt      0x0000000020000070        0x0 ./output/tasks.o

.data.uxCriticalNesting
                0x0000000020000070        0x4
 .data.uxCriticalNesting
                0x0000000020000070        0x4 ./output/port.o

.data.xErrorStatus
                0x0000000020000074        0x4
 .data.xErrorStatus
                0x0000000020000074        0x4 ./output/IntQueue.o

.bss            0x0000000020000078      0x134
                0x0000000020000078                . = ALIGN (0x8)
                0x0000000020000078                _bss = .
                0x0000000020000078                _sbss = .
 *(.bss)
 .bss           0x0000000020000078        0x8 /usr/lib/gcc/arm-none-eabi/9.2.1/../../../arm-none-eabi/lib/thumb/v7-m/nofp/libg_nano.a(lib_a-nano-mallocr.o)
                0x0000000020000078                __malloc_free_list
                0x000000002000007c                __malloc_sbrk_start
 .bss           0x0000000020000080       0xb0 /usr/lib/gcc/arm-none-eabi/9.2.1/../../../arm-none-eabi/lib/thumb/v7-m/nofp/librdimon_nano.a(rdimon-syscalls.o)
                0x0000000020000130                _ebss = .
 COMMON         0x0000000020000130       0x50 ./output/queue.o
                0x0000000020000130                xQueueRegistry
 COMMON         0x0000000020000180        0x8 ./output/IntQueueTimer.o
                0x0000000020000180                ulNest
                0x0000000020000184                ulNestCount
 COMMON         0x0000000020000188       0x20 ./output/startup_gcc.o
                0x0000000020000188                r3
                0x000000002000018c                r0
                0x0000000020000190                lr
                0x0000000020000194                r2
                0x0000000020000198                pc
                0x000000002000019c                psr
                0x00000000200001a0                r12
                0x00000000200001a4                r1
 COMMON         0x00000000200001a8        0x4 /usr/lib/gcc/arm-none-eabi/9.2.1/../../../arm-none-eabi/lib/thumb/v7-m/nofp/libg_nano.a(lib_a-reent.o)
                0x00000000200001a8                errno

.bss.pxCurrentTCB
                0x00000000200001ac        0x4
 .bss.pxCurrentTCB
                0x00000000200001ac        0x4 ./output/tasks.o
                0x00000000200001ac                pxCurrentTCB

.bss.pxReadyTasksLists
                0x00000000200001b0       0xb4
 .bss.pxReadyTasksLists
                0x00000000200001b0       0xb4 ./output/tasks.o

.bss.xDelayedTaskList1
                0x0000000020000264       0x14
 .bss.xDelayedTaskList1
                0x0000000020000264       0x14 ./output/tasks.o

.bss.xDelayedTaskList2
                0x0000000020000278       0x14
 .bss.xDelayedTaskList2
                0x0000000020000278       0x14 ./output/tasks.o

.bss.pxDelayedTaskList
                0x000000002000028c        0x4
 .bss.pxDelayedTaskList
                0x000000002000028c        0x4 ./output/tasks.o

.bss.pxOverflowDelayedTaskList
                0x0000000020000290        0x4
 .bss.pxOverflowDelayedTaskList
                0x0000000020000290        0x4 ./output/tasks.o

.bss.xPendingReadyList
                0x0000000020000294       0x14
 .bss.xPendingReadyList
                0x0000000020000294       0x14 ./output/tasks.o

.bss.xTasksWaitingTermination
                0x00000000200002a8       0x14
 .bss.xTasksWaitingTermination
                0x00000000200002a8       0x14 ./output/tasks.o

.bss.uxDeletedTasksWaitingCleanUp
                0x00000000200002bc        0x4
 .bss.uxDeletedTasksWaitingCleanUp
                0x00000000200002bc        0x4 ./output/tasks.o

.bss.xSuspendedTaskList
                0x00000000200002c0       0x14
 .bss.xSuspendedTaskList
                0x00000000200002c0       0x14 ./output/tasks.o

.bss.uxCurrentNumberOfTasks
                0x00000000200002d4        0x4
 .bss.uxCurrentNumberOfTasks
                0x00000000200002d4        0x4 ./output/tasks.o

.bss.xTickCount
                0x00000000200002d8        0x4
 .bss.xTickCount
                0x00000000200002d8        0x4 ./output/tasks.o

.bss.uxTopReadyPriority
                0x00000000200002dc        0x4
 .bss.uxTopReadyPriority
                0x00000000200002dc        0x4 ./output/tasks.o

.bss.xSchedulerRunning
                0x00000000200002e0        0x4
 .bss.xSchedulerRunning
                0x00000000200002e0        0x4 ./output/tasks.o

.bss.xPendedTicks
                0x00000000200002e4        0x4
 .bss.xPendedTicks
                0x00000000200002e4        0x4 ./output/tasks.o

.bss.xYieldPending
                0x00000000200002e8        0x4
 .bss.xYieldPending
                0x00000000200002e8        0x4 ./output/tasks.o

.bss.xNumOfOverflows
                0x00000000200002ec        0x4
 .bss.xNumOfOverflows
                0x00000000200002ec        0x4 ./output/tasks.o

.bss.uxTaskNumber
                0x00000000200002f0        0x4
 .bss.uxTaskNumber
                0x00000000200002f0        0x4 ./output/tasks.o

.bss.xNextTaskUnblockTime
                0x00000000200002f4        0x4
 .bss.xNextTaskUnblockTime
                0x00000000200002f4        0x4 ./output/tasks.o

.bss.xIdleTaskHandle
                0x00000000200002f8        0x4
 .bss.xIdleTaskHandle
                0x00000000200002f8        0x4 ./output/tasks.o

.bss.uxSchedulerSuspended
                0x00000000200002fc        0x4
 .bss.uxSchedulerSuspended
                0x00000000200002fc        0x4 ./output/tasks.o

.bss.xActiveTimerList1
                0x0000000020000300       0x14
 .bss.xActiveTimerList1
                0x0000000020000300       0x14 ./output/timers.o

.bss.xActiveTimerList2
                0x0000000020000314       0x14
 .bss.xActiveTimerList2
                0x0000000020000314       0x14 ./output/timers.o

.bss.pxCurrentTimerList
                0x0000000020000328        0x4
 .bss.pxCurrentTimerList
                0x0000000020000328        0x4 ./output/timers.o

.bss.pxOverflowTimerList
                0x000000002000032c        0x4
 .bss.pxOverflowTimerList
                0x000000002000032c        0x4 ./output/timers.o

.bss.xTimerQueue
                0x0000000020000330        0x4
 .bss.xTimerQueue
                0x0000000020000330        0x4 ./output/timers.o

.bss.xTimerTaskHandle
                0x0000000020000334        0x4
 .bss.xTimerTaskHandle
                0x0000000020000334        0x4 ./output/timers.o

.bss.xLastTime.5026
                0x0000000020000338        0x4
 .bss.xLastTime.5026
                0x0000000020000338        0x4 ./output/timers.o

.bss.ucStaticTimerQueueStorage.5073
                0x000000002000033c      0x140
 .bss.ucStaticTimerQueueStorage.5073
                0x000000002000033c      0x140 ./output/timers.o

.bss.xStaticTimerQueue.5072
                0x000000002000047c       0x4c
 .bss.xStaticTimerQueue.5072
                0x000000002000047c       0x4c ./output/timers.o

.bss.ucHeap     0x00000000200004c8     0xf000
 .bss.ucHeap    0x00000000200004c8     0xf000 ./output/heap_4.o

.bss.xStart     0x000000002000f4c8        0x8
 .bss.xStart    0x000000002000f4c8        0x8 ./output/heap_4.o

.bss.pxEnd      0x000000002000f4d0        0x4
 .bss.pxEnd     0x000000002000f4d0        0x4 ./output/heap_4.o

.bss.xFreeBytesRemaining
                0x000000002000f4d4        0x4
 .bss.xFreeBytesRemaining
                0x000000002000f4d4        0x4 ./output/heap_4.o

.bss.xMinimumEverFreeBytesRemaining
                0x000000002000f4d8        0x4
 .bss.xMinimumEverFreeBytesRemaining
                0x000000002000f4d8        0x4 ./output/heap_4.o

.bss.xNumberOfSuccessfulAllocations
                0x000000002000f4dc        0x4
 .bss.xNumberOfSuccessfulAllocations
                0x000000002000f4dc        0x4 ./output/heap_4.o

.bss.xNumberOfSuccessfulFrees
                0x000000002000f4e0        0x4
 .bss.xNumberOfSuccessfulFrees
                0x000000002000f4e0        0x4 ./output/heap_4.o

.bss.xBlockAllocatedBit
                0x000000002000f4e4        0x4
 .bss.xBlockAllocatedBit
                0x000000002000f4e4        0x4 ./output/heap_4.o

.bss.ucMaxSysCallPriority
                0x000000002000f4e8        0x1
 .bss.ucMaxSysCallPriority
                0x000000002000f4e8        0x1 ./output/port.o

.bss.ulMaxPRIGROUPValue
                0x000000002000f4ec        0x4
 .bss.ulMaxPRIGROUPValue
                0x000000002000f4ec        0x4 ./output/port.o

.bss.xNormallyEmptyQueue
                0x000000002000f4f0        0x4
 .bss.xNormallyEmptyQueue
                0x000000002000f4f0        0x4 ./output/IntQueue.o

.bss.xNormallyFullQueue
                0x000000002000f4f4        0x4
 .bss.xNormallyFullQueue
                0x000000002000f4f4        0x4 ./output/IntQueue.o

.bss.xErrorLine
                0x000000002000f4f8        0x4
 .bss.xErrorLine
                0x000000002000f4f8        0x4 ./output/IntQueue.o

.bss.uxValueForNormallyEmptyQueue
                0x000000002000f4fc        0x4
 .bss.uxValueForNormallyEmptyQueue
                0x000000002000f4fc        0x4 ./output/IntQueue.o

.bss.uxValueForNormallyFullQueue
                0x000000002000f500        0x4
 .bss.uxValueForNormallyFullQueue
                0x000000002000f500        0x4 ./output/IntQueue.o

.bss.ucNormallyEmptyReceivedValues
                0x000000002000f504       0xc8
 .bss.ucNormallyEmptyReceivedValues
                0x000000002000f504       0xc8 ./output/IntQueue.o

.bss.ucNormallyFullReceivedValues
                0x000000002000f5cc       0xc8
 .bss.ucNormallyFullReceivedValues
                0x000000002000f5cc       0xc8 ./output/IntQueue.o

.bss.uxNextOperation.4715
                0x000000002000f694        0x4
 .bss.uxNextOperation.4715
                0x000000002000f694        0x4 ./output/IntQueue.o

.bss.uxNextOperation.4724
                0x000000002000f698        0x4
 .bss.uxNextOperation.4724
                0x000000002000f698        0x4 ./output/IntQueue.o

.bss.xIdleTaskTCB.5344
                0x000000002000f69c       0x5c
 .bss.xIdleTaskTCB.5344
                0x000000002000f69c       0x5c ./output/main.o

.bss.uxIdleTaskStack.5345
                0x000000002000f6f8      0x140
 .bss.uxIdleTaskStack.5345
                0x000000002000f6f8      0x140 ./output/main.o

.bss.xTimerTaskTCB.5351
                0x000000002000f838       0x5c
 .bss.xTimerTaskTCB.5351
                0x000000002000f838       0x5c ./output/main.o

.bss.uxTimerTaskStack.5352
                0x000000002000f894      0x280
 .bss.uxTimerTaskStack.5352
                0x000000002000f894      0x280 ./output/main.o

.bss.xQueue     0x000000002000fb14        0x4
 .bss.xQueue    0x000000002000fb14        0x4 ./output/main_blinky.o

.bss.xTimer     0x000000002000fb18        0x4
 .bss.xTimer    0x000000002000fb18        0x4 ./output/main_blinky.o

.heap           0x000000002000fb1c      0x40c
                0x000000002000fb20                . = ALIGN (0x8)
 *fill*         0x000000002000fb1c        0x4 
                0x000000002000fb20                PROVIDE (end = .)
                [!provide]                        PROVIDE (_end = .)
                0x000000002000fb20                _heap_bottom = .
                0x000000002000fb28                . = (. + _Min_Heap_Size)
 *fill*         0x000000002000fb20        0x8 
                0x000000002000fb28                _heap_top = .
                0x000000002000ff28                . = (. + _Min_Stack_Size)
 *fill*         0x000000002000fb28      0x400 
                0x000000002000ff28                . = ALIGN (0x8)
                0x0000000020400000                __StackTop = (ORIGIN (RAM) + LENGTH (RAM))
                0x00000000203ffc00                __StackLimit = (__StackTop - _Min_Stack_Size)
                [!provide]                        PROVIDE (__stack = __StackTop)
                0x0000000000000001                ASSERT ((__StackLimit >= _heap_top), region RAM overflowed with stack)
START GROUP
LOAD /usr/lib/gcc/arm-none-eabi/9.2.1/thumb/v7-m/nofp/libgcc.a
LOAD /usr/lib/gcc/arm-none-eabi/9.2.1/../../../arm-none-eabi/lib/thumb/v7-m/nofp/libg_nano.a
LOAD /usr/lib/gcc/arm-none-eabi/9.2.1/../../../arm-none-eabi/lib/thumb/v7-m/nofp/libc_nano.a
END GROUP
START GROUP
LOAD /usr/lib/gcc/arm-none-eabi/9.2.1/thumb/v7-m/nofp/libgcc.a
LOAD /usr/lib/gcc/arm-none-eabi/9.2.1/../../../arm-none-eabi/lib/thumb/v7-m/nofp/libc_nano.a
LOAD /usr/lib/gcc/arm-none-eabi/9.2.1/../../../arm-none-eabi/lib/thumb/v7-m/nofp/librdimon_nano.a
LOAD /usr/lib/gcc/arm-none-eabi/9.2.1/../../../arm-none-eabi/lib/thumb/v7-m/nofp/libnosys.a
END GROUP
START GROUP
LOAD /usr/lib/gcc/arm-none-eabi/9.2.1/thumb/v7-m/nofp/libgcc.a
LOAD /usr/lib/gcc/arm-none-eabi/9.2.1/../../../arm-none-eabi/lib/thumb/v7-m/nofp/libc_nano.a
LOAD /usr/lib/gcc/arm-none-eabi/9.2.1/../../../arm-none-eabi/lib/thumb/v7-m/nofp/libnosys.a
END GROUP
START GROUP
LOAD /usr/lib/gcc/arm-none-eabi/9.2.1/thumb/v7-m/nofp/libgcc.a
LOAD /usr/lib/gcc/arm-none-eabi/9.2.1/../../../arm-none-eabi/lib/thumb/v7-m/nofp/libc_nano.a
LOAD /usr/lib/gcc/arm-none-eabi/9.2.1/../../../arm-none-eabi/lib/thumb/v7-m/nofp/librdimon_nano.a
END GROUP
OUTPUT(./output/RTOSDemo.out elf32-littlearm)
LOAD linker stubs

.debug_info     0x0000000000000000    0x1a6d6
 .debug_info    0x0000000000000000     0x25d1 ./output/tasks.o
 .debug_info    0x00000000000025d1      0xb5f ./output/list.o
 .debug_info    0x0000000000003130     0x1fb4 ./output/queue.o
 .debug_info    0x00000000000050e4     0x1927 ./output/timers.o
 .debug_info    0x0000000000006a0b      0xcc7 ./output/heap_4.o
 .debug_info    0x00000000000076d2      0x3b3 ./output/port.o
 .debug_info    0x0000000000007a85     0x1191 ./output/IntQueue.o
 .debug_info    0x0000000000008c16      0x5db ./output/IntQueueTimer.o
 .debug_info    0x00000000000091f1      0xd95 ./output/main.o
 .debug_info    0x0000000000009f86      0xa9d ./output/main_blinky.o
 .debug_info    0x000000000000aa23      0xa44 ./output/startup_gcc.o
 .debug_info    0x000000000000b467      0x449 ./output/printf-stdarg.o
 .debug_info    0x000000000000b8b0      0xd7d /usr/lib/gcc/arm-none-eabi/9.2.1/../../../arm-none-eabi/lib/thumb/v7-m/nofp/libg_nano.a(lib_a-fflush.o)
 .debug_info    0x000000000000c62d     0x11a8 /usr/lib/gcc/arm-none-eabi/9.2.1/../../../arm-none-eabi/lib/thumb/v7-m/nofp/libg_nano.a(lib_a-findfp.o)
 .debug_info    0x000000000000d7d5      0xca4 /usr/lib/gcc/arm-none-eabi/9.2.1/../../../arm-none-eabi/lib/thumb/v7-m/nofp/libg_nano.a(lib_a-fwalk.o)
 .debug_info    0x000000000000e479      0x92a /usr/lib/gcc/arm-none-eabi/9.2.1/../../../arm-none-eabi/lib/thumb/v7-m/nofp/libg_nano.a(lib_a-impure.o)
 .debug_info    0x000000000000eda3       0x26 /usr/lib/gcc/arm-none-eabi/9.2.1/../../../arm-none-eabi/lib/thumb/v7-m/nofp/libg_nano.a(lib_a-memcpy.o)
 .debug_info    0x000000000000edc9      0xf21 /usr/lib/gcc/arm-none-eabi/9.2.1/../../../arm-none-eabi/lib/thumb/v7-m/nofp/libg_nano.a(lib_a-memset.o)
 .debug_info    0x000000000000fcea      0xb85 /usr/lib/gcc/arm-none-eabi/9.2.1/../../../arm-none-eabi/lib/thumb/v7-m/nofp/libg_nano.a(lib_a-nano-freer.o)
 .debug_info    0x000000000001086f      0xc5a /usr/lib/gcc/arm-none-eabi/9.2.1/../../../arm-none-eabi/lib/thumb/v7-m/nofp/libg_nano.a(lib_a-nano-mallocr.o)
 .debug_info    0x00000000000114c9      0x9fb /usr/lib/gcc/arm-none-eabi/9.2.1/../../../arm-none-eabi/lib/thumb/v7-m/nofp/libg_nano.a(lib_a-sbrkr.o)
 .debug_info    0x0000000000011ec4      0xe67 /usr/lib/gcc/arm-none-eabi/9.2.1/../../../arm-none-eabi/lib/thumb/v7-m/nofp/libg_nano.a(lib_a-stdio.o)
 .debug_info    0x0000000000012d2b      0x941 /usr/lib/gcc/arm-none-eabi/9.2.1/../../../arm-none-eabi/lib/thumb/v7-m/nofp/libg_nano.a(lib_a-strlen-stub.o)
 .debug_info    0x000000000001366c      0xa2c /usr/lib/gcc/arm-none-eabi/9.2.1/../../../arm-none-eabi/lib/thumb/v7-m/nofp/libg_nano.a(lib_a-writer.o)
 .debug_info    0x0000000000014098      0x9d8 /usr/lib/gcc/arm-none-eabi/9.2.1/../../../arm-none-eabi/lib/thumb/v7-m/nofp/libg_nano.a(lib_a-closer.o)
 .debug_info    0x0000000000014a70      0xa0d /usr/lib/gcc/arm-none-eabi/9.2.1/../../../arm-none-eabi/lib/thumb/v7-m/nofp/libg_nano.a(lib_a-lseekr.o)
 .debug_info    0x000000000001547d      0x961 /usr/lib/gcc/arm-none-eabi/9.2.1/../../../arm-none-eabi/lib/thumb/v7-m/nofp/libg_nano.a(lib_a-mlock.o)
 .debug_info    0x0000000000015dde      0xa25 /usr/lib/gcc/arm-none-eabi/9.2.1/../../../arm-none-eabi/lib/thumb/v7-m/nofp/libg_nano.a(lib_a-readr.o)
 .debug_info    0x0000000000016803      0xb0f /usr/lib/gcc/arm-none-eabi/9.2.1/../../../arm-none-eabi/lib/thumb/v7-m/nofp/libg_nano.a(lib_a-reent.o)
 .debug_info    0x0000000000017312     0x2a71 /usr/lib/gcc/arm-none-eabi/9.2.1/../../../arm-none-eabi/lib/thumb/v7-m/nofp/librdimon_nano.a(rdimon-syscalls.o)
 .debug_info    0x0000000000019d83      0x953 /usr/lib/gcc/arm-none-eabi/9.2.1/../../../arm-none-eabi/lib/thumb/v7-m/nofp/libc_nano.a(lib_a-errno.o)

.debug_abbrev   0x0000000000000000     0x496b
 .debug_abbrev  0x0000000000000000      0x3f4 ./output/tasks.o
 .debug_abbrev  0x00000000000003f4      0x235 ./output/list.o
 .debug_abbrev  0x0000000000000629      0x36f ./output/queue.o
 .debug_abbrev  0x0000000000000998      0x2db ./output/timers.o
 .debug_abbrev  0x0000000000000c73      0x2cb ./output/heap_4.o
 .debug_abbrev  0x0000000000000f3e      0x207 ./output/port.o
 .debug_abbrev  0x0000000000001145      0x344 ./output/IntQueue.o
 .debug_abbrev  0x0000000000001489      0x1c7 ./output/IntQueueTimer.o
 .debug_abbrev  0x0000000000001650      0x2fb ./output/main.o
 .debug_abbrev  0x000000000000194b      0x1fb ./output/main_blinky.o
 .debug_abbrev  0x0000000000001b46      0x244 ./output/startup_gcc.o
 .debug_abbrev  0x0000000000001d8a      0x163 ./output/printf-stdarg.o
 .debug_abbrev  0x0000000000001eed      0x2e4 /usr/lib/gcc/arm-none-eabi/9.2.1/../../../arm-none-eabi/lib/thumb/v7-m/nofp/libg_nano.a(lib_a-fflush.o)
 .debug_abbrev  0x00000000000021d1      0x3dc /usr/lib/gcc/arm-none-eabi/9.2.1/../../../arm-none-eabi/lib/thumb/v7-m/nofp/libg_nano.a(lib_a-findfp.o)
 .debug_abbrev  0x00000000000025ad      0x210 /usr/lib/gcc/arm-none-eabi/9.2.1/../../../arm-none-eabi/lib/thumb/v7-m/nofp/libg_nano.a(lib_a-fwalk.o)
 .debug_abbrev  0x00000000000027bd      0x17a /usr/lib/gcc/arm-none-eabi/9.2.1/../../../arm-none-eabi/lib/thumb/v7-m/nofp/libg_nano.a(lib_a-impure.o)
 .debug_abbrev  0x0000000000002937       0x14 /usr/lib/gcc/arm-none-eabi/9.2.1/../../../arm-none-eabi/lib/thumb/v7-m/nofp/libg_nano.a(lib_a-memcpy.o)
 .debug_abbrev  0x000000000000294b      0x1d9 /usr/lib/gcc/arm-none-eabi/9.2.1/../../../arm-none-eabi/lib/thumb/v7-m/nofp/libg_nano.a(lib_a-memset.o)
 .debug_abbrev  0x0000000000002b24      0x286 /usr/lib/gcc/arm-none-eabi/9.2.1/../../../arm-none-eabi/lib/thumb/v7-m/nofp/libg_nano.a(lib_a-nano-freer.o)
 .debug_abbrev  0x0000000000002daa      0x2d1 /usr/lib/gcc/arm-none-eabi/9.2.1/../../../arm-none-eabi/lib/thumb/v7-m/nofp/libg_nano.a(lib_a-nano-mallocr.o)
 .debug_abbrev  0x000000000000307b      0x212 /usr/lib/gcc/arm-none-eabi/9.2.1/../../../arm-none-eabi/lib/thumb/v7-m/nofp/libg_nano.a(lib_a-sbrkr.o)
 .debug_abbrev  0x000000000000328d      0x26f /usr/lib/gcc/arm-none-eabi/9.2.1/../../../arm-none-eabi/lib/thumb/v7-m/nofp/libg_nano.a(lib_a-stdio.o)
 .debug_abbrev  0x00000000000034fc      0x194 /usr/lib/gcc/arm-none-eabi/9.2.1/../../../arm-none-eabi/lib/thumb/v7-m/nofp/libg_nano.a(lib_a-strlen-stub.o)
 .debug_abbrev  0x0000000000003690      0x1ec /usr/lib/gcc/arm-none-eabi/9.2.1/../../../arm-none-eabi/lib/thumb/v7-m/nofp/libg_nano.a(lib_a-writer.o)
 .debug_abbrev  0x000000000000387c      0x1e7 /usr/lib/gcc/arm-none-eabi/9.2.1/../../../arm-none-eabi/lib/thumb/v7-m/nofp/libg_nano.a(lib_a-closer.o)
 .debug_abbrev  0x0000000000003a63      0x1fb /usr/lib/gcc/arm-none-eabi/9.2.1/../../../arm-none-eabi/lib/thumb/v7-m/nofp/libg_nano.a(lib_a-lseekr.o)
 .debug_abbrev  0x0000000000003c5e      0x1c5 /usr/lib/gcc/arm-none-eabi/9.2.1/../../../arm-none-eabi/lib/thumb/v7-m/nofp/libg_nano.a(lib_a-mlock.o)
 .debug_abbrev  0x0000000000003e23      0x1e7 /usr/lib/gcc/arm-none-eabi/9.2.1/../../../arm-none-eabi/lib/thumb/v7-m/nofp/libg_nano.a(lib_a-readr.o)
 .debug_abbrev  0x000000000000400a      0x268 /usr/lib/gcc/arm-none-eabi/9.2.1/../../../arm-none-eabi/lib/thumb/v7-m/nofp/libg_nano.a(lib_a-reent.o)
 .debug_abbrev  0x0000000000004272      0x561 /usr/lib/gcc/arm-none-eabi/9.2.1/../../../arm-none-eabi/lib/thumb/v7-m/nofp/librdimon_nano.a(rdimon-syscalls.o)
 .debug_abbrev  0x00000000000047d3      0x198 /usr/lib/gcc/arm-none-eabi/9.2.1/../../../arm-none-eabi/lib/thumb/v7-m/nofp/libc_nano.a(lib_a-errno.o)

.debug_aranges  0x0000000000000000      0x9b0
 .debug_aranges
                0x0000000000000000      0x200 ./output/tasks.o
 .debug_aranges
                0x0000000000000200       0x40 ./output/list.o
 .debug_aranges
                0x0000000000000240      0x170 ./output/queue.o
 .debug_aranges
                0x00000000000003b0       0xe0 ./output/timers.o
 .debug_aranges
                0x0000000000000490       0x58 ./output/heap_4.o
 .debug_aranges
                0x00000000000004e8       0x78 ./output/port.o
 .debug_aranges
                0x0000000000000560       0x78 ./output/IntQueue.o
 .debug_aranges
                0x00000000000005d8       0x40 ./output/IntQueueTimer.o
 .debug_aranges
                0x0000000000000618       0x78 ./output/main.o
 .debug_aranges
                0x0000000000000690       0x38 ./output/main_blinky.o
 .debug_aranges
                0x00000000000006c8       0x38 ./output/startup_gcc.o
 .debug_aranges
                0x0000000000000700       0x58 ./output/printf-stdarg.o
 .debug_aranges
                0x0000000000000758       0x20 /usr/lib/gcc/arm-none-eabi/9.2.1/../../../arm-none-eabi/lib/thumb/v7-m/nofp/libg_nano.a(lib_a-fflush.o)
 .debug_aranges
                0x0000000000000778       0x20 /usr/lib/gcc/arm-none-eabi/9.2.1/../../../arm-none-eabi/lib/thumb/v7-m/nofp/libg_nano.a(lib_a-findfp.o)
 .debug_aranges
                0x0000000000000798       0x20 /usr/lib/gcc/arm-none-eabi/9.2.1/../../../arm-none-eabi/lib/thumb/v7-m/nofp/libg_nano.a(lib_a-fwalk.o)
 .debug_aranges
                0x00000000000007b8       0x18 /usr/lib/gcc/arm-none-eabi/9.2.1/../../../arm-none-eabi/lib/thumb/v7-m/nofp/libg_nano.a(lib_a-impure.o)
 .debug_aranges
                0x00000000000007d0       0x20 /usr/lib/gcc/arm-none-eabi/9.2.1/../../../arm-none-eabi/lib/thumb/v7-m/nofp/libg_nano.a(lib_a-memcpy.o)
 .debug_aranges
                0x00000000000007f0       0x20 /usr/lib/gcc/arm-none-eabi/9.2.1/../../../arm-none-eabi/lib/thumb/v7-m/nofp/libg_nano.a(lib_a-memset.o)
 .debug_aranges
                0x0000000000000810       0x20 /usr/lib/gcc/arm-none-eabi/9.2.1/../../../arm-none-eabi/lib/thumb/v7-m/nofp/libg_nano.a(lib_a-nano-freer.o)
 .debug_aranges
                0x0000000000000830       0x20 /usr/lib/gcc/arm-none-eabi/9.2.1/../../../arm-none-eabi/lib/thumb/v7-m/nofp/libg_nano.a(lib_a-nano-mallocr.o)
 .debug_aranges
                0x0000000000000850       0x20 /usr/lib/gcc/arm-none-eabi/9.2.1/../../../arm-none-eabi/lib/thumb/v7-m/nofp/libg_nano.a(lib_a-sbrkr.o)
 .debug_aranges
                0x0000000000000870       0x20 /usr/lib/gcc/arm-none-eabi/9.2.1/../../../arm-none-eabi/lib/thumb/v7-m/nofp/libg_nano.a(lib_a-stdio.o)
 .debug_aranges
                0x0000000000000890       0x20 /usr/lib/gcc/arm-none-eabi/9.2.1/../../../arm-none-eabi/lib/thumb/v7-m/nofp/libg_nano.a(lib_a-strlen-stub.o)
 .debug_aranges
                0x00000000000008b0       0x20 /usr/lib/gcc/arm-none-eabi/9.2.1/../../../arm-none-eabi/lib/thumb/v7-m/nofp/libg_nano.a(lib_a-writer.o)
 .debug_aranges
                0x00000000000008d0       0x20 /usr/lib/gcc/arm-none-eabi/9.2.1/../../../arm-none-eabi/lib/thumb/v7-m/nofp/libg_nano.a(lib_a-closer.o)
 .debug_aranges
                0x00000000000008f0       0x20 /usr/lib/gcc/arm-none-eabi/9.2.1/../../../arm-none-eabi/lib/thumb/v7-m/nofp/libg_nano.a(lib_a-lseekr.o)
 .debug_aranges
                0x0000000000000910       0x20 /usr/lib/gcc/arm-none-eabi/9.2.1/../../../arm-none-eabi/lib/thumb/v7-m/nofp/libg_nano.a(lib_a-mlock.o)
 .debug_aranges
                0x0000000000000930       0x20 /usr/lib/gcc/arm-none-eabi/9.2.1/../../../arm-none-eabi/lib/thumb/v7-m/nofp/libg_nano.a(lib_a-readr.o)
 .debug_aranges
                0x0000000000000950       0x20 /usr/lib/gcc/arm-none-eabi/9.2.1/../../../arm-none-eabi/lib/thumb/v7-m/nofp/libg_nano.a(lib_a-reent.o)
 .debug_aranges
                0x0000000000000970       0x20 /usr/lib/gcc/arm-none-eabi/9.2.1/../../../arm-none-eabi/lib/thumb/v7-m/nofp/librdimon_nano.a(rdimon-syscalls.o)
 .debug_aranges
                0x0000000000000990       0x20 /usr/lib/gcc/arm-none-eabi/9.2.1/../../../arm-none-eabi/lib/thumb/v7-m/nofp/libc_nano.a(lib_a-errno.o)

.debug_ranges   0x0000000000000000      0xdb8
 .debug_ranges  0x0000000000000000      0x1f0 ./output/tasks.o
 .debug_ranges  0x00000000000001f0       0x30 ./output/list.o
 .debug_ranges  0x0000000000000220      0x160 ./output/queue.o
 .debug_ranges  0x0000000000000380       0xd0 ./output/timers.o
 .debug_ranges  0x0000000000000450       0x48 ./output/heap_4.o
 .debug_ranges  0x0000000000000498       0x68 ./output/port.o
 .debug_ranges  0x0000000000000500       0x68 ./output/IntQueue.o
 .debug_ranges  0x0000000000000568       0x30 ./output/IntQueueTimer.o
 .debug_ranges  0x0000000000000598       0x68 ./output/main.o
 .debug_ranges  0x0000000000000600       0x28 ./output/main_blinky.o
 .debug_ranges  0x0000000000000628       0x28 ./output/startup_gcc.o
 .debug_ranges  0x0000000000000650       0x48 ./output/printf-stdarg.o
 .debug_ranges  0x0000000000000698       0x68 /usr/lib/gcc/arm-none-eabi/9.2.1/../../../arm-none-eabi/lib/thumb/v7-m/nofp/libg_nano.a(lib_a-fflush.o)
 .debug_ranges  0x0000000000000700      0x128 /usr/lib/gcc/arm-none-eabi/9.2.1/../../../arm-none-eabi/lib/thumb/v7-m/nofp/libg_nano.a(lib_a-findfp.o)
 .debug_ranges  0x0000000000000828       0x18 /usr/lib/gcc/arm-none-eabi/9.2.1/../../../arm-none-eabi/lib/thumb/v7-m/nofp/libg_nano.a(lib_a-nano-freer.o)
 .debug_ranges  0x0000000000000840       0x38 /usr/lib/gcc/arm-none-eabi/9.2.1/../../../arm-none-eabi/lib/thumb/v7-m/nofp/libg_nano.a(lib_a-nano-mallocr.o)
 .debug_ranges  0x0000000000000878       0x10 /usr/lib/gcc/arm-none-eabi/9.2.1/../../../arm-none-eabi/lib/thumb/v7-m/nofp/libg_nano.a(lib_a-strlen-stub.o)
 .debug_ranges  0x0000000000000888      0x530 /usr/lib/gcc/arm-none-eabi/9.2.1/../../../arm-none-eabi/lib/thumb/v7-m/nofp/librdimon_nano.a(rdimon-syscalls.o)

.debug_macro    0x0000000000000000     0x549f
 .debug_macro   0x0000000000000000      0x243 ./output/tasks.o
 .debug_macro   0x0000000000000243      0xa8a ./output/tasks.o
 .debug_macro   0x0000000000000ccd       0x18 ./output/tasks.o
 .debug_macro   0x0000000000000ce5       0x22 ./output/tasks.o
 .debug_macro   0x0000000000000d07       0x52 ./output/tasks.o
 .debug_macro   0x0000000000000d59       0x94 ./output/tasks.o
 .debug_macro   0x0000000000000ded       0x35 ./output/tasks.o
 .debug_macro   0x0000000000000e22       0x34 ./output/tasks.o
 .debug_macro   0x0000000000000e56       0x16 ./output/tasks.o
 .debug_macro   0x0000000000000e6c      0x10e ./output/tasks.o
 .debug_macro   0x0000000000000f7a       0x8d ./output/tasks.o
 .debug_macro   0x0000000000001007       0x16 ./output/tasks.o
 .debug_macro   0x000000000000101d       0x43 ./output/tasks.o
 .debug_macro   0x0000000000001060       0x57 ./output/tasks.o
 .debug_macro   0x00000000000010b7       0x34 ./output/tasks.o
 .debug_macro   0x00000000000010eb       0x10 ./output/tasks.o
 .debug_macro   0x00000000000010fb       0x52 ./output/tasks.o
 .debug_macro   0x000000000000114d      0x182 ./output/tasks.o
 .debug_macro   0x00000000000012cf      0x339 ./output/tasks.o
 .debug_macro   0x0000000000001608       0x16 ./output/tasks.o
 .debug_macro   0x000000000000161e       0x29 ./output/tasks.o
 .debug_macro   0x0000000000001647       0x16 ./output/tasks.o
 .debug_macro   0x000000000000165d       0x35 ./output/tasks.o
 .debug_macro   0x0000000000001692      0x34e ./output/tasks.o
 .debug_macro   0x00000000000019e0      0x14e ./output/tasks.o
 .debug_macro   0x0000000000001b2e      0x15a ./output/tasks.o
 .debug_macro   0x0000000000001c88       0xe4 ./output/tasks.o
 .debug_macro   0x0000000000001d6c       0x1c ./output/tasks.o
 .debug_macro   0x0000000000001d88       0x26 ./output/tasks.o
 .debug_macro   0x0000000000001dae      0x4a1 ./output/tasks.o
 .debug_macro   0x000000000000224f       0xb5 ./output/tasks.o
 .debug_macro   0x0000000000002304      0x119 ./output/tasks.o
 .debug_macro   0x000000000000241d       0x91 ./output/tasks.o
 .debug_macro   0x00000000000024ae       0x10 ./output/tasks.o
 .debug_macro   0x00000000000024be      0x162 ./output/list.o
 .debug_macro   0x0000000000002620      0x1e6 ./output/queue.o
 .debug_macro   0x0000000000002806       0x87 ./output/queue.o
 .debug_macro   0x000000000000288d      0x1ab ./output/timers.o
 .debug_macro   0x0000000000002a38       0x97 ./output/timers.o
 .debug_macro   0x0000000000002acf      0x17d ./output/heap_4.o
 .debug_macro   0x0000000000002c4c      0x129 ./output/port.o
 .debug_macro   0x0000000000002d75      0x1eb ./output/IntQueue.o
 .debug_macro   0x0000000000002f60       0xed ./output/IntQueueTimer.o
 .debug_macro   0x000000000000304d       0x22 ./output/IntQueueTimer.o
 .debug_macro   0x000000000000306f       0x1c ./output/IntQueueTimer.o
 .debug_macro   0x000000000000308b       0x22 ./output/IntQueueTimer.o
 .debug_macro   0x00000000000030ad       0xdc ./output/IntQueueTimer.o
 .debug_macro   0x0000000000003189      0xe2d ./output/IntQueueTimer.o
 .debug_macro   0x0000000000003fb6      0x11f ./output/IntQueueTimer.o
 .debug_macro   0x00000000000040d5      0x7b3 ./output/IntQueueTimer.o
 .debug_macro   0x0000000000004888      0x4a6 ./output/IntQueueTimer.o
 .debug_macro   0x0000000000004d2e      0x256 ./output/main.o
 .debug_macro   0x0000000000004f84      0x247 ./output/main_blinky.o
 .debug_macro   0x00000000000051cb       0x8d ./output/main_blinky.o
 .debug_macro   0x0000000000005258      0x1b1 ./output/startup_gcc.o
 .debug_macro   0x0000000000005409       0x3e ./output/printf-stdarg.o
 .debug_macro   0x0000000000005447       0x58 ./output/printf-stdarg.o

.debug_line     0x0000000000000000     0x90f5
 .debug_line    0x0000000000000000     0x16d3 ./output/tasks.o
 .debug_line    0x00000000000016d3      0x39d ./output/list.o
 .debug_line    0x0000000000001a70     0x123d ./output/queue.o
 .debug_line    0x0000000000002cad      0x8a4 ./output/timers.o
 .debug_line    0x0000000000003551      0x585 ./output/heap_4.o
 .debug_line    0x0000000000003ad6      0x3cf ./output/port.o
 .debug_line    0x0000000000003ea5      0x872 ./output/IntQueue.o
 .debug_line    0x0000000000004717      0x34f ./output/IntQueueTimer.o
 .debug_line    0x0000000000004a66      0x50e ./output/main.o
 .debug_line    0x0000000000004f74      0x3e4 ./output/main_blinky.o
 .debug_line    0x0000000000005358      0x294 ./output/startup_gcc.o
 .debug_line    0x00000000000055ec      0x3e1 ./output/printf-stdarg.o
 .debug_line    0x00000000000059cd      0x427 /usr/lib/gcc/arm-none-eabi/9.2.1/../../../arm-none-eabi/lib/thumb/v7-m/nofp/libg_nano.a(lib_a-fflush.o)
 .debug_line    0x0000000000005df4      0x56b /usr/lib/gcc/arm-none-eabi/9.2.1/../../../arm-none-eabi/lib/thumb/v7-m/nofp/libg_nano.a(lib_a-findfp.o)
 .debug_line    0x000000000000635f      0x26d /usr/lib/gcc/arm-none-eabi/9.2.1/../../../arm-none-eabi/lib/thumb/v7-m/nofp/libg_nano.a(lib_a-fwalk.o)
 .debug_line    0x00000000000065cc       0xe3 /usr/lib/gcc/arm-none-eabi/9.2.1/../../../arm-none-eabi/lib/thumb/v7-m/nofp/libg_nano.a(lib_a-impure.o)
 .debug_line    0x00000000000066af       0xc1 /usr/lib/gcc/arm-none-eabi/9.2.1/../../../arm-none-eabi/lib/thumb/v7-m/nofp/libg_nano.a(lib_a-memcpy.o)
 .debug_line    0x0000000000006770      0x26b /usr/lib/gcc/arm-none-eabi/9.2.1/../../../arm-none-eabi/lib/thumb/v7-m/nofp/libg_nano.a(lib_a-memset.o)
 .debug_line    0x00000000000069db      0x29d /usr/lib/gcc/arm-none-eabi/9.2.1/../../../arm-none-eabi/lib/thumb/v7-m/nofp/libg_nano.a(lib_a-nano-freer.o)
 .debug_line    0x0000000000006c78      0x2f0 /usr/lib/gcc/arm-none-eabi/9.2.1/../../../arm-none-eabi/lib/thumb/v7-m/nofp/libg_nano.a(lib_a-nano-mallocr.o)
 .debug_line    0x0000000000006f68      0x182 /usr/lib/gcc/arm-none-eabi/9.2.1/../../../arm-none-eabi/lib/thumb/v7-m/nofp/libg_nano.a(lib_a-sbrkr.o)
 .debug_line    0x00000000000070ea      0x260 /usr/lib/gcc/arm-none-eabi/9.2.1/../../../arm-none-eabi/lib/thumb/v7-m/nofp/libg_nano.a(lib_a-stdio.o)
 .debug_line    0x000000000000734a      0x14e /usr/lib/gcc/arm-none-eabi/9.2.1/../../../arm-none-eabi/lib/thumb/v7-m/nofp/libg_nano.a(lib_a-strlen-stub.o)
 .debug_line    0x0000000000007498      0x187 /usr/lib/gcc/arm-none-eabi/9.2.1/../../../arm-none-eabi/lib/thumb/v7-m/nofp/libg_nano.a(lib_a-writer.o)
 .debug_line    0x000000000000761f      0x182 /usr/lib/gcc/arm-none-eabi/9.2.1/../../../arm-none-eabi/lib/thumb/v7-m/nofp/libg_nano.a(lib_a-closer.o)
 .debug_line    0x00000000000077a1      0x187 /usr/lib/gcc/arm-none-eabi/9.2.1/../../../arm-none-eabi/lib/thumb/v7-m/nofp/libg_nano.a(lib_a-lseekr.o)
 .debug_line    0x0000000000007928      0x13d /usr/lib/gcc/arm-none-eabi/9.2.1/../../../arm-none-eabi/lib/thumb/v7-m/nofp/libg_nano.a(lib_a-mlock.o)
 .debug_line    0x0000000000007a65      0x186 /usr/lib/gcc/arm-none-eabi/9.2.1/../../../arm-none-eabi/lib/thumb/v7-m/nofp/libg_nano.a(lib_a-readr.o)
 .debug_line    0x0000000000007beb      0x275 /usr/lib/gcc/arm-none-eabi/9.2.1/../../../arm-none-eabi/lib/thumb/v7-m/nofp/libg_nano.a(lib_a-reent.o)
 .debug_line    0x0000000000007e60     0x118d /usr/lib/gcc/arm-none-eabi/9.2.1/../../../arm-none-eabi/lib/thumb/v7-m/nofp/librdimon_nano.a(rdimon-syscalls.o)
 .debug_line    0x0000000000008fed      0x108 /usr/lib/gcc/arm-none-eabi/9.2.1/../../../arm-none-eabi/lib/thumb/v7-m/nofp/libc_nano.a(lib_a-errno.o)

.debug_str      0x0000000000000000    0x1dfc5
 .debug_str     0x0000000000000000     0xd12e ./output/tasks.o
                                       0xd4fa (size before relaxing)
 .debug_str     0x000000000000d12e       0xaa ./output/list.o
                                       0xa3e4 (size before relaxing)
 .debug_str     0x000000000000d1d8     0x1174 ./output/queue.o
                                       0xc8c2 (size before relaxing)
 .debug_str     0x000000000000e34c      0x619 ./output/timers.o
                                       0xcd7a (size before relaxing)
 .debug_str     0x000000000000e965      0x343 ./output/heap_4.o
                                       0xb7db (size before relaxing)
 .debug_str     0x000000000000eca8      0x709 ./output/port.o
                                       0x8d37 (size before relaxing)
 .debug_str     0x000000000000f3b1      0xb14 ./output/IntQueue.o
                                       0xc779 (size before relaxing)
 .debug_str     0x000000000000fec5     0xb4bd ./output/IntQueueTimer.o
                                      0x1213d (size before relaxing)
 .debug_str     0x000000000001b382     0x1479 ./output/main.o
                                       0xc96c (size before relaxing)
 .debug_str     0x000000000001c7fb      0x211 ./output/main_blinky.o
                                       0xd671 (size before relaxing)
 .debug_str     0x000000000001ca0c      0x134 ./output/startup_gcc.o
                                       0x7b54 (size before relaxing)
 .debug_str     0x000000000001cb40      0x1dc ./output/printf-stdarg.o
                                       0x3038 (size before relaxing)
 .debug_str     0x000000000001cd1c      0x327 /usr/lib/gcc/arm-none-eabi/9.2.1/../../../arm-none-eabi/lib/thumb/v7-m/nofp/libg_nano.a(lib_a-fflush.o)
                                        0x78c (size before relaxing)
 .debug_str     0x000000000001d043      0x175 /usr/lib/gcc/arm-none-eabi/9.2.1/../../../arm-none-eabi/lib/thumb/v7-m/nofp/libg_nano.a(lib_a-findfp.o)
                                        0x89c (size before relaxing)
 .debug_str     0x000000000001d1b8       0x41 /usr/lib/gcc/arm-none-eabi/9.2.1/../../../arm-none-eabi/lib/thumb/v7-m/nofp/libg_nano.a(lib_a-fwalk.o)
                                        0x750 (size before relaxing)
 .debug_str     0x000000000001d1f9       0x9c /usr/lib/gcc/arm-none-eabi/9.2.1/../../../arm-none-eabi/lib/thumb/v7-m/nofp/libg_nano.a(lib_a-impure.o)
                                        0x5da (size before relaxing)
 .debug_str     0x000000000001d295       0xb2 /usr/lib/gcc/arm-none-eabi/9.2.1/../../../arm-none-eabi/lib/thumb/v7-m/nofp/libg_nano.a(lib_a-memcpy.o)
 .debug_str     0x000000000001d347      0x309 /usr/lib/gcc/arm-none-eabi/9.2.1/../../../arm-none-eabi/lib/thumb/v7-m/nofp/libg_nano.a(lib_a-memset.o)
                                        0x907 (size before relaxing)
 .debug_str     0x000000000001d650      0x17e /usr/lib/gcc/arm-none-eabi/9.2.1/../../../arm-none-eabi/lib/thumb/v7-m/nofp/libg_nano.a(lib_a-nano-freer.o)
                                        0x70a (size before relaxing)
 .debug_str     0x000000000001d7ce       0x32 /usr/lib/gcc/arm-none-eabi/9.2.1/../../../arm-none-eabi/lib/thumb/v7-m/nofp/libg_nano.a(lib_a-nano-mallocr.o)
                                        0x721 (size before relaxing)
 .debug_str     0x000000000001d800       0x3d /usr/lib/gcc/arm-none-eabi/9.2.1/../../../arm-none-eabi/lib/thumb/v7-m/nofp/libg_nano.a(lib_a-sbrkr.o)
                                        0x61d (size before relaxing)
 .debug_str     0x000000000001d83d       0x92 /usr/lib/gcc/arm-none-eabi/9.2.1/../../../arm-none-eabi/lib/thumb/v7-m/nofp/libg_nano.a(lib_a-stdio.o)
                                        0x7a4 (size before relaxing)
 .debug_str     0x000000000001d8cf       0x48 /usr/lib/gcc/arm-none-eabi/9.2.1/../../../arm-none-eabi/lib/thumb/v7-m/nofp/libg_nano.a(lib_a-strlen-stub.o)
                                        0x5f0 (size before relaxing)
 .debug_str     0x000000000001d917       0x33 /usr/lib/gcc/arm-none-eabi/9.2.1/../../../arm-none-eabi/lib/thumb/v7-m/nofp/libg_nano.a(lib_a-writer.o)
                                        0x61a (size before relaxing)
 .debug_str     0x000000000001d94a       0x33 /usr/lib/gcc/arm-none-eabi/9.2.1/../../../arm-none-eabi/lib/thumb/v7-m/nofp/libg_nano.a(lib_a-closer.o)
                                        0x60a (size before relaxing)
 .debug_str     0x000000000001d97d       0x3a /usr/lib/gcc/arm-none-eabi/9.2.1/../../../arm-none-eabi/lib/thumb/v7-m/nofp/libg_nano.a(lib_a-lseekr.o)
                                        0x618 (size before relaxing)
 .debug_str     0x000000000001d9b7       0x4c /usr/lib/gcc/arm-none-eabi/9.2.1/../../../arm-none-eabi/lib/thumb/v7-m/nofp/libg_nano.a(lib_a-mlock.o)
                                        0x606 (size before relaxing)
 .debug_str     0x000000000001da03       0x32 /usr/lib/gcc/arm-none-eabi/9.2.1/../../../arm-none-eabi/lib/thumb/v7-m/nofp/libg_nano.a(lib_a-readr.o)
                                        0x618 (size before relaxing)
 .debug_str     0x000000000001da35       0x5e /usr/lib/gcc/arm-none-eabi/9.2.1/../../../arm-none-eabi/lib/thumb/v7-m/nofp/libg_nano.a(lib_a-reent.o)
                                        0x616 (size before relaxing)
 .debug_str     0x000000000001da93      0x4a3 /usr/lib/gcc/arm-none-eabi/9.2.1/../../../arm-none-eabi/lib/thumb/v7-m/nofp/librdimon_nano.a(rdimon-syscalls.o)
                                        0xaa4 (size before relaxing)
 .debug_str     0x000000000001df36       0x8f /usr/lib/gcc/arm-none-eabi/9.2.1/../../../arm-none-eabi/lib/thumb/v7-m/nofp/libc_nano.a(lib_a-errno.o)
                                        0x5ec (size before relaxing)

.comment        0x0000000000000000       0xa7
 .comment       0x0000000000000000       0x59 ./output/tasks.o
                                         0x5a (size before relaxing)
 .comment       0x0000000000000059       0x5a ./output/list.o
 .comment       0x0000000000000059       0x5a ./output/queue.o
 .comment       0x0000000000000059       0x5a ./output/timers.o
 .comment       0x0000000000000059       0x5a ./output/heap_4.o
 .comment       0x0000000000000059       0x5a ./output/port.o
 .comment       0x0000000000000059       0x5a ./output/IntQueue.o
 .comment       0x0000000000000059       0x5a ./output/IntQueueTimer.o
 .comment       0x0000000000000059       0x5a ./output/main.o
 .comment       0x0000000000000059       0x5a ./output/main_blinky.o
 .comment       0x0000000000000059       0x5a ./output/startup_gcc.o
 .comment       0x0000000000000059       0x5a ./output/printf-stdarg.o
 .comment       0x0000000000000059       0x4e /usr/lib/gcc/arm-none-eabi/9.2.1/../../../arm-none-eabi/lib/thumb/v7-m/nofp/libg_nano.a(lib_a-fflush.o)
                                         0x4f (size before relaxing)
 .comment       0x00000000000000a7       0x4f /usr/lib/gcc/arm-none-eabi/9.2.1/../../../arm-none-eabi/lib/thumb/v7-m/nofp/libg_nano.a(lib_a-findfp.o)
 .comment       0x00000000000000a7       0x4f /usr/lib/gcc/arm-none-eabi/9.2.1/../../../arm-none-eabi/lib/thumb/v7-m/nofp/libg_nano.a(lib_a-fwalk.o)
 .comment       0x00000000000000a7       0x4f /usr/lib/gcc/arm-none-eabi/9.2.1/../../../arm-none-eabi/lib/thumb/v7-m/nofp/libg_nano.a(lib_a-impure.o)
 .comment       0x00000000000000a7       0x4f /usr/lib/gcc/arm-none-eabi/9.2.1/../../../arm-none-eabi/lib/thumb/v7-m/nofp/libg_nano.a(lib_a-memset.o)
 .comment       0x00000000000000a7       0x4f /usr/lib/gcc/arm-none-eabi/9.2.1/../../../arm-none-eabi/lib/thumb/v7-m/nofp/libg_nano.a(lib_a-nano-freer.o)
 .comment       0x00000000000000a7       0x4f /usr/lib/gcc/arm-none-eabi/9.2.1/../../../arm-none-eabi/lib/thumb/v7-m/nofp/libg_nano.a(lib_a-nano-mallocr.o)
 .comment       0x00000000000000a7       0x4f /usr/lib/gcc/arm-none-eabi/9.2.1/../../../arm-none-eabi/lib/thumb/v7-m/nofp/libg_nano.a(lib_a-sbrkr.o)
 .comment       0x00000000000000a7       0x4f /usr/lib/gcc/arm-none-eabi/9.2.1/../../../arm-none-eabi/lib/thumb/v7-m/nofp/libg_nano.a(lib_a-stdio.o)
 .comment       0x00000000000000a7       0x4f /usr/lib/gcc/arm-none-eabi/9.2.1/../../../arm-none-eabi/lib/thumb/v7-m/nofp/libg_nano.a(lib_a-strlen-stub.o)
 .comment       0x00000000000000a7       0x4f /usr/lib/gcc/arm-none-eabi/9.2.1/../../../arm-none-eabi/lib/thumb/v7-m/nofp/libg_nano.a(lib_a-writer.o)
 .comment       0x00000000000000a7       0x4f /usr/lib/gcc/arm-none-eabi/9.2.1/../../../arm-none-eabi/lib/thumb/v7-m/nofp/libg_nano.a(lib_a-closer.o)
 .comment       0x00000000000000a7       0x4f /usr/lib/gcc/arm-none-eabi/9.2.1/../../../arm-none-eabi/lib/thumb/v7-m/nofp/libg_nano.a(lib_a-lseekr.o)
 .comment       0x00000000000000a7       0x4f /usr/lib/gcc/arm-none-eabi/9.2.1/../../../arm-none-eabi/lib/thumb/v7-m/nofp/libg_nano.a(lib_a-mlock.o)
 .comment       0x00000000000000a7       0x4f /usr/lib/gcc/arm-none-eabi/9.2.1/../../../arm-none-eabi/lib/thumb/v7-m/nofp/libg_nano.a(lib_a-readr.o)
 .comment       0x00000000000000a7       0x4f /usr/lib/gcc/arm-none-eabi/9.2.1/../../../arm-none-eabi/lib/thumb/v7-m/nofp/libg_nano.a(lib_a-reent.o)
 .comment       0x00000000000000a7       0x4f /usr/lib/gcc/arm-none-eabi/9.2.1/../../../arm-none-eabi/lib/thumb/v7-m/nofp/librdimon_nano.a(rdimon-syscalls.o)
 .comment       0x00000000000000a7       0x4f /usr/lib/gcc/arm-none-eabi/9.2.1/../../../arm-none-eabi/lib/thumb/v7-m/nofp/libc_nano.a(lib_a-errno.o)

.ARM.attributes
                0x0000000000000000       0x2b
 .ARM.attributes
                0x0000000000000000       0x2d ./output/tasks.o
 .ARM.attributes
                0x000000000000002d       0x2d ./output/list.o
 .ARM.attributes
                0x000000000000005a       0x2d ./output/queue.o
 .ARM.attributes
                0x0000000000000087       0x2d ./output/timers.o
 .ARM.attributes
                0x00000000000000b4       0x2d ./output/heap_4.o
 .ARM.attributes
                0x00000000000000e1       0x2d ./output/port.o
 .ARM.attributes
                0x000000000000010e       0x2d ./output/IntQueue.o
 .ARM.attributes
                0x000000000000013b       0x2d ./output/IntQueueTimer.o
 .ARM.attributes
                0x0000000000000168       0x2d ./output/main.o
 .ARM.attributes
                0x0000000000000195       0x2d ./output/main_blinky.o
 .ARM.attributes
                0x00000000000001c2       0x2d ./output/startup_gcc.o
 .ARM.attributes
                0x00000000000001ef       0x2d ./output/printf-stdarg.o
 .ARM.attributes
                0x000000000000021c       0x2d /usr/lib/gcc/arm-none-eabi/9.2.1/../../../arm-none-eabi/lib/thumb/v7-m/nofp/libg_nano.a(lib_a-fflush.o)
 .ARM.attributes
                0x0000000000000249       0x2d /usr/lib/gcc/arm-none-eabi/9.2.1/../../../arm-none-eabi/lib/thumb/v7-m/nofp/libg_nano.a(lib_a-findfp.o)
 .ARM.attributes
                0x0000000000000276       0x2d /usr/lib/gcc/arm-none-eabi/9.2.1/../../../arm-none-eabi/lib/thumb/v7-m/nofp/libg_nano.a(lib_a-fwalk.o)
 .ARM.attributes
                0x00000000000002a3       0x2d /usr/lib/gcc/arm-none-eabi/9.2.1/../../../arm-none-eabi/lib/thumb/v7-m/nofp/libg_nano.a(lib_a-impure.o)
 .ARM.attributes
                0x00000000000002d0       0x1b /usr/lib/gcc/arm-none-eabi/9.2.1/../../../arm-none-eabi/lib/thumb/v7-m/nofp/libg_nano.a(lib_a-memcpy.o)
 .ARM.attributes
                0x00000000000002eb       0x2d /usr/lib/gcc/arm-none-eabi/9.2.1/../../../arm-none-eabi/lib/thumb/v7-m/nofp/libg_nano.a(lib_a-memset.o)
 .ARM.attributes
                0x0000000000000318       0x2d /usr/lib/gcc/arm-none-eabi/9.2.1/../../../arm-none-eabi/lib/thumb/v7-m/nofp/libg_nano.a(lib_a-nano-freer.o)
 .ARM.attributes
                0x0000000000000345       0x2d /usr/lib/gcc/arm-none-eabi/9.2.1/../../../arm-none-eabi/lib/thumb/v7-m/nofp/libg_nano.a(lib_a-nano-mallocr.o)
 .ARM.attributes
                0x0000000000000372       0x2d /usr/lib/gcc/arm-none-eabi/9.2.1/../../../arm-none-eabi/lib/thumb/v7-m/nofp/libg_nano.a(lib_a-sbrkr.o)
 .ARM.attributes
                0x000000000000039f       0x2d /usr/lib/gcc/arm-none-eabi/9.2.1/../../../arm-none-eabi/lib/thumb/v7-m/nofp/libg_nano.a(lib_a-stdio.o)
 .ARM.attributes
                0x00000000000003cc       0x2d /usr/lib/gcc/arm-none-eabi/9.2.1/../../../arm-none-eabi/lib/thumb/v7-m/nofp/libg_nano.a(lib_a-strlen-stub.o)
 .ARM.attributes
                0x00000000000003f9       0x2d /usr/lib/gcc/arm-none-eabi/9.2.1/../../../arm-none-eabi/lib/thumb/v7-m/nofp/libg_nano.a(lib_a-writer.o)
 .ARM.attributes
                0x0000000000000426       0x2d /usr/lib/gcc/arm-none-eabi/9.2.1/../../../arm-none-eabi/lib/thumb/v7-m/nofp/libg_nano.a(lib_a-closer.o)
 .ARM.attributes
                0x0000000000000453       0x2d /usr/lib/gcc/arm-none-eabi/9.2.1/../../../arm-none-eabi/lib/thumb/v7-m/nofp/libg_nano.a(lib_a-lseekr.o)
 .ARM.attributes
                0x0000000000000480       0x2d /usr/lib/gcc/arm-none-eabi/9.2.1/../../../arm-none-eabi/lib/thumb/v7-m/nofp/libg_nano.a(lib_a-mlock.o)
 .ARM.attributes
                0x00000000000004ad       0x2d /usr/lib/gcc/arm-none-eabi/9.2.1/../../../arm-none-eabi/lib/thumb/v7-m/nofp/libg_nano.a(lib_a-readr.o)
 .ARM.attributes
                0x00000000000004da       0x2d /usr/lib/gcc/arm-none-eabi/9.2.1/../../../arm-none-eabi/lib/thumb/v7-m/nofp/libg_nano.a(lib_a-reent.o)
 .ARM.attributes
                0x0000000000000507       0x2d /usr/lib/gcc/arm-none-eabi/9.2.1/../../../arm-none-eabi/lib/thumb/v7-m/nofp/librdimon_nano.a(rdimon-syscalls.o)
 .ARM.attributes
                0x0000000000000534       0x2d /usr/lib/gcc/arm-none-eabi/9.2.1/../../../arm-none-eabi/lib/thumb/v7-m/nofp/libc_nano.a(lib_a-errno.o)

.debug_frame    0x0000000000000000     0x2590
 .debug_frame   0x0000000000000000      0x8ac ./output/tasks.o
 .debug_frame   0x00000000000008ac       0xd8 ./output/list.o
 .debug_frame   0x0000000000000984      0x63c ./output/queue.o
 .debug_frame   0x0000000000000fc0      0x398 ./output/timers.o
 .debug_frame   0x0000000000001358      0x12c ./output/heap_4.o
 .debug_frame   0x0000000000001484      0x17c ./output/port.o
 .debug_frame   0x0000000000001600      0x1ac ./output/IntQueue.o
 .debug_frame   0x00000000000017ac       0xb4 ./output/IntQueueTimer.o
 .debug_frame   0x0000000000001860      0x1a8 ./output/main.o
 .debug_frame   0x0000000000001a08       0x94 ./output/main_blinky.o
 .debug_frame   0x0000000000001a9c       0x6c ./output/startup_gcc.o
 .debug_frame   0x0000000000001b08      0x194 ./output/printf-stdarg.o
 .debug_frame   0x0000000000001c9c       0x70 /usr/lib/gcc/arm-none-eabi/9.2.1/../../../arm-none-eabi/lib/thumb/v7-m/nofp/libg_nano.a(lib_a-fflush.o)
 .debug_frame   0x0000000000001d0c      0x120 /usr/lib/gcc/arm-none-eabi/9.2.1/../../../arm-none-eabi/lib/thumb/v7-m/nofp/libg_nano.a(lib_a-findfp.o)
 .debug_frame   0x0000000000001e2c       0x54 /usr/lib/gcc/arm-none-eabi/9.2.1/../../../arm-none-eabi/lib/thumb/v7-m/nofp/libg_nano.a(lib_a-fwalk.o)
 .debug_frame   0x0000000000001e80       0x38 /usr/lib/gcc/arm-none-eabi/9.2.1/../../../arm-none-eabi/lib/thumb/v7-m/nofp/libg_nano.a(lib_a-memset.o)
 .debug_frame   0x0000000000001eb8       0x58 /usr/lib/gcc/arm-none-eabi/9.2.1/../../../arm-none-eabi/lib/thumb/v7-m/nofp/libg_nano.a(lib_a-nano-freer.o)
 .debug_frame   0x0000000000001f10       0x30 /usr/lib/gcc/arm-none-eabi/9.2.1/../../../arm-none-eabi/lib/thumb/v7-m/nofp/libg_nano.a(lib_a-nano-mallocr.o)
 .debug_frame   0x0000000000001f40       0x2c /usr/lib/gcc/arm-none-eabi/9.2.1/../../../arm-none-eabi/lib/thumb/v7-m/nofp/libg_nano.a(lib_a-sbrkr.o)
 .debug_frame   0x0000000000001f6c       0x8c /usr/lib/gcc/arm-none-eabi/9.2.1/../../../arm-none-eabi/lib/thumb/v7-m/nofp/libg_nano.a(lib_a-stdio.o)
 .debug_frame   0x0000000000001ff8       0x20 /usr/lib/gcc/arm-none-eabi/9.2.1/../../../arm-none-eabi/lib/thumb/v7-m/nofp/libg_nano.a(lib_a-strlen-stub.o)
 .debug_frame   0x0000000000002018       0x30 /usr/lib/gcc/arm-none-eabi/9.2.1/../../../arm-none-eabi/lib/thumb/v7-m/nofp/libg_nano.a(lib_a-writer.o)
 .debug_frame   0x0000000000002048       0x2c /usr/lib/gcc/arm-none-eabi/9.2.1/../../../arm-none-eabi/lib/thumb/v7-m/nofp/libg_nano.a(lib_a-closer.o)
 .debug_frame   0x0000000000002074       0x30 /usr/lib/gcc/arm-none-eabi/9.2.1/../../../arm-none-eabi/lib/thumb/v7-m/nofp/libg_nano.a(lib_a-lseekr.o)
 .debug_frame   0x00000000000020a4       0x30 /usr/lib/gcc/arm-none-eabi/9.2.1/../../../arm-none-eabi/lib/thumb/v7-m/nofp/libg_nano.a(lib_a-mlock.o)
 .debug_frame   0x00000000000020d4       0x30 /usr/lib/gcc/arm-none-eabi/9.2.1/../../../arm-none-eabi/lib/thumb/v7-m/nofp/libg_nano.a(lib_a-readr.o)
 .debug_frame   0x0000000000002104       0x6c /usr/lib/gcc/arm-none-eabi/9.2.1/../../../arm-none-eabi/lib/thumb/v7-m/nofp/libg_nano.a(lib_a-reent.o)
 .debug_frame   0x0000000000002170      0x400 /usr/lib/gcc/arm-none-eabi/9.2.1/../../../arm-none-eabi/lib/thumb/v7-m/nofp/librdimon_nano.a(rdimon-syscalls.o)
 .debug_frame   0x0000000000002570       0x20 /usr/lib/gcc/arm-none-eabi/9.2.1/../../../arm-none-eabi/lib/thumb/v7-m/nofp/libc_nano.a(lib_a-errno.o)

.debug_loc      0x0000000000000000     0x3822
 .debug_loc     0x0000000000000000      0x41c /usr/lib/gcc/arm-none-eabi/9.2.1/../../../arm-none-eabi/lib/thumb/v7-m/nofp/libg_nano.a(lib_a-fflush.o)
 .debug_loc     0x000000000000041c      0x339 /usr/lib/gcc/arm-none-eabi/9.2.1/../../../arm-none-eabi/lib/thumb/v7-m/nofp/libg_nano.a(lib_a-findfp.o)
 .debug_loc     0x0000000000000755      0x235 /usr/lib/gcc/arm-none-eabi/9.2.1/../../../arm-none-eabi/lib/thumb/v7-m/nofp/libg_nano.a(lib_a-fwalk.o)
 .debug_loc     0x000000000000098a      0x231 /usr/lib/gcc/arm-none-eabi/9.2.1/../../../arm-none-eabi/lib/thumb/v7-m/nofp/libg_nano.a(lib_a-memset.o)
 .debug_loc     0x0000000000000bbb      0x1f7 /usr/lib/gcc/arm-none-eabi/9.2.1/../../../arm-none-eabi/lib/thumb/v7-m/nofp/libg_nano.a(lib_a-nano-freer.o)
 .debug_loc     0x0000000000000db2      0x424 /usr/lib/gcc/arm-none-eabi/9.2.1/../../../arm-none-eabi/lib/thumb/v7-m/nofp/libg_nano.a(lib_a-nano-mallocr.o)
 .debug_loc     0x00000000000011d6       0x6c /usr/lib/gcc/arm-none-eabi/9.2.1/../../../arm-none-eabi/lib/thumb/v7-m/nofp/libg_nano.a(lib_a-sbrkr.o)
 .debug_loc     0x0000000000001242      0x3a0 /usr/lib/gcc/arm-none-eabi/9.2.1/../../../arm-none-eabi/lib/thumb/v7-m/nofp/libg_nano.a(lib_a-stdio.o)
 .debug_loc     0x00000000000015e2       0x25 /usr/lib/gcc/arm-none-eabi/9.2.1/../../../arm-none-eabi/lib/thumb/v7-m/nofp/libg_nano.a(lib_a-strlen-stub.o)
 .debug_loc     0x0000000000001607       0xd0 /usr/lib/gcc/arm-none-eabi/9.2.1/../../../arm-none-eabi/lib/thumb/v7-m/nofp/libg_nano.a(lib_a-writer.o)
 .debug_loc     0x00000000000016d7       0x6c /usr/lib/gcc/arm-none-eabi/9.2.1/../../../arm-none-eabi/lib/thumb/v7-m/nofp/libg_nano.a(lib_a-closer.o)
 .debug_loc     0x0000000000001743       0xd0 /usr/lib/gcc/arm-none-eabi/9.2.1/../../../arm-none-eabi/lib/thumb/v7-m/nofp/libg_nano.a(lib_a-lseekr.o)
 .debug_loc     0x0000000000001813       0xd0 /usr/lib/gcc/arm-none-eabi/9.2.1/../../../arm-none-eabi/lib/thumb/v7-m/nofp/libg_nano.a(lib_a-readr.o)
 .debug_loc     0x00000000000018e3      0x135 /usr/lib/gcc/arm-none-eabi/9.2.1/../../../arm-none-eabi/lib/thumb/v7-m/nofp/libg_nano.a(lib_a-reent.o)
 .debug_loc     0x0000000000001a18     0x1e0a /usr/lib/gcc/arm-none-eabi/9.2.1/../../../arm-none-eabi/lib/thumb/v7-m/nofp/librdimon_nano.a(rdimon-syscalls.o)
